Archive member included to satisfy reference by file (symbol)

c:/ac6/systemworkbench/plugins/fr.ac6.mcu.externaltools.arm-none.win32_1.7.0.201602121829/tools/compiler/bin/../lib/gcc/arm-none-eabi/5.2.1/../../../../arm-none-eabi/lib/armv7e-m/fpu\libm.a(lib_a-s_trunc.o)
                              Example/User/Src/main.o (trunc)
c:/ac6/systemworkbench/plugins/fr.ac6.mcu.externaltools.arm-none.win32_1.7.0.201602121829/tools/compiler/bin/../lib/gcc/arm-none-eabi/5.2.1/../../../../arm-none-eabi/lib/armv7e-m/fpu\libm.a(lib_a-w_pow.o)
                              Example/User/Src/main.o (pow)
c:/ac6/systemworkbench/plugins/fr.ac6.mcu.externaltools.arm-none.win32_1.7.0.201602121829/tools/compiler/bin/../lib/gcc/arm-none-eabi/5.2.1/../../../../arm-none-eabi/lib/armv7e-m/fpu\libm.a(lib_a-e_pow.o)
                              c:/ac6/systemworkbench/plugins/fr.ac6.mcu.externaltools.arm-none.win32_1.7.0.201602121829/tools/compiler/bin/../lib/gcc/arm-none-eabi/5.2.1/../../../../arm-none-eabi/lib/armv7e-m/fpu\libm.a(lib_a-w_pow.o) (__ieee754_pow)
c:/ac6/systemworkbench/plugins/fr.ac6.mcu.externaltools.arm-none.win32_1.7.0.201602121829/tools/compiler/bin/../lib/gcc/arm-none-eabi/5.2.1/../../../../arm-none-eabi/lib/armv7e-m/fpu\libm.a(lib_a-e_sqrt.o)
                              c:/ac6/systemworkbench/plugins/fr.ac6.mcu.externaltools.arm-none.win32_1.7.0.201602121829/tools/compiler/bin/../lib/gcc/arm-none-eabi/5.2.1/../../../../arm-none-eabi/lib/armv7e-m/fpu\libm.a(lib_a-e_pow.o) (__ieee754_sqrt)
c:/ac6/systemworkbench/plugins/fr.ac6.mcu.externaltools.arm-none.win32_1.7.0.201602121829/tools/compiler/bin/../lib/gcc/arm-none-eabi/5.2.1/../../../../arm-none-eabi/lib/armv7e-m/fpu\libm.a(lib_a-s_fabs.o)
                              c:/ac6/systemworkbench/plugins/fr.ac6.mcu.externaltools.arm-none.win32_1.7.0.201602121829/tools/compiler/bin/../lib/gcc/arm-none-eabi/5.2.1/../../../../arm-none-eabi/lib/armv7e-m/fpu\libm.a(lib_a-e_pow.o) (fabs)
c:/ac6/systemworkbench/plugins/fr.ac6.mcu.externaltools.arm-none.win32_1.7.0.201602121829/tools/compiler/bin/../lib/gcc/arm-none-eabi/5.2.1/../../../../arm-none-eabi/lib/armv7e-m/fpu\libm.a(lib_a-s_finite.o)
                              c:/ac6/systemworkbench/plugins/fr.ac6.mcu.externaltools.arm-none.win32_1.7.0.201602121829/tools/compiler/bin/../lib/gcc/arm-none-eabi/5.2.1/../../../../arm-none-eabi/lib/armv7e-m/fpu\libm.a(lib_a-w_pow.o) (finite)
c:/ac6/systemworkbench/plugins/fr.ac6.mcu.externaltools.arm-none.win32_1.7.0.201602121829/tools/compiler/bin/../lib/gcc/arm-none-eabi/5.2.1/../../../../arm-none-eabi/lib/armv7e-m/fpu\libm.a(lib_a-s_fpclassify.o)
                              c:/ac6/systemworkbench/plugins/fr.ac6.mcu.externaltools.arm-none.win32_1.7.0.201602121829/tools/compiler/bin/../lib/gcc/arm-none-eabi/5.2.1/../../../../arm-none-eabi/lib/armv7e-m/fpu\libm.a(lib_a-w_pow.o) (__fpclassifyd)
c:/ac6/systemworkbench/plugins/fr.ac6.mcu.externaltools.arm-none.win32_1.7.0.201602121829/tools/compiler/bin/../lib/gcc/arm-none-eabi/5.2.1/../../../../arm-none-eabi/lib/armv7e-m/fpu\libm.a(lib_a-s_lib_ver.o)
                              c:/ac6/systemworkbench/plugins/fr.ac6.mcu.externaltools.arm-none.win32_1.7.0.201602121829/tools/compiler/bin/../lib/gcc/arm-none-eabi/5.2.1/../../../../arm-none-eabi/lib/armv7e-m/fpu\libm.a(lib_a-w_pow.o) (__fdlib_version)
c:/ac6/systemworkbench/plugins/fr.ac6.mcu.externaltools.arm-none.win32_1.7.0.201602121829/tools/compiler/bin/../lib/gcc/arm-none-eabi/5.2.1/../../../../arm-none-eabi/lib/armv7e-m/fpu\libm.a(lib_a-s_matherr.o)
                              c:/ac6/systemworkbench/plugins/fr.ac6.mcu.externaltools.arm-none.win32_1.7.0.201602121829/tools/compiler/bin/../lib/gcc/arm-none-eabi/5.2.1/../../../../arm-none-eabi/lib/armv7e-m/fpu\libm.a(lib_a-w_pow.o) (matherr)
c:/ac6/systemworkbench/plugins/fr.ac6.mcu.externaltools.arm-none.win32_1.7.0.201602121829/tools/compiler/bin/../lib/gcc/arm-none-eabi/5.2.1/../../../../arm-none-eabi/lib/armv7e-m/fpu\libm.a(lib_a-s_nan.o)
                              c:/ac6/systemworkbench/plugins/fr.ac6.mcu.externaltools.arm-none.win32_1.7.0.201602121829/tools/compiler/bin/../lib/gcc/arm-none-eabi/5.2.1/../../../../arm-none-eabi/lib/armv7e-m/fpu\libm.a(lib_a-e_pow.o) (nan)
c:/ac6/systemworkbench/plugins/fr.ac6.mcu.externaltools.arm-none.win32_1.7.0.201602121829/tools/compiler/bin/../lib/gcc/arm-none-eabi/5.2.1/../../../../arm-none-eabi/lib/armv7e-m/fpu\libm.a(lib_a-s_rint.o)
                              c:/ac6/systemworkbench/plugins/fr.ac6.mcu.externaltools.arm-none.win32_1.7.0.201602121829/tools/compiler/bin/../lib/gcc/arm-none-eabi/5.2.1/../../../../arm-none-eabi/lib/armv7e-m/fpu\libm.a(lib_a-w_pow.o) (rint)
c:/ac6/systemworkbench/plugins/fr.ac6.mcu.externaltools.arm-none.win32_1.7.0.201602121829/tools/compiler/bin/../lib/gcc/arm-none-eabi/5.2.1/../../../../arm-none-eabi/lib/armv7e-m/fpu\libm.a(lib_a-s_scalbn.o)
[...]
Memory Configuration

Name             Origin             Length             Attributes
FLASH            0x08000000         0x00080000         xr
RAM              0x20000000         0x00018000         xrw
*default*        0x00000000         0xffffffff

Linker script and memory map

LOAD c:/ac6/systemworkbench/plugins/fr.ac6.mcu.externaltools.arm-none.win32_1.7.0.201602121829/tools/compiler/bin/../lib/gcc/arm-none-eabi/5.2.1/armv7e-m/fpu/crti.o
LOAD c:/ac6/systemworkbench/plugins/fr.ac6.mcu.externaltools.arm-none.win32_1.7.0.201602121829/tools/compiler/bin/../lib/gcc/arm-none-eabi/5.2.1/armv7e-m/fpu/crtbegin.o
LOAD c:/ac6/systemworkbench/plugins/fr.ac6.mcu.externaltools.arm-none.win32_1.7.0.201602121829/tools/compiler/bin/../lib/gcc/arm-none-eabi/5.2.1/../../../../arm-none-eabi/lib/armv7e-m/fpu/crt0.o
LOAD c:/ac6/systemworkbench/plugins/fr.ac6.mcu.externaltools.arm-none.win32_1.7.0.201602121829/tools/compiler/bin/../lib/gcc/arm-none-eabi/5.2.1/../../../../arm-none-eabi/lib/armv7e-m/fpu\libm.a
LOAD Drivers/BSP/Components/HTS221_Driver.o
LOAD Drivers/BSP/Components/HTS221_Driver_HL.o
LOAD Drivers/BSP/Components/LIS3MDL_MAG_driver.o
LOAD Drivers/BSP/Components/LIS3MDL_MAG_driver_HL.o
LOAD Drivers/BSP/Components/LPS22HB_Driver.o
LOAD Drivers/BSP/Components/LPS22HB_Driver_HL.o
LOAD Drivers/BSP/Components/LPS25HB_Driver.o
LOAD Drivers/BSP/Components/LPS25HB_Driver_HL.o
LOAD Drivers/BSP/Components/LSM6DS0_ACC_GYRO_driver.o
LOAD Drivers/BSP/Components/LSM6DS0_ACC_GYRO_driver_HL.o
LOAD Drivers/BSP/Components/LSM6DS3_ACC_GYRO_driver.o
LOAD Drivers/BSP/Components/LSM6DS3_ACC_GYRO_driver_HL.o
LOAD Drivers/BSP/STM32F4xx-Nucleo/stm32f4xx_nucleo.o
LOAD Drivers/BSP/X_NUCLEO_IKS01A1/x_nucleo_iks01a1.o
LOAD Drivers/BSP/X_NUCLEO_IKS01A1/x_nucleo_iks01a1_accelero.o
LOAD Drivers/BSP/X_NUCLEO_IKS01A1/x_nucleo_iks01a1_gyro.o
LOAD Drivers/BSP/X_NUCLEO_IKS01A1/x_nucleo_iks01a1_humidity.o
LOAD Drivers/BSP/X_NUCLEO_IKS01A1/x_nucleo_iks01a1_magneto.o
LOAD Drivers/BSP/X_NUCLEO_IKS01A1/x_nucleo_iks01a1_pressure.o
LOAD Drivers/BSP/X_NUCLEO_IKS01A1/x_nucleo_iks01a1_temperature.o
LOAD Drivers/CMSIS/system_stm32f4xx.o
LOAD Drivers/STM32F4xx_HAL_Driver/stm32f4xx_hal.o
LOAD Drivers/STM32F4xx_HAL_Driver/stm32f4xx_hal_cortex.o
LOAD Drivers/STM32F4xx_HAL_Driver/stm32f4xx_hal_dma.o
LOAD Drivers/STM32F4xx_HAL_Driver/stm32f4xx_hal_dma_ex.o
LOAD Drivers/STM32F4xx_HAL_Driver/stm32f4xx_hal_flash.o
LOAD Drivers/STM32F4xx_HAL_Driver/stm32f4xx_hal_flash_ex.o
LOAD Drivers/STM32F4xx_HAL_Driver/stm32f4xx_hal_gpio.o
LOAD Drivers/STM32F4xx_HAL_Driver/stm32f4xx_hal_i2c.o
LOAD Drivers/STM32F4xx_HAL_Driver/stm32f4xx_hal_i2c_ex.o
LOAD Drivers/STM32F4xx_HAL_Driver/stm32f4xx_hal_rcc.o
LOAD Drivers/STM32F4xx_HAL_Driver/stm32f4xx_hal_rcc_ex.o
LOAD Drivers/STM32F4xx_HAL_Driver/stm32f4xx_hal_rtc.o
LOAD Drivers/STM32F4xx_HAL_Driver/stm32f4xx_hal_rtc_ex.o
LOAD Drivers/STM32F4xx_HAL_Driver/stm32f4xx_hal_tim.o
LOAD Drivers/STM32F4xx_HAL_Driver/stm32f4xx_hal_tim_ex.o
LOAD Drivers/STM32F4xx_HAL_Driver/stm32f4xx_hal_uart.o
LOAD Example/SW4STM32/startup_stm32f401xe.o
LOAD Example/User/Src/PrintUtility.o
LOAD Example/User/Src/SensorApplicationMain.o
LOAD Example/User/Src/SensorFusionMain.o
LOAD Example/User/Src/SensorReaderMain.o
LOAD Example/User/Src/UartInterface.o
LOAD Example/User/Src/com.o
LOAD Example/User/Src/cube_hal_f4.o
LOAD Example/User/Src/freertos.o
LOAD Example/User/Src/main.o
LOAD Example/User/Src/stm32f4xx_hal_msp.o
LOAD Example/User/Src/stm32f4xx_hal_timebase_TIM.o
LOAD Example/User/Src/stm32f4xx_it.o
LOAD Middlewares/Third_Party/FreeRTOS/Source/CMSIS_RTOS/cmsis_os.o
LOAD Middlewares/Third_Party/FreeRTOS/Source/croutine.o
LOAD Middlewares/Third_Party/FreeRTOS/Source/event_groups.o
LOAD Middlewares/Third_Party/FreeRTOS/Source/list.o
LOAD Middlewares/Third_Party/FreeRTOS/Source/queue.o
LOAD Middlewares/Third_Party/FreeRTOS/Source/tasks.o
LOAD Middlewares/Third_Party/FreeRTOS/Source/timers.o
LOAD Middlewares/Third_Party/FreeRTOS/Source/portable/GCC/ARM_CM4F/port.o
LOAD Middlewares/Third_Party/FreeRTOS/Source/portable/MemMang/heap_4.o
LOAD c:/ac6/systemworkbench/plugins/fr.ac6.mcu.externaltools.arm-none.win32_1.7.0.201602121829/tools/compiler/bin/../lib/gcc/arm-none-eabi/5.2.1/../../../../arm-none-eabi/lib/armv7e-m/fpu\libm.a
LOAD c:/ac6/systemworkbench/plugins/fr.ac6.mcu.externaltools.arm-none.win32_1.7.0.201602121829/tools/compiler/bin/../lib/gcc/arm-none-eabi/5.2.1/../../../../arm-none-eabi/lib/armv7e-m/fpu\libc_nano.a
START GROUP
LOAD c:/ac6/systemworkbench/plugins/fr.ac6.mcu.externaltools.arm-none.win32_1.7.0.201602121829/tools/compiler/bin/../lib/gcc/arm-none-eabi/5.2.1/armv7e-m/fpu\libgcc.a
LOAD c:/ac6/systemworkbench/plugins/fr.ac6.mcu.externaltools.arm-none.win32_1.7.0.201602121829/tools/compiler/bin/../lib/gcc/arm-none-eabi/5.2.1/../../../../arm-none-eabi/lib/armv7e-m/fpu\libc_nano.a
END GROUP
START GROUP
LOAD c:/ac6/systemworkbench/plugins/fr.ac6.mcu.externaltools.arm-none.win32_1.7.0.201602121829/tools/compiler/bin/../lib/gcc/arm-none-eabi/5.2.1/armv7e-m/fpu\libgcc.a
LOAD c:/ac6/systemworkbench/plugins/fr.ac6.mcu.externaltools.arm-none.win32_1.7.0.201602121829/tools/compiler/bin/../lib/gcc/arm-none-eabi/5.2.1/../../../../arm-none-eabi/lib/armv7e-m/fpu\libc_nano.a
LOAD c:/ac6/systemworkbench/plugins/fr.ac6.mcu.externaltools.arm-none.win32_1.7.0.201602121829/tools/compiler/bin/../lib/gcc/arm-none-eabi/5.2.1/../../../../arm-none-eabi/lib/armv7e-m/fpu\libnosys.a
END GROUP
START GROUP
LOAD c:/ac6/systemworkbench/plugins/fr.ac6.mcu.externaltools.arm-none.win32_1.7.0.201602121829/tools/compiler/bin/../lib/gcc/arm-none-eabi/5.2.1/armv7e-m/fpu\libgcc.a
LOAD c:/ac6/systemworkbench/plugins/fr.ac6.mcu.externaltools.arm-none.win32_1.7.0.201602121829/tools/compiler/bin/../lib/gcc/arm-none-eabi/5.2.1/../../../../arm-none-eabi/lib/armv7e-m/fpu\libc_nano.a
LOAD c:/ac6/systemworkbench/plugins/fr.ac6.mcu.externaltools.arm-none.win32_1.7.0.201602121829/tools/compiler/bin/../lib/gcc/arm-none-eabi/5.2.1/../../../../arm-none-eabi/lib/armv7e-m/fpu\libnosys.a
END GROUP
LOAD c:/ac6/systemworkbench/plugins/fr.ac6.mcu.externaltools.arm-none.win32_1.7.0.201602121829/tools/compiler/bin/../lib/gcc/arm-none-eabi/5.2.1/armv7e-m/fpu/crtend.o
LOAD c:/ac6/systemworkbench/plugins/fr.ac6.mcu.externaltools.arm-none.win32_1.7.0.201602121829/tools/compiler/bin/../lib/gcc/arm-none-eabi/5.2.1/armv7e-m/fpu/crtn.o
                0x20018000                _estack = 0x20018000
                0x00000200                _Min_Heap_Size = 0x200
                0x00000400                _Min_Stack_Size = 0x400

.isr_vector     0x08000000      0x194
                0x08000000                . = ALIGN (0x4)
 *(.isr_vector)
 .isr_vector    0x08000000      0x194 Example/SW4STM32/startup_stm32f401xe.o
                0x08000000                g_pfnVectors
                0x08000194                . = ALIGN (0x4)

.text           0x080001a0     0xbd44
                0x080001a0                . = ALIGN (0x4)
 *(.text)
 .text          0x080001a0       0xa4 c:/ac6/systemworkbench/plugins/fr.ac6.mcu.externaltools.arm-none.win32_1.7.0.201602121829/tools/compiler/bin/../lib/gcc/arm-none-eabi/5.2.1/armv7e-m/fpu/crtbegin.o
 .text          0x08000244       0x10 c:/ac6/systemworkbench/plugins/fr.ac6.mcu.externaltools.arm-none.win32_1.7.0.201602121829/tools/compiler/bin/../lib/gcc/arm-none-eabi/5.2.1/../../../../arm-none-eabi/lib/armv7e-m/fpu\libc_nano.a(lib_a-strlen.o)
                0x08000244                strlen
 *fill*         0x08000254        0xc 
 .text          0x08000260       0xa0 c:/ac6/systemworkbench/plugins/fr.ac6.mcu.externaltools.arm-none.win32_1.7.0.201602121829/tools/compiler/bin/../lib/gcc/arm-none-eabi/5.2.1/../../../../arm-none-eabi/lib/armv7e-m/fpu\libc_nano.a(lib_a-memchr.o)
                0x08000260                memchr
 .text          0x08000300      0x370 c:/ac6/systemworkbench/plugins/fr.ac6.mcu.externaltools.arm-none.win32_1.7.0.201602121829/tools/compiler/bin/../lib/gcc/arm-none-eabi/5.2.1/armv7e-m/fpu\libgcc.a(_arm_addsubdf3.o)
                0x08000300                __aeabi_drsub
                0x08000308                __aeabi_dsub
                0x08000308                __subdf3
                0x0800030c                __aeabi_dadd
                0x0800030c                __adddf3
                0x08000584                __floatunsidf
                0x08000584                __aeabi_ui2d
                0x080005a4                __floatsidf
                0x080005a4                __aeabi_i2d
                0x080005c8                __aeabi_f2d
                0x080005c8                __extendsfdf2
                0x08000604                __floatundidf
                0x08000604                __aeabi_ul2d
                0x08000614                __floatdidf
                0x08000614                __aeabi_l2d
 .text          0x08000670      0x424 c:/ac6/systemworkbench/plugins/fr.ac6.mcu.externaltools.arm-none.win32_1.7.0.201602121829/tools/compiler/bin/../lib/gcc/arm-none-eabi/5.2.1/armv7e-m/fpu\libgcc.a(_arm_muldivdf3.o)
                0x08000670                __aeabi_dmul
                0x08000670                __muldf3
                0x080008c4                __divdf3
                0x080008c4                __aeabi_ddiv
 .text          0x08000a94      0x110 c:/ac6/systemworkbench/plugins/fr.ac6.mcu.externaltools.arm-none.win32_1.7.0.201602121829/tools/compiler/bin/../lib/gcc/arm-none-eabi/5.2.1/armv7e-m/fpu\libgcc.a(_arm_cmpdf2.o)
                0x08000a94                __gtdf2
                0x08000a94                __gedf2
                0x08000a9c                __ltdf2
                0x08000a9c                __ledf2
                0x08000aa4                __nedf2
                0x08000aa4                __eqdf2
                0x08000aa4                __cmpdf2
                0x08000b20                __aeabi_cdrcmple
                0x08000b30                __aeabi_cdcmpeq
                0x08000b30                __aeabi_cdcmple
                0x08000b40                __aeabi_dcmpeq
                0x08000b54                __aeabi_dcmplt
                0x08000b68                __aeabi_dcmple
                0x08000b7c                __aeabi_dcmpge
                0x08000b90                __aeabi_dcmpgt
 .text          0x08000ba4       0x50 c:/ac6/systemworkbench/plugins/fr.ac6.mcu.externaltools.arm-none.win32_1.7.0.201602121829/tools/compiler/bin/../lib/gcc/arm-none-eabi/5.2.1/armv7e-m/fpu\libgcc.a(_arm_fixdfsi.o)
                0x08000ba4                __aeabi_d2iz
                0x08000ba4                __fixdfsi
 *(.text*)
 .text.HTS221_ReadReg
                0x08000bf4       0x40 Drivers/BSP/Components/HTS221_Driver.o
 .text.HTS221_WriteReg
                0x08000c34       0x40 Drivers/BSP/Components/HTS221_Driver.o
 .text.HTS221_Get_DeviceID
                0x08000c74       0x2c Drivers/BSP/Components/HTS221_Driver.o
                0x08000c74                HTS221_Get_DeviceID
 .text.HTS221_Get_Humidity
                0x08000ca0      0x154 Drivers/BSP/Components/HTS221_Driver.o
                0x08000ca0                HTS221_Get_Humidity
 .text.HTS221_Get_Temperature
                0x08000df4      0x14c Drivers/BSP/Components/HTS221_Driver.o
                0x08000df4                HTS221_Get_Temperature
 .text.HTS221_Activate
                0x08000f40       0x4c Drivers/BSP/Components/HTS221_Driver.o
                0x08000f40                HTS221_Activate
 .text.HTS221_DeActivate
                0x08000f8c       0x4c Drivers/BSP/Components/HTS221_Driver.o
                0x08000f8c                HTS221_DeActivate
 .text.HTS221_Set_BduMode
                0x08000fd8       0x7c Drivers/BSP/Components/HTS221_Driver.o
                0x08000fd8                HTS221_Set_BduMode
 .text.HTS221_Set_Odr
                0x08001054       0x80 Drivers/BSP/Components/HTS221_Driver.o
                0x08001054                HTS221_Set_Odr
 .text.HTS221_Get_Odr
                0x080010d4       0x3c Drivers/BSP/Components/HTS221_Driver.o
                0x080010d4                HTS221_Get_Odr
 .text.HTS221_assert_failed
                0x08001110       0x1c Drivers/BSP/Components/HTS221_Driver.o
                0x08001110                HTS221_assert_failed
 .text.HTS221_H_Init
                0x0800112c       0x44 Drivers/BSP/Components/HTS221_Driver_HL.o
 .text.HTS221_H_DeInit
                0x08001170       0x44 Drivers/BSP/Components/HTS221_Driver_HL.o
 .text.HTS221_H_Sensor_Enable
                0x080011b4       0x50 Drivers/BSP/Components/HTS221_Driver_HL.o
 .text.HTS221_H_Sensor_Disable
                0x08001204       0x50 Drivers/BSP/Components/HTS221_Driver_HL.o
 .text.HTS221_H_Get_WhoAmI
                0x08001254       0x1c Drivers/BSP/Components/HTS221_Driver_HL.o
 .text.HTS221_H_Check_WhoAmI
                0x08001270       0x18 Drivers/BSP/Components/HTS221_Driver_HL.o
 .text.HTS221_H_Get_Hum
                0x08001288       0x1c Drivers/BSP/Components/HTS221_Driver_HL.o
 .text.HTS221_H_Get_ODR
                0x080012a4       0x1c Drivers/BSP/Components/HTS221_Driver_HL.o
 .text.HTS221_H_Set_ODR
                0x080012c0       0x20 Drivers/BSP/Components/HTS221_Driver_HL.o
 .text.HTS221_H_Set_ODR_Value
                0x080012e0       0x20 Drivers/BSP/Components/HTS221_Driver_HL.o
 .text.HTS221_T_Init
                0x08001300       0x44 Drivers/BSP/Components/HTS221_Driver_HL.o
 .text.HTS221_T_DeInit
                0x08001344       0x44 Drivers/BSP/Components/HTS221_Driver_HL.o
 .text.HTS221_T_Sensor_Enable
                0x08001388       0x50 Drivers/BSP/Components/HTS221_Driver_HL.o
 .text.HTS221_T_Sensor_Disable
                0x080013d8       0x50 Drivers/BSP/Components/HTS221_Driver_HL.o
 .text.HTS221_T_Get_WhoAmI
                0x08001428       0x1c Drivers/BSP/Components/HTS221_Driver_HL.o
 .text.HTS221_T_Check_WhoAmI
                0x08001444       0x18 Drivers/BSP/Components/HTS221_Driver_HL.o
 .text.HTS221_T_Get_Temp
                0x0800145c       0x1c Drivers/BSP/Components/HTS221_Driver_HL.o
 .text.HTS221_T_Get_ODR
                0x08001478       0x1c Drivers/BSP/Components/HTS221_Driver_HL.o
 .text.HTS221_T_Set_ODR
                0x08001494       0x20 Drivers/BSP/Components/HTS221_Driver_HL.o
 .text.HTS221_T_Set_ODR_Value
                0x080014b4       0x20 Drivers/BSP/Components/HTS221_Driver_HL.o
 .text.HTS221_Init
                0x080014d4       0x58 Drivers/BSP/Components/HTS221_Driver_HL.o
 .text.HTS221_Sensor_Enable
                0x0800152c       0x24 Drivers/BSP/Components/HTS221_Driver_HL.o
 .text.HTS221_Sensor_Disable
                0x08001550       0x24 Drivers/BSP/Components/HTS221_Driver_HL.o
 .text.HTS221_Get_WhoAmI
                0x08001574       0x28 Drivers/BSP/Components/HTS221_Driver_HL.o
 .text.HTS221_Check_WhoAmI
                0x0800159c       0x3c Drivers/BSP/Components/HTS221_Driver_HL.o
 .text.HTS221_Get_Hum
                0x080015d8       0x48 Drivers/BSP/Components/HTS221_Driver_HL.o
 .text.HTS221_Get_Temp
                0x08001620       0x48 Drivers/BSP/Components/HTS221_Driver_HL.o
 .text.HTS221_Get_ODR
                0x08001668       0x80 Drivers/BSP/Components/HTS221_Driver_HL.o
 .text.HTS221_Set_ODR
                0x080016e8       0x6c Drivers/BSP/Components/HTS221_Driver_HL.o
 .text.HTS221_Set_ODR_Value
                0x08001754       0x5c Drivers/BSP/Components/HTS221_Driver_HL.o
 .text.LPS22HB_ReadReg
                0x080017b0       0x34 Drivers/BSP/Components/LPS22HB_Driver.o
 .text.LPS22HB_WriteReg
                0x080017e4       0x34 Drivers/BSP/Components/LPS22HB_Driver.o
 .text.LPS22HB_Get_DeviceID
                0x08001818       0x2c Drivers/BSP/Components/LPS22HB_Driver.o
                0x08001818                LPS22HB_Get_DeviceID
 .text.LPS22HB_Set_PowerMode
                0x08001844       0x5c Drivers/BSP/Components/LPS22HB_Driver.o
                0x08001844                LPS22HB_Set_PowerMode
 .text.LPS22HB_Set_Odr
                0x080018a0       0x5c Drivers/BSP/Components/LPS22HB_Driver.o
                0x080018a0                LPS22HB_Set_Odr
 .text.LPS22HB_Get_Odr
                0x080018fc       0x38 Drivers/BSP/Components/LPS22HB_Driver.o
                0x080018fc                LPS22HB_Get_Odr
 .text.LPS22HB_Set_LowPassFilter
                0x08001934       0x64 Drivers/BSP/Components/LPS22HB_Driver.o
                0x08001934                LPS22HB_Set_LowPassFilter
 .text.LPS22HB_Set_LowPassFilterCutoff
                0x08001998       0x5c Drivers/BSP/Components/LPS22HB_Driver.o
                0x08001998                LPS22HB_Set_LowPassFilterCutoff
 .text.LPS22HB_Set_Bdu
                0x080019f4       0x5c Drivers/BSP/Components/LPS22HB_Driver.o
                0x080019f4                LPS22HB_Set_Bdu
 .text.LPS22HB_Set_FifoModeUse
                0x08001a50       0x64 Drivers/BSP/Components/LPS22HB_Driver.o
                0x08001a50                LPS22HB_Set_FifoModeUse
 .text.LPS22HB_Set_FifoWatermarkLevelUse
                0x08001ab4       0x64 Drivers/BSP/Components/LPS22HB_Driver.o
                0x08001ab4                LPS22HB_Set_FifoWatermarkLevelUse
 .text.LPS22HB_Set_AutomaticIncrementRegAddress
                0x08001b18       0x64 Drivers/BSP/Components/LPS22HB_Driver.o
                0x08001b18                LPS22HB_Set_AutomaticIncrementRegAddress
 .text.LPS22HB_Set_FIFO_OVR_Interrupt
                0x08001b7c       0x64 Drivers/BSP/Components/LPS22HB_Driver.o
                0x08001b7c                LPS22HB_Set_FIFO_OVR_Interrupt
 .text.LPS22HB_Set_FIFO_FTH_Interrupt
                0x08001be0       0x64 Drivers/BSP/Components/LPS22HB_Driver.o
                0x08001be0                LPS22HB_Set_FIFO_FTH_Interrupt
 .text.LPS22HB_Set_FIFO_FULL_Interrupt
                0x08001c44       0x64 Drivers/BSP/Components/LPS22HB_Driver.o
                0x08001c44                LPS22HB_Set_FIFO_FULL_Interrupt
 .text.LPS22HB_Get_RawPressure
                0x08001ca8       0x78 Drivers/BSP/Components/LPS22HB_Driver.o
                0x08001ca8                LPS22HB_Get_RawPressure
 .text.LPS22HB_Get_Pressure
                0x08001d20       0x44 Drivers/BSP/Components/LPS22HB_Driver.o
                0x08001d20                LPS22HB_Get_Pressure
 .text.LPS22HB_Get_RawTemperature
                0x08001d64       0x44 Drivers/BSP/Components/LPS22HB_Driver.o
                0x08001d64                LPS22HB_Get_RawTemperature
 .text.LPS22HB_Get_Temperature
                0x08001da8       0x4c Drivers/BSP/Components/LPS22HB_Driver.o
                0x08001da8                LPS22HB_Get_Temperature
 .text.LPS22HB_Set_FifoMode
                0x08001df4       0x5c Drivers/BSP/Components/LPS22HB_Driver.o
                0x08001df4                LPS22HB_Set_FifoMode
 .text.LPS22HB_Get_FifoMode
                0x08001e50       0x3c Drivers/BSP/Components/LPS22HB_Driver.o
                0x08001e50                LPS22HB_Get_FifoMode
 .text.LPS22HB_Set_FifoWatermarkLevel
                0x08001e8c       0x5c Drivers/BSP/Components/LPS22HB_Driver.o
                0x08001e8c                LPS22HB_Set_FifoWatermarkLevel
 .text.LPS22HB_Get_FifoWatermarkLevel
                0x08001ee8       0x38 Drivers/BSP/Components/LPS22HB_Driver.o
                0x08001ee8                LPS22HB_Get_FifoWatermarkLevel
 .text.LPS22HB_Get_FifoStatus
                0x08001f20       0x80 Drivers/BSP/Components/LPS22HB_Driver.o
                0x08001f20                LPS22HB_Get_FifoStatus
 .text.LPS22HB_P_Init
                0x08001fa0       0x44 Drivers/BSP/Components/LPS22HB_Driver_HL.o
 .text.LPS22HB_P_DeInit
                0x08001fe4       0x40 Drivers/BSP/Components/LPS22HB_Driver_HL.o
 .text.LPS22HB_P_Sensor_Enable
                0x08002024       0x50 Drivers/BSP/Components/LPS22HB_Driver_HL.o
 .text.LPS22HB_P_Sensor_Disable
                0x08002074       0x50 Drivers/BSP/Components/LPS22HB_Driver_HL.o
 .text.LPS22HB_P_Get_WhoAmI
                0x080020c4       0x1c Drivers/BSP/Components/LPS22HB_Driver_HL.o
 .text.LPS22HB_P_Check_WhoAmI
                0x080020e0       0x18 Drivers/BSP/Components/LPS22HB_Driver_HL.o
 .text.LPS22HB_P_Get_Press
                0x080020f8       0x1c Drivers/BSP/Components/LPS22HB_Driver_HL.o
 .text.LPS22HB_P_Get_ODR
                0x08002114       0x1c Drivers/BSP/Components/LPS22HB_Driver_HL.o
 .text.LPS22HB_P_Set_ODR
                0x08002130       0x54 Drivers/BSP/Components/LPS22HB_Driver_HL.o
 .text.LPS22HB_P_Set_ODR_Value
                0x08002184       0x54 Drivers/BSP/Components/LPS22HB_Driver_HL.o
 .text.LPS22HB_T_Init
                0x080021d8       0x44 Drivers/BSP/Components/LPS22HB_Driver_HL.o
 .text.LPS22HB_T_DeInit
                0x0800221c       0x40 Drivers/BSP/Components/LPS22HB_Driver_HL.o
 .text.LPS22HB_T_Sensor_Enable
                0x0800225c       0x50 Drivers/BSP/Components/LPS22HB_Driver_HL.o
 .text.LPS22HB_T_Sensor_Disable
                0x080022ac       0x50 Drivers/BSP/Components/LPS22HB_Driver_HL.o
 .text.LPS22HB_T_Get_WhoAmI
                0x080022fc       0x1c Drivers/BSP/Components/LPS22HB_Driver_HL.o
 .text.LPS22HB_T_Check_WhoAmI
                0x08002318       0x18 Drivers/BSP/Components/LPS22HB_Driver_HL.o
 .text.LPS22HB_T_Get_Temp
                0x08002330       0x1c Drivers/BSP/Components/LPS22HB_Driver_HL.o
 .text.LPS22HB_T_Get_ODR
                0x0800234c       0x1c Drivers/BSP/Components/LPS22HB_Driver_HL.o
 .text.LPS22HB_T_Set_ODR
                0x08002368       0x54 Drivers/BSP/Components/LPS22HB_Driver_HL.o
 .text.LPS22HB_T_Set_ODR_Value
                0x080023bc       0x54 Drivers/BSP/Components/LPS22HB_Driver_HL.o
 .text.LPS22HB_Initialize
                0x08002410       0x9c Drivers/BSP/Components/LPS22HB_Driver_HL.o
 .text.LPS22HB_Get_WhoAmI
                0x080024ac       0x28 Drivers/BSP/Components/LPS22HB_Driver_HL.o
 .text.LPS22HB_Check_WhoAmI
                0x080024d4       0x3c Drivers/BSP/Components/LPS22HB_Driver_HL.o
 .text.LPS22HB_Get_Press
                0x08002510       0x4c Drivers/BSP/Components/LPS22HB_Driver_HL.o
 .text.LPS22HB_Get_Temp
                0x0800255c       0x48 Drivers/BSP/Components/LPS22HB_Driver_HL.o
 .text.LPS22HB_Get_ODR
                0x080025a4       0xa0 Drivers/BSP/Components/LPS22HB_Driver_HL.o
 .text.LPS22HB_Set_ODR_When_Enabled
                0x08002644       0x88 Drivers/BSP/Components/LPS22HB_Driver_HL.o
 .text.LPS22HB_Set_ODR_When_Disabled
                0x080026cc       0x7c Drivers/BSP/Components/LPS22HB_Driver_HL.o
 .text.LPS22HB_Set_ODR_Value_When_Enabled
                0x08002748       0xa4 Drivers/BSP/Components/LPS22HB_Driver_HL.o
 .text.LPS22HB_Set_ODR_Value_When_Disabled
                0x080027ec       0x8c Drivers/BSP/Components/LPS22HB_Driver_HL.o
 .text.LPS22HB_FIFO_Get_Empty_Status
                0x08002878       0x30 Drivers/BSP/Components/LPS22HB_Driver_HL.o
 .text.LPS22HB_FIFO_Get_Full_Status
                0x080028a8       0x30 Drivers/BSP/Components/LPS22HB_Driver_HL.o
 .text.LPS22HB_FIFO_Get_Ovr_Status
                0x080028d8       0x30 Drivers/BSP/Components/LPS22HB_Driver_HL.o
 .text.LPS22HB_FIFO_Get_Fth_Status
                0x08002908       0x30 Drivers/BSP/Components/LPS22HB_Driver_HL.o
 .text.LPS22HB_FIFO_Stop_On_Fth
                0x08002938       0x38 Drivers/BSP/Components/LPS22HB_Driver_HL.o
 .text.LPS22HB_FIFO_Usage
                0x08002970       0x38 Drivers/BSP/Components/LPS22HB_Driver_HL.o
 .text.LPS22HB_FIFO_Get_Num_Of_Samples
                0x080029a8       0x30 Drivers/BSP/Components/LPS22HB_Driver_HL.o
 .text.LPS22HB_FIFO_Get_Data
                0x080029d8       0x3c Drivers/BSP/Components/LPS22HB_Driver_HL.o
 .text.LPS22HB_FIFO_Get_Mode
                0x08002a14       0x30 Drivers/BSP/Components/LPS22HB_Driver_HL.o
 .text.LPS22HB_FIFO_Set_Mode
                0x08002a44       0x50 Drivers/BSP/Components/LPS22HB_Driver_HL.o
 .text.LPS22HB_FIFO_Get_Watermark_Level
                0x08002a94       0x28 Drivers/BSP/Components/LPS22HB_Driver_HL.o
 .text.LPS22HB_FIFO_Set_Watermark_Level
                0x08002abc       0x2c Drivers/BSP/Components/LPS22HB_Driver_HL.o
 .text.LPS22HB_FIFO_Watermark_Usage
                0x08002ae8       0x38 Drivers/BSP/Components/LPS22HB_Driver_HL.o
 .text.LPS22HB_FIFO_Set_Interrupt
                0x08002b20       0x68 Drivers/BSP/Components/LPS22HB_Driver_HL.o
 .text.LPS22HB_FIFO_Reset_Interrupt
                0x08002b88       0x68 Drivers/BSP/Components/LPS22HB_Driver_HL.o
 .text.LPS25HB_ReadReg
                0x08002bf0       0x40 Drivers/BSP/Components/LPS25HB_Driver.o
 .text.LPS25HB_WriteReg
                0x08002c30       0x40 Drivers/BSP/Components/LPS25HB_Driver.o
 .text.LPS25HB_Get_DeviceID
                0x08002c70       0x2c Drivers/BSP/Components/LPS25HB_Driver.o
                0x08002c70                LPS25HB_Get_DeviceID
 .text.LPS25HB_Set_Avg
                0x08002c9c       0xac Drivers/BSP/Components/LPS25HB_Driver.o
                0x08002c9c                LPS25HB_Set_Avg
 .text.LPS25HB_Activate
                0x08002d48       0x24 Drivers/BSP/Components/LPS25HB_Driver.o
                0x08002d48                LPS25HB_Activate
 .text.LPS25HB_DeActivate
                0x08002d6c       0x24 Drivers/BSP/Components/LPS25HB_Driver.o
                0x08002d6c                LPS25HB_DeActivate
 .text.LPS25HB_Set_Odr
                0x08002d90       0x88 Drivers/BSP/Components/LPS25HB_Driver.o
                0x08002d90                LPS25HB_Set_Odr
 .text.LPS25HB_Get_Odr
                0x08002e18       0x38 Drivers/BSP/Components/LPS25HB_Driver.o
                0x08002e18                LPS25HB_Get_Odr
 .text.LPS25HB_Set_PowerDownMode
                0x08002e50       0x7c Drivers/BSP/Components/LPS25HB_Driver.o
                0x08002e50                LPS25HB_Set_PowerDownMode
 .text.LPS25HB_Set_Bdu
                0x08002ecc       0x74 Drivers/BSP/Components/LPS25HB_Driver.o
                0x08002ecc                LPS25HB_Set_Bdu
 .text.LPS25HB_Set_InterruptCircuitEnable
                0x08002f40       0x7c Drivers/BSP/Components/LPS25HB_Driver.o
                0x08002f40                LPS25HB_Set_InterruptCircuitEnable
 .text.LPS25HB_Set_SpiInterface
                0x08002fbc       0x74 Drivers/BSP/Components/LPS25HB_Driver.o
                0x08002fbc                LPS25HB_Set_SpiInterface
 .text.LPS25HB_Get_RawPressure
                0x08003030       0x78 Drivers/BSP/Components/LPS25HB_Driver.o
                0x08003030                LPS25HB_Get_RawPressure
 .text.LPS25HB_Get_Pressure
                0x080030a8       0x44 Drivers/BSP/Components/LPS25HB_Driver.o
                0x080030a8                LPS25HB_Get_Pressure
 .text.LPS25HB_Get_RawTemperature
                0x080030ec       0x44 Drivers/BSP/Components/LPS25HB_Driver.o
                0x080030ec                LPS25HB_Get_RawTemperature
 .text.LPS25HB_Get_Temperature
                0x08003130       0x50 Drivers/BSP/Components/LPS25HB_Driver.o
                0x08003130                LPS25HB_Get_Temperature
 .text.LPS25HB_assert_failed
                0x08003180       0x1c Drivers/BSP/Components/LPS25HB_Driver.o
                0x08003180                LPS25HB_assert_failed
 .text.LPS25HB_P_Init
                0x0800319c       0x44 Drivers/BSP/Components/LPS25HB_Driver_HL.o
 .text.LPS25HB_P_DeInit
                0x080031e0       0x44 Drivers/BSP/Components/LPS25HB_Driver_HL.o
 .text.LPS25HB_P_Sensor_Enable
                0x08003224       0x50 Drivers/BSP/Components/LPS25HB_Driver_HL.o
 .text.LPS25HB_P_Sensor_Disable
                0x08003274       0x50 Drivers/BSP/Components/LPS25HB_Driver_HL.o
 .text.LPS25HB_P_Get_WhoAmI
                0x080032c4       0x1c Drivers/BSP/Components/LPS25HB_Driver_HL.o
 .text.LPS25HB_P_Check_WhoAmI
                0x080032e0       0x18 Drivers/BSP/Components/LPS25HB_Driver_HL.o
 .text.LPS25HB_P_Get_Press
                0x080032f8       0x1c Drivers/BSP/Components/LPS25HB_Driver_HL.o
 .text.LPS25HB_P_Get_ODR
                0x08003314       0x1c Drivers/BSP/Components/LPS25HB_Driver_HL.o
 .text.LPS25HB_P_Set_ODR
                0x08003330       0x20 Drivers/BSP/Components/LPS25HB_Driver_HL.o
 .text.LPS25HB_P_Set_ODR_Value
                0x08003350       0x20 Drivers/BSP/Components/LPS25HB_Driver_HL.o
 .text.LPS25HB_T_Init
                0x08003370       0x44 Drivers/BSP/Components/LPS25HB_Driver_HL.o
 .text.LPS25HB_T_DeInit
                0x080033b4       0x44 Drivers/BSP/Components/LPS25HB_Driver_HL.o
 .text.LPS25HB_T_Sensor_Enable
                0x080033f8       0x50 Drivers/BSP/Components/LPS25HB_Driver_HL.o
 .text.LPS25HB_T_Sensor_Disable
                0x08003448       0x50 Drivers/BSP/Components/LPS25HB_Driver_HL.o
 .text.LPS25HB_T_Get_WhoAmI
                0x08003498       0x1c Drivers/BSP/Components/LPS25HB_Driver_HL.o
 .text.LPS25HB_T_Check_WhoAmI
                0x080034b4       0x18 Drivers/BSP/Components/LPS25HB_Driver_HL.o
 .text.LPS25HB_T_Get_Temp
                0x080034cc       0x1c Drivers/BSP/Components/LPS25HB_Driver_HL.o
 .text.LPS25HB_T_Get_ODR
                0x080034e8       0x1c Drivers/BSP/Components/LPS25HB_Driver_HL.o
 .text.LPS25HB_T_Set_ODR
                0x08003504       0x20 Drivers/BSP/Components/LPS25HB_Driver_HL.o
 .text.LPS25HB_T_Set_ODR_Value
                0x08003524       0x20 Drivers/BSP/Components/LPS25HB_Driver_HL.o
 .text.LPS25HB_Init
                0x08003544       0x90 Drivers/BSP/Components/LPS25HB_Driver_HL.o
 .text.LPS25HB_Sensor_Enable
                0x080035d4       0x24 Drivers/BSP/Components/LPS25HB_Driver_HL.o
 .text.LPS25HB_Sensor_Disable
                0x080035f8       0x24 Drivers/BSP/Components/LPS25HB_Driver_HL.o
 .text.LPS25HB_Get_WhoAmI
                0x0800361c       0x28 Drivers/BSP/Components/LPS25HB_Driver_HL.o
 .text.LPS25HB_Check_WhoAmI
                0x08003644       0x3c Drivers/BSP/Components/LPS25HB_Driver_HL.o
 .text.LPS25HB_Get_Press
                0x08003680       0x4c Drivers/BSP/Components/LPS25HB_Driver_HL.o
 .text.LPS25HB_Get_Temp
                0x080036cc       0x48 Drivers/BSP/Components/LPS25HB_Driver_HL.o
 .text.LPS25HB_Get_ODR
                0x08003714       0x90 Drivers/BSP/Components/LPS25HB_Driver_HL.o
 .text.LPS25HB_Set_ODR
                0x080037a4       0x6c Drivers/BSP/Components/LPS25HB_Driver_HL.o
 .text.LPS25HB_Set_ODR_Value
                0x08003810       0x70 Drivers/BSP/Components/LPS25HB_Driver_HL.o
 .text.BSP_PB_GetState
                0x08003880       0x2c Drivers/BSP/STM32F4xx-Nucleo/stm32f4xx_nucleo.o
                0x08003880                BSP_PB_GetState
 .text.Sensor_IO_Init
                0x080038ac       0x18 Drivers/BSP/X_NUCLEO_IKS01A1/x_nucleo_iks01a1.o
                0x080038ac                Sensor_IO_Init
 .text.LPS22HB_Sensor_IO_ITConfig
                0x080038c4       0x64 Drivers/BSP/X_NUCLEO_IKS01A1/x_nucleo_iks01a1.o
                0x080038c4                LPS22HB_Sensor_IO_ITConfig
 .text.Sensor_IO_Write
                0x08003928       0x3c Drivers/BSP/X_NUCLEO_IKS01A1/x_nucleo_iks01a1.o
                0x08003928                Sensor_IO_Write
 .text.Sensor_IO_Read
                0x08003964       0x3c Drivers/BSP/X_NUCLEO_IKS01A1/x_nucleo_iks01a1.o
                0x08003964                Sensor_IO_Read
 .text.I2C_EXPBD_Init
                0x080039a0       0x5c Drivers/BSP/X_NUCLEO_IKS01A1/x_nucleo_iks01a1.o
 .text.I2C_EXPBD_WriteData
                0x080039fc       0x60 Drivers/BSP/X_NUCLEO_IKS01A1/x_nucleo_iks01a1.o
 .text.I2C_EXPBD_ReadData
                0x08003a5c       0x60 Drivers/BSP/X_NUCLEO_IKS01A1/x_nucleo_iks01a1.o
 .text.I2C_EXPBD_Error
                0x08003abc       0x20 Drivers/BSP/X_NUCLEO_IKS01A1/x_nucleo_iks01a1.o
 .text.I2C_EXPBD_MspInit
                0x08003adc       0xa8 Drivers/BSP/X_NUCLEO_IKS01A1/x_nucleo_iks01a1.o
 .text.BSP_HUMIDITY_Init
                0x08003b84       0x4c Drivers/BSP/X_NUCLEO_IKS01A1/x_nucleo_iks01a1_humidity.o
                0x08003b84                BSP_HUMIDITY_Init
 .text.BSP_HTS221_HUMIDITY_Init
                0x08003bd0       0xe4 Drivers/BSP/X_NUCLEO_IKS01A1/x_nucleo_iks01a1_humidity.o
 .text.BSP_HUMIDITY_Sensor_Enable
                0x08003cb4       0x48 Drivers/BSP/X_NUCLEO_IKS01A1/x_nucleo_iks01a1_humidity.o
                0x08003cb4                BSP_HUMIDITY_Sensor_Enable
 .text.BSP_HUMIDITY_IsInitialized
                0x08003cfc       0x38 Drivers/BSP/X_NUCLEO_IKS01A1/x_nucleo_iks01a1_humidity.o
                0x08003cfc                BSP_HUMIDITY_IsInitialized
 .text.BSP_HUMIDITY_Get_Instance
                0x08003d34       0x38 Drivers/BSP/X_NUCLEO_IKS01A1/x_nucleo_iks01a1_humidity.o
                0x08003d34                BSP_HUMIDITY_Get_Instance
 .text.BSP_HUMIDITY_Get_WhoAmI
                0x08003d6c       0x58 Drivers/BSP/X_NUCLEO_IKS01A1/x_nucleo_iks01a1_humidity.o
                0x08003d6c                BSP_HUMIDITY_Get_WhoAmI
 .text.BSP_HUMIDITY_Get_Hum
                0x08003dc4       0x58 Drivers/BSP/X_NUCLEO_IKS01A1/x_nucleo_iks01a1_humidity.o
                0x08003dc4                BSP_HUMIDITY_Get_Hum
 .text.BSP_HUMIDITY_Get_ODR
                0x08003e1c       0x58 Drivers/BSP/X_NUCLEO_IKS01A1/x_nucleo_iks01a1_humidity.o
                0x08003e1c                BSP_HUMIDITY_Get_ODR
 .text.BSP_TEMPERATURE_Init
                0x08003e74       0xc8 Drivers/BSP/X_NUCLEO_IKS01A1/x_nucleo_iks01a1_temperature.o
                0x08003e74                BSP_TEMPERATURE_Init
 .text.BSP_HTS221_TEMPERATURE_Init
                0x08003f3c       0xe4 Drivers/BSP/X_NUCLEO_IKS01A1/x_nucleo_iks01a1_temperature.o
 .text.BSP_LPS25HB_TEMPERATURE_Init
                0x08004020      0x178 Drivers/BSP/X_NUCLEO_IKS01A1/x_nucleo_iks01a1_temperature.o
 .text.BSP_LPS22HB_TEMPERATURE_Init
                0x08004198      0x104 Drivers/BSP/X_NUCLEO_IKS01A1/x_nucleo_iks01a1_temperature.o
 .text.BSP_TEMPERATURE_Sensor_Enable
                0x0800429c       0x48 Drivers/BSP/X_NUCLEO_IKS01A1/x_nucleo_iks01a1_temperature.o
                0x0800429c                BSP_TEMPERATURE_Sensor_Enable
 .text.BSP_TEMPERATURE_IsInitialized
                0x080042e4       0x38 Drivers/BSP/X_NUCLEO_IKS01A1/x_nucleo_iks01a1_temperature.o
                0x080042e4                BSP_TEMPERATURE_IsInitialized
 .text.BSP_TEMPERATURE_Get_Instance
                0x0800431c       0x38 Drivers/BSP/X_NUCLEO_IKS01A1/x_nucleo_iks01a1_temperature.o
                0x0800431c                BSP_TEMPERATURE_Get_Instance
 .text.BSP_TEMPERATURE_Get_WhoAmI
                0x08004354       0x58 Drivers/BSP/X_NUCLEO_IKS01A1/x_nucleo_iks01a1_temperature.o
                0x08004354                BSP_TEMPERATURE_Get_WhoAmI
 .text.BSP_TEMPERATURE_Get_Temp
                0x080043ac       0x58 Drivers/BSP/X_NUCLEO_IKS01A1/x_nucleo_iks01a1_temperature.o
                0x080043ac                BSP_TEMPERATURE_Get_Temp
 .text.BSP_TEMPERATURE_Get_ODR
                0x08004404       0x58 Drivers/BSP/X_NUCLEO_IKS01A1/x_nucleo_iks01a1_temperature.o
                0x08004404                BSP_TEMPERATURE_Get_ODR
 .text.SystemInit
                0x0800445c       0x6c Drivers/CMSIS/system_stm32f4xx.o
                0x0800445c                SystemInit
 .text.HAL_Init
                0x080044c8       0x44 Drivers/STM32F4xx_HAL_Driver/stm32f4xx_hal.o
                0x080044c8                HAL_Init
 .text.HAL_IncTick
                0x0800450c       0x1c Drivers/STM32F4xx_HAL_Driver/stm32f4xx_hal.o
                0x0800450c                HAL_IncTick
 .text.HAL_GetTick
                0x08004528       0x18 Drivers/STM32F4xx_HAL_Driver/stm32f4xx_hal.o
                0x08004528                HAL_GetTick
 .text.HAL_Delay
                0x08004540       0x2c Drivers/STM32F4xx_HAL_Driver/stm32f4xx_hal.o
                0x08004540                HAL_Delay
 .text.NVIC_SetPriorityGrouping
                0x0800456c       0x48 Drivers/STM32F4xx_HAL_Driver/stm32f4xx_hal_cortex.o
 .text.NVIC_GetPriorityGrouping
                0x080045b4       0x1c Drivers/STM32F4xx_HAL_Driver/stm32f4xx_hal_cortex.o
 .text.NVIC_EnableIRQ
                0x080045d0       0x34 Drivers/STM32F4xx_HAL_Driver/stm32f4xx_hal_cortex.o
 .text.NVIC_SetPriority
                0x08004604       0x54 Drivers/STM32F4xx_HAL_Driver/stm32f4xx_hal_cortex.o
 .text.NVIC_EncodePriority
                0x08004658       0x64 Drivers/STM32F4xx_HAL_Driver/stm32f4xx_hal_cortex.o
 .text.HAL_NVIC_SetPriorityGrouping
                0x080046bc       0x18 Drivers/STM32F4xx_HAL_Driver/stm32f4xx_hal_cortex.o
                0x080046bc                HAL_NVIC_SetPriorityGrouping
 .text.HAL_NVIC_SetPriority
                0x080046d4       0x38 Drivers/STM32F4xx_HAL_Driver/stm32f4xx_hal_cortex.o
                0x080046d4                HAL_NVIC_SetPriority
 .text.HAL_NVIC_EnableIRQ
                0x0800470c       0x1c Drivers/STM32F4xx_HAL_Driver/stm32f4xx_hal_cortex.o
                0x0800470c                HAL_NVIC_EnableIRQ
 .text.HAL_GPIO_Init
                0x08004728      0x304 Drivers/STM32F4xx_HAL_Driver/stm32f4xx_hal_gpio.o
                0x08004728                HAL_GPIO_Init
 .text.HAL_GPIO_ReadPin
                0x08004a2c       0x30 Drivers/STM32F4xx_HAL_Driver/stm32f4xx_hal_gpio.o
                0x08004a2c                HAL_GPIO_ReadPin
 .text.HAL_GPIO_EXTI_IRQHandler
                0x08004a5c       0x30 Drivers/STM32F4xx_HAL_Driver/stm32f4xx_hal_gpio.o
                0x08004a5c                HAL_GPIO_EXTI_IRQHandler
 .text.HAL_I2C_Init
                0x08004a8c      0x1c0 Drivers/STM32F4xx_HAL_Driver/stm32f4xx_hal_i2c.o
                0x08004a8c                HAL_I2C_Init
 .text.HAL_I2C_DeInit
                0x08004c4c       0x60 Drivers/STM32F4xx_HAL_Driver/stm32f4xx_hal_i2c.o
                0x08004c4c                HAL_I2C_DeInit
 .text.HAL_I2C_MspInit
                0x08004cac       0x14 Drivers/STM32F4xx_HAL_Driver/stm32f4xx_hal_i2c.o
                0x08004cac                HAL_I2C_MspInit
 .text.HAL_I2C_MspDeInit
                0x08004cc0       0x14 Drivers/STM32F4xx_HAL_Driver/stm32f4xx_hal_i2c.o
                0x08004cc0                HAL_I2C_MspDeInit
 .text.HAL_I2C_Mem_Write
                0x08004cd4      0x198 Drivers/STM32F4xx_HAL_Driver/stm32f4xx_hal_i2c.o
                0x08004cd4                HAL_I2C_Mem_Write
 .text.HAL_I2C_Mem_Read
                0x08004e6c      0x33c Drivers/STM32F4xx_HAL_Driver/stm32f4xx_hal_i2c.o
                0x08004e6c                HAL_I2C_Mem_Read
 .text.HAL_I2C_GetState
                0x080051a8       0x1c Drivers/STM32F4xx_HAL_Driver/stm32f4xx_hal_i2c.o
                0x080051a8                HAL_I2C_GetState
 .text.I2C_RequestMemoryWrite
                0x080051c4      0x11c Drivers/STM32F4xx_HAL_Driver/stm32f4xx_hal_i2c.o
 .text.I2C_RequestMemoryRead
                0x080052e0      0x1b0 Drivers/STM32F4xx_HAL_Driver/stm32f4xx_hal_i2c.o
 .text.I2C_WaitOnFlagUntilTimeout
                0x08005490      0x120 Drivers/STM32F4xx_HAL_Driver/stm32f4xx_hal_i2c.o
 .text.I2C_WaitOnMasterAddressFlagUntilTimeout
                0x080055b0       0xe4 Drivers/STM32F4xx_HAL_Driver/stm32f4xx_hal_i2c.o
 .text.I2C_WaitOnTXEFlagUntilTimeout
                0x08005694       0x80 Drivers/STM32F4xx_HAL_Driver/stm32f4xx_hal_i2c.o
 .text.I2C_WaitOnRXNEFlagUntilTimeout
                0x08005714       0x9c Drivers/STM32F4xx_HAL_Driver/stm32f4xx_hal_i2c.o
 .text.I2C_IsAcknowledgeFailed
                0x080057b0       0x50 Drivers/STM32F4xx_HAL_Driver/stm32f4xx_hal_i2c.o
 .text.HAL_RCC_OscConfig
                0x08005800      0x424 Drivers/STM32F4xx_HAL_Driver/stm32f4xx_hal_rcc.o
                0x08005800                HAL_RCC_OscConfig
 .text.HAL_RCC_ClockConfig
                0x08005c24      0x1e4 Drivers/STM32F4xx_HAL_Driver/stm32f4xx_hal_rcc.o
                0x08005c24                HAL_RCC_ClockConfig
 .text.HAL_RCC_GetSysClockFreq
                0x08005e08       0xfc Drivers/STM32F4xx_HAL_Driver/stm32f4xx_hal_rcc.o
                0x08005e08                HAL_RCC_GetSysClockFreq
 .text.HAL_RCC_GetHCLKFreq
                0x08005f04       0x50 Drivers/STM32F4xx_HAL_Driver/stm32f4xx_hal_rcc.o
                0x08005f04                HAL_RCC_GetHCLKFreq
 .text.HAL_RCC_GetPCLK1Freq
                0x08005f54       0x44 Drivers/STM32F4xx_HAL_Driver/stm32f4xx_hal_rcc.o
                0x08005f54                HAL_RCC_GetPCLK1Freq
 .text.HAL_RCC_GetPCLK2Freq
                0x08005f98       0x44 Drivers/STM32F4xx_HAL_Driver/stm32f4xx_hal_rcc.o
                0x08005f98                HAL_RCC_GetPCLK2Freq
 .text.HAL_RCC_GetClockConfig
                0x08005fdc       0x64 Drivers/STM32F4xx_HAL_Driver/stm32f4xx_hal_rcc.o
                0x08005fdc                HAL_RCC_GetClockConfig
 .text.HAL_RCCEx_PeriphCLKConfig
                0x08006040      0x1d0 Drivers/STM32F4xx_HAL_Driver/stm32f4xx_hal_rcc_ex.o
                0x08006040                HAL_RCCEx_PeriphCLKConfig
 .text.HAL_RTC_Init
                0x08006210       0xf8 Drivers/STM32F4xx_HAL_Driver/stm32f4xx_hal_rtc.o
                0x08006210                HAL_RTC_Init
 .text.HAL_RTC_SetTime
                0x08006308      0x18c Drivers/STM32F4xx_HAL_Driver/stm32f4xx_hal_rtc.o
                0x08006308                HAL_RTC_SetTime
 .text.HAL_RTC_GetTime
                0x08006494       0xbc Drivers/STM32F4xx_HAL_Driver/stm32f4xx_hal_rtc.o
                0x08006494                HAL_RTC_GetTime
 .text.HAL_RTC_SetDate
                0x08006550      0x16c Drivers/STM32F4xx_HAL_Driver/stm32f4xx_hal_rtc.o
                0x08006550                HAL_RTC_SetDate
 .text.HAL_RTC_GetDate
                0x080066bc       0xa0 Drivers/STM32F4xx_HAL_Driver/stm32f4xx_hal_rtc.o
                0x080066bc                HAL_RTC_GetDate
 .text.HAL_RTC_WaitForSynchro
                0x0800675c       0x50 Drivers/STM32F4xx_HAL_Driver/stm32f4xx_hal_rtc.o
                0x0800675c                HAL_RTC_WaitForSynchro
 .text.RTC_EnterInitMode
                0x080067ac       0x58 Drivers/STM32F4xx_HAL_Driver/stm32f4xx_hal_rtc.o
                0x080067ac                RTC_EnterInitMode
 .text.RTC_ByteToBcd2
                0x08006804       0x3c Drivers/STM32F4xx_HAL_Driver/stm32f4xx_hal_rtc.o
                0x08006804                RTC_ByteToBcd2
 .text.RTC_Bcd2ToByte
                0x08006840       0x3c Drivers/STM32F4xx_HAL_Driver/stm32f4xx_hal_rtc.o
                0x08006840                RTC_Bcd2ToByte
 .text.HAL_TIM_Base_Init
                0x0800687c       0x58 Drivers/STM32F4xx_HAL_Driver/stm32f4xx_hal_tim.o
                0x0800687c                HAL_TIM_Base_Init
 .text.HAL_TIM_Base_MspInit
                0x080068d4       0x14 Drivers/STM32F4xx_HAL_Driver/stm32f4xx_hal_tim.o
                0x080068d4                HAL_TIM_Base_MspInit
 .text.HAL_TIM_Base_Start_IT
                0x080068e8       0x38 Drivers/STM32F4xx_HAL_Driver/stm32f4xx_hal_tim.o
                0x080068e8                HAL_TIM_Base_Start_IT
 .text.HAL_TIM_IRQHandler
                0x08006920      0x210 Drivers/STM32F4xx_HAL_Driver/stm32f4xx_hal_tim.o
                0x08006920                HAL_TIM_IRQHandler
 .text.HAL_TIM_OC_DelayElapsedCallback
                0x08006b30       0x14 Drivers/STM32F4xx_HAL_Driver/stm32f4xx_hal_tim.o
                0x08006b30                HAL_TIM_OC_DelayElapsedCallback
 .text.HAL_TIM_IC_CaptureCallback
                0x08006b44       0x14 Drivers/STM32F4xx_HAL_Driver/stm32f4xx_hal_tim.o
                0x08006b44                HAL_TIM_IC_CaptureCallback
 .text.HAL_TIM_PWM_PulseFinishedCallback
                0x08006b58       0x14 Drivers/STM32F4xx_HAL_Driver/stm32f4xx_hal_tim.o
                0x08006b58                HAL_TIM_PWM_PulseFinishedCallback
 .text.HAL_TIM_TriggerCallback
                0x08006b6c       0x14 Drivers/STM32F4xx_HAL_Driver/stm32f4xx_hal_tim.o
                0x08006b6c                HAL_TIM_TriggerCallback
 .text.TIM_Base_SetConfig
                0x08006b80      0x108 Drivers/STM32F4xx_HAL_Driver/stm32f4xx_hal_tim.o
                0x08006b80                TIM_Base_SetConfig
 .text.HAL_TIMEx_CommutationCallback
                0x08006c88       0x14 Drivers/STM32F4xx_HAL_Driver/stm32f4xx_hal_tim_ex.o
                0x08006c88                HAL_TIMEx_CommutationCallback
 .text.HAL_TIMEx_BreakCallback
                0x08006c9c       0x14 Drivers/STM32F4xx_HAL_Driver/stm32f4xx_hal_tim_ex.o
                0x08006c9c                HAL_TIMEx_BreakCallback
 .text.HAL_UART_Init
                0x08006cb0       0x9c Drivers/STM32F4xx_HAL_Driver/stm32f4xx_hal_uart.o
                0x08006cb0                HAL_UART_Init
 .text.HAL_UART_MspInit
                0x08006d4c       0x14 Drivers/STM32F4xx_HAL_Driver/stm32f4xx_hal_uart.o
                0x08006d4c                HAL_UART_MspInit
 .text.HAL_UART_Transmit
                0x08006d60      0x114 Drivers/STM32F4xx_HAL_Driver/stm32f4xx_hal_uart.o
                0x08006d60                HAL_UART_Transmit
 .text.UART_WaitOnFlagUntilTimeout
                0x08006e74      0x144 Drivers/STM32F4xx_HAL_Driver/stm32f4xx_hal_uart.o
 .text.UART_SetConfig
                0x08006fb8      0x438 Drivers/STM32F4xx_HAL_Driver/stm32f4xx_hal_uart.o
 .text.Reset_Handler
                0x080073f0       0x50 Example/SW4STM32/startup_stm32f401xe.o
                0x080073f0                Reset_Handler
 .text.Default_Handler
                0x08007440        0x2 Example/SW4STM32/startup_stm32f401xe.o
                0x08007440                RTC_Alarm_IRQHandler
                0x08007440                EXTI2_IRQHandler
                0x08007440                SPI4_IRQHandler
                0x08007440                TIM1_CC_IRQHandler
                0x08007440                DMA2_Stream5_IRQHandler
                0x08007440                DMA1_Stream5_IRQHandler
                0x08007440                PVD_IRQHandler
                0x08007440                SDIO_IRQHandler
                0x08007440                TAMP_STAMP_IRQHandler
                0x08007440                EXTI3_IRQHandler
                0x08007440                I2C3_ER_IRQHandler
                0x08007440                EXTI0_IRQHandler
                0x08007440                I2C2_EV_IRQHandler
                0x08007440                DMA1_Stream2_IRQHandler
                0x08007440                FPU_IRQHandler
                0x08007440                UsageFault_Handler
                0x08007440                DMA2_Stream2_IRQHandler
                0x08007440                SPI1_IRQHandler
                0x08007440                TIM1_BRK_TIM9_IRQHandler
                0x08007440                DMA2_Stream3_IRQHandler
                0x08007440                USART6_IRQHandler
                0x08007440                DMA2_Stream0_IRQHandler
                0x08007440                TIM4_IRQHandler
                0x08007440                I2C1_EV_IRQHandler
                0x08007440                DMA1_Stream6_IRQHandler
                0x08007440                DMA1_Stream1_IRQHandler
                0x08007440                TIM3_IRQHandler
                0x08007440                RCC_IRQHandler
                0x08007440                Default_Handler
                0x08007440                ADC_IRQHandler
                0x08007440                DMA1_Stream7_IRQHandler
                0x08007440                TIM5_IRQHandler
                0x08007440                DMA2_Stream7_IRQHandler
                0x08007440                I2C3_EV_IRQHandler
                0x08007440                EXTI9_5_IRQHandler
                0x08007440                RTC_WKUP_IRQHandler
                0x08007440                SPI2_IRQHandler
                0x08007440                MemManage_Handler
                0x08007440                DMA1_Stream0_IRQHandler
                0x08007440                EXTI4_IRQHandler
                0x08007440                WWDG_IRQHandler
                0x08007440                TIM2_IRQHandler
                0x08007440                OTG_FS_WKUP_IRQHandler
                0x08007440                TIM1_TRG_COM_TIM11_IRQHandler
                0x08007440                EXTI1_IRQHandler
                0x08007440                USART2_IRQHandler
                0x08007440                I2C2_ER_IRQHandler
                0x08007440                DMA2_Stream1_IRQHandler
                0x08007440                FLASH_IRQHandler
                0x08007440                DMA2_Stream4_IRQHandler
                0x08007440                BusFault_Handler
                0x08007440                USART1_IRQHandler
                0x08007440                OTG_FS_IRQHandler
                0x08007440                SPI3_IRQHandler
                0x08007440                DMA1_Stream4_IRQHandler
                0x08007440                I2C1_ER_IRQHandler
                0x08007440                DMA2_Stream6_IRQHandler
                0x08007440                DMA1_Stream3_IRQHandler
 *fill*         0x08007442        0x2 
 .text.UartPowerUp
                0x08007444       0x10 Example/User/Src/UartInterface.o
                0x08007444                UartPowerUp
 .text.UartInit
                0x08007454       0x10 Example/User/Src/UartInterface.o
                0x08007454                UartInit
 .text.USARTConfig
                0x08007464       0xf8 Example/User/Src/com.o
                0x08007464                USARTConfig
 .text.SystemClock_Config
                0x0800755c       0xa4 Example/User/Src/cube_hal_f4.o
                0x0800755c                SystemClock_Config
 .text.main     0x08007600       0x70 Example/User/Src/main.o
                0x08007600                main
 .text.floatToInt
                0x08007670       0xc8 Example/User/Src/main.o
 .text.RTC_Handler
                0x08007738       0x88 Example/User/Src/main.o
 .text.Humidity_Sensor_Handler
                0x080077c0      0x15c Example/User/Src/main.o
 .text.Temperature_Sensor_Handler
                0x0800791c      0x15c Example/User/Src/main.o
 .text.RTC_Config
                0x08007a78       0x4c Example/User/Src/main.o
 .text.RTC_TimeStampConfig
                0x08007ac4       0x68 Example/User/Src/main.o
 .text.HAL_GPIO_EXTI_Callback
                0x08007b2c       0x48 Example/User/Src/main.o
                0x08007b2c                HAL_GPIO_EXTI_Callback
 .text.Error_Handler
                0x08007b74        0x8 Example/User/Src/main.o
                0x08007b74                Error_Handler
 .text.HAL_MspInit
                0x08007b7c       0x4c Example/User/Src/stm32f4xx_hal_msp.o
                0x08007b7c                HAL_MspInit
 .text.HAL_RTC_MspInit
                0x08007bc8       0x6c Example/User/Src/stm32f4xx_hal_msp.o
                0x08007bc8                HAL_RTC_MspInit
 .text.HAL_InitTick
                0x08007c34       0xb0 Example/User/Src/stm32f4xx_hal_timebase_TIM.o
                0x08007c34                HAL_InitTick
 .text.HAL_TIM_PeriodElapsedCallback
                0x08007ce4       0x14 Example/User/Src/stm32f4xx_hal_timebase_TIM.o
                0x08007ce4                HAL_TIM_PeriodElapsedCallback
 .text.NMI_Handler
                0x08007cf8       0x10 Example/User/Src/stm32f4xx_it.o
                0x08007cf8                NMI_Handler
 .text.HardFault_Handler
                0x08007d08        0x8 Example/User/Src/stm32f4xx_it.o
                0x08007d08                HardFault_Handler
 .text.DebugMon_Handler
                0x08007d10       0x10 Example/User/Src/stm32f4xx_it.o
                0x08007d10                DebugMon_Handler
 .text.SysTick_Handler
                0x08007d20       0x10 Example/User/Src/stm32f4xx_it.o
                0x08007d20                SysTick_Handler
 .text.EXTI15_10_IRQHandler
                0x08007d30       0x10 Example/User/Src/stm32f4xx_it.o
                0x08007d30                EXTI15_10_IRQHandler
 .text.TIM1_UP_TIM10_IRQHandler
                0x08007d40       0x14 Example/User/Src/stm32f4xx_it.o
                0x08007d40                TIM1_UP_TIM10_IRQHandler
 .text.osSystickHandler
                0x08007d54       0x18 Middlewares/Third_Party/FreeRTOS/Source/CMSIS_RTOS/cmsis_os.o
                0x08007d54                osSystickHandler
 .text.vListInsertEnd
                0x08007d6c       0x48 Middlewares/Third_Party/FreeRTOS/Source/list.o
                0x08007d6c                vListInsertEnd
 .text.uxListRemove
                0x08007db4       0x54 Middlewares/Third_Party/FreeRTOS/Source/list.o
                0x08007db4                uxListRemove
 .text.xTaskIncrementTick
                0x08007e08      0x17c Middlewares/Third_Party/FreeRTOS/Source/tasks.o
                0x08007e08                xTaskIncrementTick
 .text.vTaskSwitchContext
                0x08007f84       0xb4 Middlewares/Third_Party/FreeRTOS/Source/tasks.o
                0x08007f84                vTaskSwitchContext
 .text.prvResetNextTaskUnblockTime
                0x08008038       0x4c Middlewares/Third_Party/FreeRTOS/Source/tasks.o
 .text.xTaskGetSchedulerState
                0x08008084       0x3c Middlewares/Third_Party/FreeRTOS/Source/tasks.o
                0x08008084                xTaskGetSchedulerState
 .text.SVC_Handler
                0x080080c0       0x24 Middlewares/Third_Party/FreeRTOS/Source/portable/GCC/ARM_CM4F/port.o
                0x080080c0                SVC_Handler
 .text.PendSV_Handler
                0x080080e4       0x64 Middlewares/Third_Party/FreeRTOS/Source/portable/GCC/ARM_CM4F/port.o
                0x080080e4                PendSV_Handler
 .text.xPortSysTickHandler
                0x08008148       0x48 Middlewares/Third_Party/FreeRTOS/Source/portable/GCC/ARM_CM4F/port.o
                0x08008148                xPortSysTickHandler
 .text.trunc    0x08008190       0x78 c:/ac6/systemworkbench/plugins/fr.ac6.mcu.externaltools.arm-none.win32_1.7.0.201602121829/tools/compiler/bin/../lib/gcc/arm-none-eabi/5.2.1/../../../../arm-none-eabi/lib/armv7e-m/fpu\libm.a(lib_a-s_trunc.o)
                0x08008190                trunc
 .text.pow      0x08008208      0x348 c:/ac6/systemworkbench/plugins/fr.ac6.mcu.externaltools.arm-none.win32_1.7.0.201602121829/tools/compiler/bin/../lib/gcc/arm-none-eabi/5.2.1/../../../../arm-none-eabi/lib/armv7e-m/fpu\libm.a(lib_a-w_pow.o)
                0x08008208                pow
 .text.__ieee754_pow
                0x08008550      0xb10 c:/ac6/systemworkbench/plugins/fr.ac6.mcu.externaltools.arm-none.win32_1.7.0.201602121829/tools/compiler/bin/../lib/gcc/arm-none-eabi/5.2.1/../../../../arm-none-eabi/lib/armv7e-m/fpu\libm.a(lib_a-e_pow.o)
                0x08008550                __ieee754_pow
 .text.__ieee754_sqrt
                0x08009060      0x1a0 c:/ac6/systemworkbench/plugins/fr.ac6.mcu.externaltools.arm-none.win32_1.7.0.201602121829/tools/compiler/bin/../lib/gcc/arm-none-eabi/5.2.1/../../../../arm-none-eabi/lib/armv7e-m/fpu\libm.a(lib_a-e_sqrt.o)
                0x08009060                __ieee754_sqrt
 .text.fabs     0x08009200       0x10 c:/ac6/systemworkbench/plugins/fr.ac6.mcu.externaltools.arm-none.win32_1.7.0.201602121829/tools/compiler/bin/../lib/gcc/arm-none-eabi/5.2.1/../../../../arm-none-eabi/lib/armv7e-m/fpu\libm.a(lib_a-s_fabs.o)
                0x08009200                fabs
 .text.finite   0x08009210       0x10 c:/ac6/systemworkbench/plugins/fr.ac6.mcu.externaltools.arm-none.win32_1.7.0.201602121829/tools/compiler/bin/../lib/gcc/arm-none-eabi/5.2.1/../../../../arm-none-eabi/lib/armv7e-m/fpu\libm.a(lib_a-s_finite.o)
                0x08009210                finite
 .text.__fpclassifyd
                0x08009220       0x5c c:/ac6/systemworkbench/plugins/fr.ac6.mcu.externaltools.arm-none.win32_1.7.0.201602121829/tools/compiler/bin/../lib/gcc/arm-none-eabi/5.2.1/../../../../arm-none-eabi/lib/armv7e-m/fpu\libm.a(lib_a-s_fpclassify.o)
                0x08009220                __fpclassifyd
 .text.matherr  0x0800927c        0x4 c:/ac6/systemworkbench/plugins/fr.ac6.mcu.externaltools.arm-none.win32_1.7.0.201602121829/tools/compiler/bin/../lib/gcc/arm-none-eabi/5.2.1/../../../../arm-none-eabi/lib/armv7e-m/fpu\libm.a(lib_a-s_matherr.o)
                0x0800927c                matherr
 .text.nan      0x08009280       0x10 c:/ac6/systemworkbench/plugins/fr.ac6.mcu.externaltools.arm-none.win32_1.7.0.201602121829/tools/compiler/bin/../lib/gcc/arm-none-eabi/5.2.1/../../../../arm-none-eabi/lib/armv7e-m/fpu\libm.a(lib_a-s_nan.o)
                0x08009280                nan
 .text.rint     0x08009290      0x128 c:/ac6/systemworkbench/plugins/fr.ac6.mcu.externaltools.arm-none.win32_1.7.0.201602121829/tools/compiler/bin/../lib/gcc/arm-none-eabi/5.2.1/../../../../arm-none-eabi/lib/armv7e-m/fpu\libm.a(lib_a-s_rint.o)
                0x08009290                rint
 .text.scalbn   0x080093b8      0x10c c:/ac6/systemworkbench/plugins/fr.ac6.mcu.externaltools.arm-none.win32_1.7.0.201602121829/tools/compiler/bin/../lib/gcc/arm-none-eabi/5.2.1/../../../../arm-none-eabi/lib/armv7e-m/fpu\libm.a(lib_a-s_scalbn.o)
                0x080093b8                scalbn
 .text.copysign
                0x080094c4       0x1c c:/ac6/systemworkbench/plugins/fr.ac6.mcu.externaltools.arm-none.win32_1.7.0.201602121829/tools/compiler/bin/../lib/gcc/arm-none-eabi/5.2.1/../../../../arm-none-eabi/lib/armv7e-m/fpu\libm.a(lib_a-s_copysign.o)
                0x080094c4                copysign
 .text.__errno  0x080094e0        0xc c:/ac6/systemworkbench/plugins/fr.ac6.mcu.externaltools.arm-none.win32_1.7.0.201602121829/tools/compiler/bin/../lib/gcc/arm-none-eabi/5.2.1/../../../../arm-none-eabi/lib/armv7e-m/fpu\libc_nano.a(lib_a-errno.o)
                0x080094e0                __errno
 .text.__libc_init_array
                0x080094ec       0x4c c:/ac6/systemworkbench/plugins/fr.ac6.mcu.externaltools.arm-none.win32_1.7.0.201602121829/tools/compiler/bin/../lib/gcc/arm-none-eabi/5.2.1/../../../../arm-none-eabi/lib/armv7e-m/fpu\libc_nano.a(lib_a-init.o)
                0x080094ec                __libc_init_array
 .text.memcpy   0x08009538       0x16 c:/ac6/systemworkbench/plugins/fr.ac6.mcu.externaltools.arm-none.win32_1.7.0.201602121829/tools/compiler/bin/../lib/gcc/arm-none-eabi/5.2.1/../../../../arm-none-eabi/lib/armv7e-m/fpu\libc_nano.a(lib_a-memcpy-stub.o)
                0x08009538                memcpy
 .text.memset   0x0800954e       0x10 c:/ac6/systemworkbench/plugins/fr.ac6.mcu.externaltools.arm-none.win32_1.7.0.201602121829/tools/compiler/bin/../lib/gcc/arm-none-eabi/5.2.1/../../../../arm-none-eabi/lib/armv7e-m/fpu\libc_nano.a(lib_a-memset.o)
                0x0800954e                memset
 .text.__cvt    0x0800955e       0xc8 c:/ac6/systemworkbench/plugins/fr.ac6.mcu.externaltools.arm-none.win32_1.7.0.201602121829/tools/compiler/bin/../lib/gcc/arm-none-eabi/5.2.1/../../../../arm-none-eabi/lib/armv7e-m/fpu\libc_nano.a(lib_a-nano-vfprintf_float.o)
                0x0800955e                __cvt
 .text.__exponent
                0x08009626       0x60 c:/ac6/systemworkbench/plugins/fr.ac6.mcu.externaltools.arm-none.win32_1.7.0.201602121829/tools/compiler/bin/../lib/gcc/arm-none-eabi/5.2.1/../../../../arm-none-eabi/lib/armv7e-m/fpu\libc_nano.a(lib_a-nano-vfprintf_float.o)
                0x08009626                __exponent
 *fill*         0x08009686        0x2 
 .text._printf_float
                0x08009688      0x454 c:/ac6/systemworkbench/plugins/fr.ac6.mcu.externaltools.arm-none.win32_1.7.0.201602121829/tools/compiler/bin/../lib/gcc/arm-none-eabi/5.2.1/../../../../arm-none-eabi/lib/armv7e-m/fpu\libc_nano.a(lib_a-nano-vfprintf_float.o)
                0x08009688                _printf_float
 .text._printf_common
                0x08009adc       0xec c:/ac6/systemworkbench/plugins/fr.ac6.mcu.externaltools.arm-none.win32_1.7.0.201602121829/tools/compiler/bin/../lib/gcc/arm-none-eabi/5.2.1/../../../../arm-none-eabi/lib/armv7e-m/fpu\libc_nano.a(lib_a-nano-vfprintf_i.o)
                0x08009adc                _printf_common
 .text._printf_i
                0x08009bc8      0x24c c:/ac6/systemworkbench/plugins/fr.ac6.mcu.externaltools.arm-none.win32_1.7.0.201602121829/tools/compiler/bin/../lib/gcc/arm-none-eabi/5.2.1/../../../../arm-none-eabi/lib/armv7e-m/fpu\libc_nano.a(lib_a-nano-vfprintf_i.o)
                0x08009bc8                _printf_i
 .text.printf   0x08009e14       0x30 c:/ac6/systemworkbench/plugins/fr.ac6.mcu.externaltools.arm-none.win32_1.7.0.201602121829/tools/compiler/bin/../lib/gcc/arm-none-eabi/5.2.1/../../../../arm-none-eabi/lib/armv7e-m/fpu\libc_nano.a(lib_a-printf.o)
                0x08009e14                iprintf
                0x08009e14                printf
 .text.sprintf  0x08009e44       0x48 c:/ac6/systemworkbench/plugins/fr.ac6.mcu.externaltools.arm-none.win32_1.7.0.201602121829/tools/compiler/bin/../lib/gcc/arm-none-eabi/5.2.1/../../../../arm-none-eabi/lib/armv7e-m/fpu\libc_nano.a(lib_a-sprintf.o)
                0x08009e44                siprintf
                0x08009e44                sprintf
 .text.quorem   0x08009e8c      0x11e c:/ac6/systemworkbench/plugins/fr.ac6.mcu.externaltools.arm-none.win32_1.7.0.201602121829/tools/compiler/bin/../lib/gcc/arm-none-eabi/5.2.1/../../../../arm-none-eabi/lib/armv7e-m/fpu\libc_nano.a(lib_a-dtoa.o)
 *fill*         0x08009faa        0x6 
 .text._dtoa_r  0x08009fb0      0xb40 c:/ac6/systemworkbench/plugins/fr.ac6.mcu.externaltools.arm-none.win32_1.7.0.201602121829/tools/compiler/bin/../lib/gcc/arm-none-eabi/5.2.1/../../../../arm-none-eabi/lib/armv7e-m/fpu\libc_nano.a(lib_a-dtoa.o)
                0x08009fb0                _dtoa_r
 .text._cleanup_r
                0x0800aaf0        0xc c:/ac6/systemworkbench/plugins/fr.ac6.mcu.externaltools.arm-none.win32_1.7.0.201602121829/tools/compiler/bin/../lib/gcc/arm-none-eabi/5.2.1/../../../../arm-none-eabi/lib/armv7e-m/fpu\libc_nano.a(lib_a-findfp.o)
                0x0800aaf0                _cleanup_r
 .text.std.isra.0
                0x0800aafc       0x48 c:/ac6/systemworkbench/plugins/fr.ac6.mcu.externaltools.arm-none.win32_1.7.0.201602121829/tools/compiler/bin/../lib/gcc/arm-none-eabi/5.2.1/../../../../arm-none-eabi/lib/armv7e-m/fpu\libc_nano.a(lib_a-findfp.o)
 .text.__sfmoreglue
                0x0800ab44       0x2c c:/ac6/systemworkbench/plugins/fr.ac6.mcu.externaltools.arm-none.win32_1.7.0.201602121829/tools/compiler/bin/../lib/gcc/arm-none-eabi/5.2.1/../../../../arm-none-eabi/lib/armv7e-m/fpu\libc_nano.a(lib_a-findfp.o)
                0x0800ab44                __sfmoreglue
 .text.__sinit  0x0800ab70       0x60 c:/ac6/systemworkbench/plugins/fr.ac6.mcu.externaltools.arm-none.win32_1.7.0.201602121829/tools/compiler/bin/../lib/gcc/arm-none-eabi/5.2.1/../../../../arm-none-eabi/lib/armv7e-m/fpu\libc_nano.a(lib_a-findfp.o)
                0x0800ab70                __sinit
 .text.__sfp    0x0800abd0       0x78 c:/ac6/systemworkbench/plugins/fr.ac6.mcu.externaltools.arm-none.win32_1.7.0.201602121829/tools/compiler/bin/../lib/gcc/arm-none-eabi/5.2.1/../../../../arm-none-eabi/lib/armv7e-m/fpu\libc_nano.a(lib_a-findfp.o)
                0x0800abd0                __sfp
 .text._fwalk_reent
                0x0800ac48       0x3c c:/ac6/systemworkbench/plugins/fr.ac6.mcu.externaltools.arm-none.win32_1.7.0.201602121829/tools/compiler/bin/../lib/gcc/arm-none-eabi/5.2.1/../../../../arm-none-eabi/lib/armv7e-m/fpu\libc_nano.a(lib_a-fwalk.o)
                0x0800ac48                _fwalk_reent
 .text._localeconv_r
                0x0800ac84        0x8 c:/ac6/systemworkbench/plugins/fr.ac6.mcu.externaltools.arm-none.win32_1.7.0.201602121829/tools/compiler/bin/../lib/gcc/arm-none-eabi/5.2.1/../../../../arm-none-eabi/lib/armv7e-m/fpu\libc_nano.a(lib_a-locale.o)
                0x0800ac84                _localeconv_r
 .text.malloc   0x0800ac8c       0x10 c:/ac6/systemworkbench/plugins/fr.ac6.mcu.externaltools.arm-none.win32_1.7.0.201602121829/tools/compiler/bin/../lib/gcc/arm-none-eabi/5.2.1/../../../../arm-none-eabi/lib/armv7e-m/fpu\libc_nano.a(lib_a-malloc.o)
                0x0800ac8c                malloc
 .text._Balloc  0x0800ac9c       0x6a c:/ac6/systemworkbench/plugins/fr.ac6.mcu.externaltools.arm-none.win32_1.7.0.201602121829/tools/compiler/bin/../lib/gcc/arm-none-eabi/5.2.1/../../../../arm-none-eabi/lib/armv7e-m/fpu\libc_nano.a(lib_a-mprec.o)
                0x0800ac9c                _Balloc
 .text._Bfree   0x0800ad06       0x2e c:/ac6/systemworkbench/plugins/fr.ac6.mcu.externaltools.arm-none.win32_1.7.0.201602121829/tools/compiler/bin/../lib/gcc/arm-none-eabi/5.2.1/../../../../arm-none-eabi/lib/armv7e-m/fpu\libc_nano.a(lib_a-mprec.o)
                0x0800ad06                _Bfree
 .text.__multadd
                0x0800ad34       0x76 c:/ac6/systemworkbench/plugins/fr.ac6.mcu.externaltools.arm-none.win32_1.7.0.201602121829/tools/compiler/bin/../lib/gcc/arm-none-eabi/5.2.1/../../../../arm-none-eabi/lib/armv7e-m/fpu\libc_nano.a(lib_a-mprec.o)
                0x0800ad34                __multadd
 .text.__hi0bits
                0x0800adaa       0x40 c:/ac6/systemworkbench/plugins/fr.ac6.mcu.externaltools.arm-none.win32_1.7.0.201602121829/tools/compiler/bin/../lib/gcc/arm-none-eabi/5.2.1/../../../../arm-none-eabi/lib/armv7e-m/fpu\libc_nano.a(lib_a-mprec.o)
                0x0800adaa                __hi0bits
 .text.__lo0bits
                0x0800adea       0x5a c:/ac6/systemworkbench/plugins/fr.ac6.mcu.externaltools.arm-none.win32_1.7.0.201602121829/tools/compiler/bin/../lib/gcc/arm-none-eabi/5.2.1/../../../../arm-none-eabi/lib/armv7e-m/fpu\libc_nano.a(lib_a-mprec.o)
                0x0800adea                __lo0bits
 .text.__i2b    0x0800ae44       0x12 c:/ac6/systemworkbench/plugins/fr.ac6.mcu.externaltools.arm-none.win32_1.7.0.201602121829/tools/compiler/bin/../lib/gcc/arm-none-eabi/5.2.1/../../../../arm-none-eabi/lib/armv7e-m/fpu\libc_nano.a(lib_a-mprec.o)
                0x0800ae44                __i2b
 .text.__multiply
                0x0800ae56      0x122 c:/ac6/systemworkbench/plugins/fr.ac6.mcu.externaltools.arm-none.win32_1.7.0.201602121829/tools/compiler/bin/../lib/gcc/arm-none-eabi/5.2.1/../../../../arm-none-eabi/lib/armv7e-m/fpu\libc_nano.a(lib_a-mprec.o)
                0x0800ae56                __multiply
 .text.__pow5mult
                0x0800af78       0x9c c:/ac6/systemworkbench/plugins/fr.ac6.mcu.externaltools.arm-none.win32_1.7.0.201602121829/tools/compiler/bin/../lib/gcc/arm-none-eabi/5.2.1/../../../../arm-none-eabi/lib/armv7e-m/fpu\libc_nano.a(lib_a-mprec.o)
                0x0800af78                __pow5mult
 .text.__lshift
                0x0800b014       0xa2 c:/ac6/systemworkbench/plugins/fr.ac6.mcu.externaltools.arm-none.win32_1.7.0.201602121829/tools/compiler/bin/../lib/gcc/arm-none-eabi/5.2.1/../../../../arm-none-eabi/lib/armv7e-m/fpu\libc_nano.a(lib_a-mprec.o)
                0x0800b014                __lshift
 .text.__mcmp   0x0800b0b6       0x38 c:/ac6/systemworkbench/plugins/fr.ac6.mcu.externaltools.arm-none.win32_1.7.0.201602121829/tools/compiler/bin/../lib/gcc/arm-none-eabi/5.2.1/../../../../arm-none-eabi/lib/armv7e-m/fpu\libc_nano.a(lib_a-mprec.o)
                0x0800b0b6                __mcmp
 .text.__mdiff  0x0800b0ee       0xbe c:/ac6/systemworkbench/plugins/fr.ac6.mcu.externaltools.arm-none.win32_1.7.0.201602121829/tools/compiler/bin/../lib/gcc/arm-none-eabi/5.2.1/../../../../arm-none-eabi/lib/armv7e-m/fpu\libc_nano.a(lib_a-mprec.o)
                0x0800b0ee                __mdiff
 .text.__d2b    0x0800b1ac       0x9c c:/ac6/systemworkbench/plugins/fr.ac6.mcu.externaltools.arm-none.win32_1.7.0.201602121829/tools/compiler/bin/../lib/gcc/arm-none-eabi/5.2.1/../../../../arm-none-eabi/lib/armv7e-m/fpu\libc_nano.a(lib_a-mprec.o)
                0x0800b1ac                __d2b
 .text._calloc_r
                0x0800b248       0x1c c:/ac6/systemworkbench/plugins/fr.ac6.mcu.externaltools.arm-none.win32_1.7.0.201602121829/tools/compiler/bin/../lib/gcc/arm-none-eabi/5.2.1/../../../../arm-none-eabi/lib/armv7e-m/fpu\libc_nano.a(lib_a-nano-callocr.o)
                0x0800b248                _calloc_r
 .text._free_r  0x0800b264       0x8c c:/ac6/systemworkbench/plugins/fr.ac6.mcu.externaltools.arm-none.win32_1.7.0.201602121829/tools/compiler/bin/../lib/gcc/arm-none-eabi/5.2.1/../../../../arm-none-eabi/lib/armv7e-m/fpu\libc_nano.a(lib_a-nano-freer.o)
                0x0800b264                _free_r
 .text._malloc_r
                0x0800b2f0       0xa8 c:/ac6/systemworkbench/plugins/fr.ac6.mcu.externaltools.arm-none.win32_1.7.0.201602121829/tools/compiler/bin/../lib/gcc/arm-none-eabi/5.2.1/../../../../arm-none-eabi/lib/armv7e-m/fpu\libc_nano.a(lib_a-nano-mallocr.o)
                0x0800b2f0                _malloc_r
 .text.__ssputs_r
                0x0800b398       0xb2 c:/ac6/systemworkbench/plugins/fr.ac6.mcu.externaltools.arm-none.win32_1.7.0.201602121829/tools/compiler/bin/../lib/gcc/arm-none-eabi/5.2.1/../../../../arm-none-eabi/lib/armv7e-m/fpu\libc_nano.a(lib_a-nano-svfprintf.o)
                0x0800b398                __ssputs_r
 *fill*         0x0800b44a        0x2 
 .text._svfprintf_r
                0x0800b44c      0x1e8 c:/ac6/systemworkbench/plugins/fr.ac6.mcu.externaltools.arm-none.win32_1.7.0.201602121829/tools/compiler/bin/../lib/gcc/arm-none-eabi/5.2.1/../../../../arm-none-eabi/lib/armv7e-m/fpu\libc_nano.a(lib_a-nano-svfprintf.o)
                0x0800b44c                _svfiprintf_r
                0x0800b44c                _svfprintf_r
 .text.__sfputc_r
                0x0800b634       0x30 c:/ac6/systemworkbench/plugins/fr.ac6.mcu.externaltools.arm-none.win32_1.7.0.201602121829/tools/compiler/bin/../lib/gcc/arm-none-eabi/5.2.1/../../../../arm-none-eabi/lib/armv7e-m/fpu\libc_nano.a(lib_a-nano-vfprintf.o)
 .text.__sfputs_r
                0x0800b664       0x24 c:/ac6/systemworkbench/plugins/fr.ac6.mcu.externaltools.arm-none.win32_1.7.0.201602121829/tools/compiler/bin/../lib/gcc/arm-none-eabi/5.2.1/../../../../arm-none-eabi/lib/armv7e-m/fpu\libc_nano.a(lib_a-nano-vfprintf.o)
                0x0800b664                __sfputs_r
 .text._vfprintf_r
                0x0800b688      0x238 c:/ac6/systemworkbench/plugins/fr.ac6.mcu.externaltools.arm-none.win32_1.7.0.201602121829/tools/compiler/bin/../lib/gcc/arm-none-eabi/5.2.1/../../../../arm-none-eabi/lib/armv7e-m/fpu\libc_nano.a(lib_a-nano-vfprintf.o)
                0x0800b688                _vfprintf_r
                0x0800b688                _vfiprintf_r
 .text._sbrk_r  0x0800b8c0       0x20 c:/ac6/systemworkbench/plugins/fr.ac6.mcu.externaltools.arm-none.win32_1.7.0.201602121829/tools/compiler/bin/../lib/gcc/arm-none-eabi/5.2.1/../../../../arm-none-eabi/lib/armv7e-m/fpu\libc_nano.a(lib_a-sbrkr.o)
                0x0800b8c0                _sbrk_r
 .text.__sread  0x0800b8e0       0x22 c:/ac6/systemworkbench/plugins/fr.ac6.mcu.externaltools.arm-none.win32_1.7.0.201602121829/tools/compiler/bin/../lib/gcc/arm-none-eabi/5.2.1/../../../../arm-none-eabi/lib/armv7e-m/fpu\libc_nano.a(lib_a-stdio.o)
                0x0800b8e0                __sread
 .text.__swrite
                0x0800b902       0x38 c:/ac6/systemworkbench/plugins/fr.ac6.mcu.externaltools.arm-none.win32_1.7.0.201602121829/tools/compiler/bin/../lib/gcc/arm-none-eabi/5.2.1/../../../../arm-none-eabi/lib/armv7e-m/fpu\libc_nano.a(lib_a-stdio.o)
                0x0800b902                __swrite
 .text.__sseek  0x0800b93a       0x24 c:/ac6/systemworkbench/plugins/fr.ac6.mcu.externaltools.arm-none.win32_1.7.0.201602121829/tools/compiler/bin/../lib/gcc/arm-none-eabi/5.2.1/../../../../arm-none-eabi/lib/armv7e-m/fpu\libc_nano.a(lib_a-stdio.o)
                0x0800b93a                __sseek
 .text.__sclose
                0x0800b95e        0x8 c:/ac6/systemworkbench/plugins/fr.ac6.mcu.externaltools.arm-none.win32_1.7.0.201602121829/tools/compiler/bin/../lib/gcc/arm-none-eabi/5.2.1/../../../../arm-none-eabi/lib/armv7e-m/fpu\libc_nano.a(lib_a-stdio.o)
                0x0800b95e                __sclose
 *fill*         0x0800b966        0x2 
 .text.__swbuf_r
                0x0800b968       0xa8 c:/ac6/systemworkbench/plugins/fr.ac6.mcu.externaltools.arm-none.win32_1.7.0.201602121829/tools/compiler/bin/../lib/gcc/arm-none-eabi/5.2.1/../../../../arm-none-eabi/lib/armv7e-m/fpu\libc_nano.a(lib_a-wbuf.o)
                0x0800b968                __swbuf_r
 .text._write_r
                0x0800ba10       0x24 c:/ac6/systemworkbench/plugins/fr.ac6.mcu.externaltools.arm-none.win32_1.7.0.201602121829/tools/compiler/bin/../lib/gcc/arm-none-eabi/5.2.1/../../../../arm-none-eabi/lib/armv7e-m/fpu\libc_nano.a(lib_a-writer.o)
                0x0800ba10                _write_r
 .text.__swsetup_r
                0x0800ba34       0xd8 c:/ac6/systemworkbench/plugins/fr.ac6.mcu.externaltools.arm-none.win32_1.7.0.201602121829/tools/compiler/bin/../lib/gcc/arm-none-eabi/5.2.1/../../../../arm-none-eabi/lib/armv7e-m/fpu\libc_nano.a(lib_a-wsetup.o)
                0x0800ba34                __swsetup_r
 .text._close_r
                0x0800bb0c       0x20 c:/ac6/systemworkbench/plugins/fr.ac6.mcu.externaltools.arm-none.win32_1.7.0.201602121829/tools/compiler/bin/../lib/gcc/arm-none-eabi/5.2.1/../../../../arm-none-eabi/lib/armv7e-m/fpu\libc_nano.a(lib_a-closer.o)
                0x0800bb0c                _close_r
 .text.__sflush_r
                0x0800bb2c      0x110 c:/ac6/systemworkbench/plugins/fr.ac6.mcu.externaltools.arm-none.win32_1.7.0.201602121829/tools/compiler/bin/../lib/gcc/arm-none-eabi/5.2.1/../../../../arm-none-eabi/lib/armv7e-m/fpu\libc_nano.a(lib_a-fflush.o)
                0x0800bb2c                __sflush_r
 .text._fflush_r
                0x0800bc3c       0x54 c:/ac6/systemworkbench/plugins/fr.ac6.mcu.externaltools.arm-none.win32_1.7.0.201602121829/tools/compiler/bin/../lib/gcc/arm-none-eabi/5.2.1/../../../../arm-none-eabi/lib/armv7e-m/fpu\libc_nano.a(lib_a-fflush.o)
                0x0800bc3c                _fflush_r
 .text._lseek_r
                0x0800bc90       0x24 c:/ac6/systemworkbench/plugins/fr.ac6.mcu.externaltools.arm-none.win32_1.7.0.201602121829/tools/compiler/bin/../lib/gcc/arm-none-eabi/5.2.1/../../../../arm-none-eabi/lib/armv7e-m/fpu\libc_nano.a(lib_a-lseekr.o)
                0x0800bc90                _lseek_r
 .text.__smakebuf_r
                0x0800bcb4       0x9c c:/ac6/systemworkbench/plugins/fr.ac6.mcu.externaltools.arm-none.win32_1.7.0.201602121829/tools/compiler/bin/../lib/gcc/arm-none-eabi/5.2.1/../../../../arm-none-eabi/lib/armv7e-m/fpu\libc_nano.a(lib_a-makebuf.o)
                0x0800bcb4                __smakebuf_r
 .text.memmove  0x0800bd50       0x36 c:/ac6/systemworkbench/plugins/fr.ac6.mcu.externaltools.arm-none.win32_1.7.0.201602121829/tools/compiler/bin/../lib/gcc/arm-none-eabi/5.2.1/../../../../arm-none-eabi/lib/armv7e-m/fpu\libc_nano.a(lib_a-memmove.o)
                0x0800bd50                memmove
 .text._realloc_r
                0x0800bd86       0x4c c:/ac6/systemworkbench/plugins/fr.ac6.mcu.externaltools.arm-none.win32_1.7.0.201602121829/tools/compiler/bin/../lib/gcc/arm-none-eabi/5.2.1/../../../../arm-none-eabi/lib/armv7e-m/fpu\libc_nano.a(lib_a-nano-reallocr.o)
                0x0800bd86                _realloc_r
 *fill*         0x0800bdd2        0x2 
 .text._read_r  0x0800bdd4       0x24 c:/ac6/systemworkbench/plugins/fr.ac6.mcu.externaltools.arm-none.win32_1.7.0.201602121829/tools/compiler/bin/../lib/gcc/arm-none-eabi/5.2.1/../../../../arm-none-eabi/lib/armv7e-m/fpu\libc_nano.a(lib_a-readr.o)
                0x0800bdd4                _read_r
 .text._fstat_r
                0x0800bdf8       0x24 c:/ac6/systemworkbench/plugins/fr.ac6.mcu.externaltools.arm-none.win32_1.7.0.201602121829/tools/compiler/bin/../lib/gcc/arm-none-eabi/5.2.1/../../../../arm-none-eabi/lib/armv7e-m/fpu\libc_nano.a(lib_a-fstatr.o)
                0x0800bdf8                _fstat_r
 .text._isatty_r
                0x0800be1c       0x20 c:/ac6/systemworkbench/plugins/fr.ac6.mcu.externaltools.arm-none.win32_1.7.0.201602121829/tools/compiler/bin/../lib/gcc/arm-none-eabi/5.2.1/../../../../arm-none-eabi/lib/armv7e-m/fpu\libc_nano.a(lib_a-isattyr.o)
                0x0800be1c                _isatty_r
 .text._malloc_usable_size_r
                0x0800be3c       0x14 c:/ac6/systemworkbench/plugins/fr.ac6.mcu.externaltools.arm-none.win32_1.7.0.201602121829/tools/compiler/bin/../lib/gcc/arm-none-eabi/5.2.1/../../../../arm-none-eabi/lib/armv7e-m/fpu\libc_nano.a(lib_a-nano-msizer.o)
                0x0800be3c                _malloc_usable_size_r
 .text._close   0x0800be50       0x10 c:/ac6/systemworkbench/plugins/fr.ac6.mcu.externaltools.arm-none.win32_1.7.0.201602121829/tools/compiler/bin/../lib/gcc/arm-none-eabi/5.2.1/../../../../arm-none-eabi/lib/armv7e-m/fpu\libnosys.a(close.o)
                0x0800be50                _close
 .text._fstat   0x0800be60       0x10 c:/ac6/systemworkbench/plugins/fr.ac6.mcu.externaltools.arm-none.win32_1.7.0.201602121829/tools/compiler/bin/../lib/gcc/arm-none-eabi/5.2.1/../../../../arm-none-eabi/lib/armv7e-m/fpu\libnosys.a(fstat.o)
                0x0800be60                _fstat
 .text._isatty  0x0800be70       0x10 c:/ac6/systemworkbench/plugins/fr.ac6.mcu.externaltools.arm-none.win32_1.7.0.201602121829/tools/compiler/bin/../lib/gcc/arm-none-eabi/5.2.1/../../../../arm-none-eabi/lib/armv7e-m/fpu\libnosys.a(isatty.o)
                0x0800be70                _isatty
 .text._lseek   0x0800be80       0x10 c:/ac6/systemworkbench/plugins/fr.ac6.mcu.externaltools.arm-none.win32_1.7.0.201602121829/tools/compiler/bin/../lib/gcc/arm-none-eabi/5.2.1/../../../../arm-none-eabi/lib/armv7e-m/fpu\libnosys.a(lseek.o)
                0x0800be80                _lseek
 .text._read    0x0800be90       0x10 c:/ac6/systemworkbench/plugins/fr.ac6.mcu.externaltools.arm-none.win32_1.7.0.201602121829/tools/compiler/bin/../lib/gcc/arm-none-eabi/5.2.1/../../../../arm-none-eabi/lib/armv7e-m/fpu\libnosys.a(read.o)
                0x0800be90                _read
 .text._sbrk    0x0800bea0       0x1c c:/ac6/systemworkbench/plugins/fr.ac6.mcu.externaltools.arm-none.win32_1.7.0.201602121829/tools/compiler/bin/../lib/gcc/arm-none-eabi/5.2.1/../../../../arm-none-eabi/lib/armv7e-m/fpu\libnosys.a(sbrk.o)
                0x0800bea0                _sbrk
 .text._write   0x0800bebc       0x10 c:/ac6/systemworkbench/plugins/fr.ac6.mcu.externaltools.arm-none.win32_1.7.0.201602121829/tools/compiler/bin/../lib/gcc/arm-none-eabi/5.2.1/../../../../arm-none-eabi/lib/armv7e-m/fpu\libnosys.a(write.o)
                0x0800bebc                _write
 *(.glue_7)
 .glue_7        0x0800becc        0x0 linker stubs
 *(.glue_7t)
 .glue_7t       0x0800becc        0x0 linker stubs
 *(.eh_frame)
 .eh_frame      0x0800becc        0x0 c:/ac6/systemworkbench/plugins/fr.ac6.mcu.externaltools.arm-none.win32_1.7.0.201602121829/tools/compiler/bin/../lib/gcc/arm-none-eabi/5.2.1/armv7e-m/fpu/crtbegin.o
 *(.init)
 .init          0x0800becc        0x4 c:/ac6/systemworkbench/plugins/fr.ac6.mcu.externaltools.arm-none.win32_1.7.0.201602121829/tools/compiler/bin/../lib/gcc/arm-none-eabi/5.2.1/armv7e-m/fpu/crti.o
                0x0800becc                _init
 .init          0x0800bed0        0x8 c:/ac6/systemworkbench/plugins/fr.ac6.mcu.externaltools.arm-none.win32_1.7.0.201602121829/tools/compiler/bin/../lib/gcc/arm-none-eabi/5.2.1/armv7e-m/fpu/crtn.o
 *(.fini)
 .fini          0x0800bed8        0x4 c:/ac6/systemworkbench/plugins/fr.ac6.mcu.externaltools.arm-none.win32_1.7.0.201602121829/tools/compiler/bin/../lib/gcc/arm-none-eabi/5.2.1/armv7e-m/fpu/crti.o
                0x0800bed8                _fini
 .fini          0x0800bedc        0x8 c:/ac6/systemworkbench/plugins/fr.ac6.mcu.externaltools.arm-none.win32_1.7.0.201602121829/tools/compiler/bin/../lib/gcc/arm-none-eabi/5.2.1/armv7e-m/fpu/crtn.o
                0x0800bee4                . = ALIGN (0x4)
                0x0800bee4                _etext = .

.vfp11_veneer   0x0800bee4        0x0
 .vfp11_veneer  0x0800bee4        0x0 linker stubs

.v4_bx          0x0800bee4        0x0
 .v4_bx         0x0800bee4        0x0 linker stubs

.iplt           0x0800bee4        0x0
 .iplt          0x0800bee4        0x0 c:/ac6/systemworkbench/plugins/fr.ac6.mcu.externaltools.arm-none.win32_1.7.0.201602121829/tools/compiler/bin/../lib/gcc/arm-none-eabi/5.2.1/armv7e-m/fpu/crtbegin.o

.rodata         0x0800bee8      0x4c8
                0x0800bee8                . = ALIGN (0x4)
 *(.rodata)
 .rodata        0x0800bee8       0x91 Drivers/BSP/Components/HTS221_Driver.o
 *fill*         0x0800bf79        0x3 
 .rodata        0x0800bf7c       0x8f Drivers/BSP/Components/LPS25HB_Driver.o
 *fill*         0x0800c00b        0x1 
 .rodata        0x0800c00c       0x10 Drivers/STM32F4xx_HAL_Driver/stm32f4xx_hal_rcc.o
                0x0800c00c                APBAHBPrescTable
 .rodata        0x0800c01c      0x1ad Example/User/Src/main.o
 *(.rodata*)
 *fill*         0x0800c1c9        0x3 
 .rodata.str1.4
                0x0800c1cc        0x4 c:/ac6/systemworkbench/plugins/fr.ac6.mcu.externaltools.arm-none.win32_1.7.0.201602121829/tools/compiler/bin/../lib/gcc/arm-none-eabi/5.2.1/../../../../arm-none-eabi/lib/armv7e-m/fpu\libm.a(lib_a-w_pow.o)
 .rodata.str1.4
                0x0800c1d0        0x4 c:/ac6/systemworkbench/plugins/fr.ac6.mcu.externaltools.arm-none.win32_1.7.0.201602121829/tools/compiler/bin/../lib/gcc/arm-none-eabi/5.2.1/../../../../arm-none-eabi/lib/armv7e-m/fpu\libm.a(lib_a-e_pow.o)
                                  0x1 (size before relaxing)
 *fill*         0x0800c1d4        0x4 
 .rodata.TWO52  0x0800c1d8       0x10 c:/ac6/systemworkbench/plugins/fr.ac6.mcu.externaltools.arm-none.win32_1.7.0.201602121829/tools/compiler/bin/../lib/gcc/arm-none-eabi/5.2.1/../../../../arm-none-eabi/lib/armv7e-m/fpu\libm.a(lib_a-s_rint.o)
 .rodata.str1.1
                0x0800c1e8        0x2 c:/ac6/systemworkbench/plugins/fr.ac6.mcu.externaltools.arm-none.win32_1.7.0.201602121829/tools/compiler/bin/../lib/gcc/arm-none-eabi/5.2.1/../../../../arm-none-eabi/lib/armv7e-m/fpu\libc_nano.a(lib_a-impure.o)
 *fill*         0x0800c1ea        0x2 
 .rodata._global_impure_ptr
                0x0800c1ec        0x4 c:/ac6/systemworkbench/plugins/fr.ac6.mcu.externaltools.arm-none.win32_1.7.0.201602121829/tools/compiler/bin/../lib/gcc/arm-none-eabi/5.2.1/../../../../arm-none-eabi/lib/armv7e-m/fpu\libc_nano.a(lib_a-impure.o)
                0x0800c1ec                _global_impure_ptr
 .rodata.str1.1
                0x0800c1f0       0x12 c:/ac6/systemworkbench/plugins/fr.ac6.mcu.externaltools.arm-none.win32_1.7.0.201602121829/tools/compiler/bin/../lib/gcc/arm-none-eabi/5.2.1/../../../../arm-none-eabi/lib/armv7e-m/fpu\libc_nano.a(lib_a-nano-vfprintf_float.o)
 .rodata.str1.1
                0x0800c202       0x22 c:/ac6/systemworkbench/plugins/fr.ac6.mcu.externaltools.arm-none.win32_1.7.0.201602121829/tools/compiler/bin/../lib/gcc/arm-none-eabi/5.2.1/../../../../arm-none-eabi/lib/armv7e-m/fpu\libc_nano.a(lib_a-nano-vfprintf_i.o)
 .rodata.str1.1
                0x0800c224        0xd c:/ac6/systemworkbench/plugins/fr.ac6.mcu.externaltools.arm-none.win32_1.7.0.201602121829/tools/compiler/bin/../lib/gcc/arm-none-eabi/5.2.1/../../../../arm-none-eabi/lib/armv7e-m/fpu\libc_nano.a(lib_a-dtoa.o)
                                  0xf (size before relaxing)
 *fill*         0x0800c231        0x3 
 .rodata.__sf_fake_stdin
                0x0800c234       0x20 c:/ac6/systemworkbench/plugins/fr.ac6.mcu.externaltools.arm-none.win32_1.7.0.201602121829/tools/compiler/bin/../lib/gcc/arm-none-eabi/5.2.1/../../../../arm-none-eabi/lib/armv7e-m/fpu\libc_nano.a(lib_a-findfp.o)
                0x0800c234                __sf_fake_stdin
 .rodata.__sf_fake_stdout
                0x0800c254       0x20 c:/ac6/systemworkbench/plugins/fr.ac6.mcu.externaltools.arm-none.win32_1.7.0.201602121829/tools/compiler/bin/../lib/gcc/arm-none-eabi/5.2.1/../../../../arm-none-eabi/lib/armv7e-m/fpu\libc_nano.a(lib_a-findfp.o)
                0x0800c254                __sf_fake_stdout
 .rodata.__sf_fake_stderr
                0x0800c274       0x20 c:/ac6/systemworkbench/plugins/fr.ac6.mcu.externaltools.arm-none.win32_1.7.0.201602121829/tools/compiler/bin/../lib/gcc/arm-none-eabi/5.2.1/../../../../arm-none-eabi/lib/armv7e-m/fpu\libc_nano.a(lib_a-findfp.o)
                0x0800c274                __sf_fake_stderr
 .rodata.str1.1
                0x0800c294        0x8 c:/ac6/systemworkbench/plugins/fr.ac6.mcu.externaltools.arm-none.win32_1.7.0.201602121829/tools/compiler/bin/../lib/gcc/arm-none-eabi/5.2.1/../../../../arm-none-eabi/lib/armv7e-m/fpu\libc_nano.a(lib_a-locale.o)
                                  0xb (size before relaxing)
 *fill*         0x0800c29c        0x4 
 .rodata.__mprec_tens
                0x0800c2a0       0xc8 c:/ac6/systemworkbench/plugins/fr.ac6.mcu.externaltools.arm-none.win32_1.7.0.201602121829/tools/compiler/bin/../lib/gcc/arm-none-eabi/5.2.1/../../../../arm-none-eabi/lib/armv7e-m/fpu\libc_nano.a(lib_a-mprec.o)
                0x0800c2a0                __mprec_tens
 .rodata.__mprec_bigtens
                0x0800c368       0x28 c:/ac6/systemworkbench/plugins/fr.ac6.mcu.externaltools.arm-none.win32_1.7.0.201602121829/tools/compiler/bin/../lib/gcc/arm-none-eabi/5.2.1/../../../../arm-none-eabi/lib/armv7e-m/fpu\libc_nano.a(lib_a-mprec.o)
                0x0800c368                __mprec_bigtens
 .rodata.p05.5416
                0x0800c390        0xc c:/ac6/systemworkbench/plugins/fr.ac6.mcu.externaltools.arm-none.win32_1.7.0.201602121829/tools/compiler/bin/../lib/gcc/arm-none-eabi/5.2.1/../../../../arm-none-eabi/lib/armv7e-m/fpu\libc_nano.a(lib_a-mprec.o)
 .rodata.str1.1
                0x0800c39c       0x11 c:/ac6/systemworkbench/plugins/fr.ac6.mcu.externaltools.arm-none.win32_1.7.0.201602121829/tools/compiler/bin/../lib/gcc/arm-none-eabi/5.2.1/../../../../arm-none-eabi/lib/armv7e-m/fpu\libc_nano.a(lib_a-nano-svfprintf.o)
 .rodata.str1.1
                0x0800c3ad       0x11 c:/ac6/systemworkbench/plugins/fr.ac6.mcu.externaltools.arm-none.win32_1.7.0.201602121829/tools/compiler/bin/../lib/gcc/arm-none-eabi/5.2.1/../../../../arm-none-eabi/lib/armv7e-m/fpu\libc_nano.a(lib_a-nano-vfprintf.o)
                0x0800c3c0                . = ALIGN (0x4)
 *fill*         0x0800c3ad        0x3 

.rel.dyn        0x0800c3b0        0x0
 .rel.iplt      0x0800c3b0        0x0 c:/ac6/systemworkbench/plugins/fr.ac6.mcu.externaltools.arm-none.win32_1.7.0.201602121829/tools/compiler/bin/../lib/gcc/arm-none-eabi/5.2.1/armv7e-m/fpu/crtbegin.o

.ARM.extab
 *(.ARM.extab* .gnu.linkonce.armextab.*)

.ARM            0x0800c3b0        0x0
                0x0800c3b0                __exidx_start = .
 *(.ARM.exidx*)
                0x0800c3b0                __exidx_end = .

.preinit_array  0x0800c3b0        0x0
                0x0800c3b0                PROVIDE (__preinit_array_start, .)
 *(.preinit_array*)
                0x0800c3b0                PROVIDE (__preinit_array_end, .)

.init_array     0x0800c3b0        0x4
                0x0800c3b0                PROVIDE (__init_array_start, .)
 *(SORT(.init_array.*))
 *(.init_array*)
 .init_array    0x0800c3b0        0x4 c:/ac6/systemworkbench/plugins/fr.ac6.mcu.externaltools.arm-none.win32_1.7.0.201602121829/tools/compiler/bin/../lib/gcc/arm-none-eabi/5.2.1/armv7e-m/fpu/crtbegin.o
                0x0800c3b4                PROVIDE (__init_array_end, .)

.fini_array     0x0800c3b4        0x4
                [!provide]                PROVIDE (__fini_array_start, .)
 *(SORT(.fini_array.*))
 *(.fini_array*)
 .fini_array    0x0800c3b4        0x4 c:/ac6/systemworkbench/plugins/fr.ac6.mcu.externaltools.arm-none.win32_1.7.0.201602121829/tools/compiler/bin/../lib/gcc/arm-none-eabi/5.2.1/armv7e-m/fpu/crtbegin.o
                [!provide]                PROVIDE (__fini_array_end, .)
                0x0800c3b8                _sidata = LOADADDR (.data)

.data           0x20000000      0x1e8 load address 0x0800c3b8
                0x20000000                . = ALIGN (0x4)
                0x20000000                _sdata = .
 *(.data)
 .data          0x20000000       0x50 Drivers/BSP/Components/HTS221_Driver_HL.o
                0x20000000                HTS221_H_Drv
                0x20000028                HTS221_T_Drv
 .data          0x20000050       0x8c Drivers/BSP/Components/LPS22HB_Driver_HL.o
                0x20000050                LPS22HB_P_Drv
                0x20000078                LPS22HB_T_Drv
                0x200000a0                LPS22HB_ExtDrv
 .data          0x200000dc       0x50 Drivers/BSP/Components/LPS25HB_Driver_HL.o
                0x200000dc                LPS25HB_P_Drv
                0x20000104                LPS25HB_T_Drv
 .data          0x2000012c        0xc Drivers/BSP/STM32F4xx-Nucleo/stm32f4xx_nucleo.o
                0x2000012c                GPIO_PORT
                0x20000130                BUTTON_PORT
                0x20000134                SpixTimeout
 .data          0x20000138        0x4 Drivers/BSP/X_NUCLEO_IKS01A1/x_nucleo_iks01a1.o
 .data          0x2000013c        0x4 Drivers/CMSIS/system_stm32f4xx.o
                0x2000013c                SystemCoreClock
 .data          0x20000140        0x2 Example/User/Src/main.o
 *fill*         0x20000142        0x2 
 .data          0x20000144        0x4 Middlewares/Third_Party/FreeRTOS/Source/tasks.o
 *(.data*)
 .data.__fdlib_version
                0x20000148        0x1 c:/ac6/systemworkbench/plugins/fr.ac6.mcu.externaltools.arm-none.win32_1.7.0.201602121829/tools/compiler/bin/../lib/gcc/arm-none-eabi/5.2.1/../../../../arm-none-eabi/lib/armv7e-m/fpu\libm.a(lib_a-s_lib_ver.o)
                0x20000148                __fdlib_version
 *fill*         0x20000149        0x3 
 .data.impure_data
                0x2000014c       0x60 c:/ac6/systemworkbench/plugins/fr.ac6.mcu.externaltools.arm-none.win32_1.7.0.201602121829/tools/compiler/bin/../lib/gcc/arm-none-eabi/5.2.1/../../../../arm-none-eabi/lib/armv7e-m/fpu\libc_nano.a(lib_a-impure.o)
 .data._impure_ptr
                0x200001ac        0x4 c:/ac6/systemworkbench/plugins/fr.ac6.mcu.externaltools.arm-none.win32_1.7.0.201602121829/tools/compiler/bin/../lib/gcc/arm-none-eabi/5.2.1/../../../../arm-none-eabi/lib/armv7e-m/fpu\libc_nano.a(lib_a-impure.o)
                0x200001ac                _impure_ptr
 .data.lconv    0x200001b0       0x38 c:/ac6/systemworkbench/plugins/fr.ac6.mcu.externaltools.arm-none.win32_1.7.0.201602121829/tools/compiler/bin/../lib/gcc/arm-none-eabi/5.2.1/../../../../arm-none-eabi/lib/armv7e-m/fpu\libc_nano.a(lib_a-locale.o)
                0x200001e8                . = ALIGN (0x4)
                0x200001e8                _edata = .

.jcr            0x200001e8        0x0 load address 0x0800c5a0
 .jcr           0x200001e8        0x0 c:/ac6/systemworkbench/plugins/fr.ac6.mcu.externaltools.arm-none.win32_1.7.0.201602121829/tools/compiler/bin/../lib/gcc/arm-none-eabi/5.2.1/armv7e-m/fpu/crtbegin.o

.tm_clone_table
                0x200001e8        0x0 load address 0x0800c5a0
 .tm_clone_table
                0x200001e8        0x0 c:/ac6/systemworkbench/plugins/fr.ac6.mcu.externaltools.arm-none.win32_1.7.0.201602121829/tools/compiler/bin/../lib/gcc/arm-none-eabi/5.2.1/armv7e-m/fpu/crtbegin.o
 .tm_clone_table
                0x200001e8        0x0 c:/ac6/systemworkbench/plugins/fr.ac6.mcu.externaltools.arm-none.win32_1.7.0.201602121829/tools/compiler/bin/../lib/gcc/arm-none-eabi/5.2.1/armv7e-m/fpu/crtend.o

.igot.plt       0x200001e8        0x0 load address 0x0800c5a0
 .igot.plt      0x200001e8        0x0 c:/ac6/systemworkbench/plugins/fr.ac6.mcu.externaltools.arm-none.win32_1.7.0.201602121829/tools/compiler/bin/../lib/gcc/arm-none-eabi/5.2.1/armv7e-m/fpu/crtbegin.o
                0x200001e8                . = ALIGN (0x4)

.bss            0x200001e8      0x624 load address 0x0800c5a0
                0x200001e8                _sbss = .
                0x200001e8                __bss_start__ = _sbss
 *(.bss)
 .bss           0x200001e8       0x1c c:/ac6/systemworkbench/plugins/fr.ac6.mcu.externaltools.arm-none.win32_1.7.0.201602121829/tools/compiler/bin/../lib/gcc/arm-none-eabi/5.2.1/armv7e-m/fpu/crtbegin.o
 .bss           0x20000204       0x44 Drivers/BSP/X_NUCLEO_IKS01A1/x_nucleo_iks01a1.o
 .bss           0x20000248       0x20 Drivers/BSP/X_NUCLEO_IKS01A1/x_nucleo_iks01a1_humidity.o
 .bss           0x20000268       0x80 Drivers/BSP/X_NUCLEO_IKS01A1/x_nucleo_iks01a1_temperature.o
 .bss           0x200002e8      0x15c Example/User/Src/main.o
 .bss           0x20000444      0x124 Middlewares/Third_Party/FreeRTOS/Source/tasks.o
                0x20000444                pxCurrentTCB
 *(.bss*)
 .bss.__malloc_sbrk_start
                0x20000568        0x4 c:/ac6/systemworkbench/plugins/fr.ac6.mcu.externaltools.arm-none.win32_1.7.0.201602121829/tools/compiler/bin/../lib/gcc/arm-none-eabi/5.2.1/../../../../arm-none-eabi/lib/armv7e-m/fpu\libc_nano.a(lib_a-nano-mallocr.o)
                0x20000568                __malloc_sbrk_start
 .bss.__malloc_free_list
                0x2000056c        0x4 c:/ac6/systemworkbench/plugins/fr.ac6.mcu.externaltools.arm-none.win32_1.7.0.201602121829/tools/compiler/bin/../lib/gcc/arm-none-eabi/5.2.1/../../../../arm-none-eabi/lib/armv7e-m/fpu\libc_nano.a(lib_a-nano-mallocr.o)
                0x2000056c                __malloc_free_list
 .bss.heap_end.4169
                0x20000570        0x4 c:/ac6/systemworkbench/plugins/fr.ac6.mcu.externaltools.arm-none.win32_1.7.0.201602121829/tools/compiler/bin/../lib/gcc/arm-none-eabi/5.2.1/../../../../arm-none-eabi/lib/armv7e-m/fpu\libnosys.a(sbrk.o)
 *(COMMON)
 COMMON         0x20000574        0x4 Drivers/BSP/Components/HTS221_Driver_HL.o
                0x20000574                HTS221_Combo_Data
 COMMON         0x20000578        0x8 Drivers/BSP/Components/LPS22HB_Driver_HL.o
                0x20000578                LPS22HB_Combo_Data
 COMMON         0x20000580        0x8 Drivers/BSP/Components/LPS25HB_Driver_HL.o
                0x20000580                LPS25HB_Combo_Data
 COMMON         0x20000588        0x4 Drivers/STM32F4xx_HAL_Driver/stm32f4xx_hal.o
                0x20000588                uwTick
 COMMON         0x2000058c      0x240 Example/User/Src/com.o
                0x2000058c                UartHandle
                0x200005cc                UART_RxBuffer
                0x200006cc                UART_TxBuffer
 COMMON         0x200007cc       0x3c Example/User/Src/stm32f4xx_hal_timebase_TIM.o
                0x200007cc                htim1