Archive member included to satisfy reference by file (symbol)

c:/ac6/systemworkbench/plugins/fr.ac6.mcu.externaltools.arm-none.win32_1.7.0.201602121829/tools/compiler/bin/../lib/gcc/arm-none-eabi/5.2.1/../../../../arm-none-eabi/lib/armv7e-m/fpu\libm.a(lib_a-s_trunc.o)
                              Example/User/Src/main.o (trunc)
c:/ac6/systemworkbench/plugins/fr.ac6.mcu.externaltools.arm-none.win32_1.7.0.201602121829/tools/compiler/bin/../lib/gcc/arm-none-eabi/5.2.1/../../../../arm-none-eabi/lib/armv7e-m/fpu\libm.a(lib_a-w_pow.o)
                              Example/User/Src/main.o (pow)
c:/ac6/systemworkbench/plugins/fr.ac6.mcu.externaltools.arm-none.win32_1.7.0.201602121829/tools/compiler/bin/../lib/gcc/arm-none-eabi/5.2.1/../../../../arm-none-eabi/lib/armv7e-m/fpu\libm.a(lib_a-e_pow.o)
                              c:/ac6/systemworkbench/plugins/fr.ac6.mcu.externaltools.arm-none.win32_1.7.0.201602121829/tools/compiler/bin/../lib/gcc/arm-none-eabi/5.2.1/../../../../arm-none-eabi/lib/armv7e-m/fpu\libm.a(lib_a-w_pow.o) (__ieee754_pow)
c:/ac6/systemworkbench/plugins/fr.ac6.mcu.externaltools.arm-none.win32_1.7.0.201602121829/tools/compiler/bin/../lib/gcc/arm-none-eabi/5.2.1/../../../../arm-none-eabi/lib/armv7e-m/fpu\libm.a(lib_a-e_sqrt.o)
                              c:/ac6/systemworkbench/plugins/fr.ac6.mcu.externaltools.arm-none.win32_1.7.0.201602121829/tools/compiler/bin/../lib/gcc/arm-none-eabi/5.2.1/../../../../arm-none-eabi/lib/armv7e-m/fpu\libm.a(lib_a-e_pow.o) (__ieee754_sqrt)
c:/ac6/systemworkbench/plugins/fr.ac6.mcu.externaltools.arm-none.win32_1.7.0.201602121829/tools/compiler/bin/../lib/gcc/arm-none-eabi/5.2.1/../../../../arm-none-eabi/lib/armv7e-m/fpu\libm.a(lib_a-s_fabs.o)
                              c:/ac6/systemworkbench/plugins/fr.ac6.mcu.externaltools.arm-none.win32_1.7.0.201602121829/tools/compiler/bin/../lib/gcc/arm-none-eabi/5.2.1/../../../../arm-none-eabi/lib/armv7e-m/fpu\libm.a(lib_a-e_pow.o) (fabs)
c:/ac6/systemworkbench/plugins/fr.ac6.mcu.externaltools.arm-none.win32_1.7.0.201602121829/tools/compiler/bin/../lib/gcc/arm-none-eabi/5.2.1/../../../../arm-none-eabi/lib/armv7e-m/fpu\libm.a(lib_a-s_finite.o)
                              c:/ac6/systemworkbench/plugins/fr.ac6.mcu.externaltools.arm-none.win32_1.7.0.201602121829/tools/compiler/bin/../lib/gcc/arm-none-eabi/5.2.1/../../../../arm-none-eabi/lib/armv7e-m/fpu\libm.a(lib_a-w_pow.o) (finite)
c:/ac6/systemworkbench/plugins/fr.ac6.mcu.externaltools.arm-none.win32_1.7.0.201602121829/tools/compiler/bin/../lib/gcc/arm-none-eabi/5.2.1/../../../../arm-none-eabi/lib/armv7e-m/fpu\libm.a(lib_a-s_fpclassify.o)
                              c:/ac6/systemworkbench/plugins/fr.ac6.mcu.externaltools.arm-none.win32_1.7.0.201602121829/tools/compiler/bin/../lib/gcc/arm-none-eabi/5.2.1/../../../../arm-none-eabi/lib/armv7e-m/fpu\libm.a(lib_a-w_pow.o) (__fpclassifyd)
c:/ac6/systemworkbench/plugins/fr.ac6.mcu.externaltools.arm-none.win32_1.7.0.201602121829/tools/compiler/bin/../lib/gcc/arm-none-eabi/5.2.1/../../../../arm-none-eabi/lib/armv7e-m/fpu\libm.a(lib_a-s_lib_ver.o)
                              c:/ac6/systemworkbench/plugins/fr.ac6.mcu.externaltools.arm-none.win32_1.7.0.201602121829/tools/compiler/bin/../lib/gcc/arm-none-eabi/5.2.1/../../../../arm-none-eabi/lib/armv7e-m/fpu\libm.a(lib_a-w_pow.o) (__fdlib_version)
c:/ac6/systemworkbench/plugins/fr.ac6.mcu.externaltools.arm-none.win32_1.7.0.201602121829/tools/compiler/bin/../lib/gcc/arm-none-eabi/5.2.1/../../../../arm-none-eabi/lib/armv7e-m/fpu\libm.a(lib_a-s_matherr.o)
                              c:/ac6/systemworkbench/plugins/fr.ac6.mcu.externaltools.arm-none.win32_1.7.0.201602121829/tools/compiler/bin/../lib/gcc/arm-none-eabi/5.2.1/../../../../arm-none-eabi/lib/armv7e-m/fpu\libm.a(lib_a-w_pow.o) (matherr)
c:/ac6/systemworkbench/plugins/fr.ac6.mcu.externaltools.arm-none.win32_1.7.0.201602121829/tools/compiler/bin/../lib/gcc/arm-none-eabi/5.2.1/../../../../arm-none-eabi/lib/armv7e-m/fpu\libm.a(lib_a-s_nan.o)
                              c:/ac6/systemworkbench/plugins/fr.ac6.mcu.externaltools.arm-none.win32_1.7.0.201602121829/tools/compiler/bin/../lib/gcc/arm-none-eabi/5.2.1/../../../../arm-none-eabi/lib/armv7e-m/fpu\libm.a(lib_a-e_pow.o) (nan)
c:/ac6/systemworkbench/plugins/fr.ac6.mcu.externaltools.arm-none.win32_1.7.0.201602121829/tools/compiler/bin/../lib/gcc/arm-none-eabi/5.2.1/../../../../arm-none-eabi/lib/armv7e-m/fpu\libm.a(lib_a-s_rint.o)
                              c:/ac6/systemworkbench/plugins/fr.ac6.mcu.externaltools.arm-none.win32_1.7.0.201602121829/tools/compiler/bin/../lib/gcc/arm-none-eabi/5.2.1/../../../../arm-none-eabi/lib/armv7e-m/fpu\libm.a(lib_a-w_pow.o) (rint)
c:/ac6/systemworkbench/plugins/fr.ac6.mcu.externaltools.arm-none.win32_1.7.0.201602121829/tools/compiler/bin/../lib/gcc/arm-none-eabi/5.2.1/../../../../arm-none-eabi/lib/armv7e-m/fpu\libm.a(lib_a-s_scalbn.o)
[...]
Memory Configuration

Name             Origin             Length             Attributes
FLASH            0x08000000         0x00080000         xr
RAM              0x20000000         0x00018000         xrw
*default*        0x00000000         0xffffffff

Linker script and memory map

LOAD c:/ac6/systemworkbench/plugins/fr.ac6.mcu.externaltools.arm-none.win32_1.7.0.201602121829/tools/compiler/bin/../lib/gcc/arm-none-eabi/5.2.1/armv7e-m/fpu/crti.o
LOAD c:/ac6/systemworkbench/plugins/fr.ac6.mcu.externaltools.arm-none.win32_1.7.0.201602121829/tools/compiler/bin/../lib/gcc/arm-none-eabi/5.2.1/armv7e-m/fpu/crtbegin.o
LOAD c:/ac6/systemworkbench/plugins/fr.ac6.mcu.externaltools.arm-none.win32_1.7.0.201602121829/tools/compiler/bin/../lib/gcc/arm-none-eabi/5.2.1/../../../../arm-none-eabi/lib/armv7e-m/fpu/crt0.o
LOAD c:/ac6/systemworkbench/plugins/fr.ac6.mcu.externaltools.arm-none.win32_1.7.0.201602121829/tools/compiler/bin/../lib/gcc/arm-none-eabi/5.2.1/../../../../arm-none-eabi/lib/armv7e-m/fpu\libm.a
LOAD Drivers/BSP/Components/HTS221_Driver.o
LOAD Drivers/BSP/Components/HTS221_Driver_HL.o
LOAD Drivers/BSP/Components/LIS3MDL_MAG_driver.o
LOAD Drivers/BSP/Components/LIS3MDL_MAG_driver_HL.o
LOAD Drivers/BSP/Components/LPS22HB_Driver.o
LOAD Drivers/BSP/Components/LPS22HB_Driver_HL.o
LOAD Drivers/BSP/Components/LPS25HB_Driver.o
LOAD Drivers/BSP/Components/LPS25HB_Driver_HL.o
LOAD Drivers/BSP/Components/LSM6DS0_ACC_GYRO_driver.o
LOAD Drivers/BSP/Components/LSM6DS0_ACC_GYRO_driver_HL.o
LOAD Drivers/BSP/Components/LSM6DS3_ACC_GYRO_driver.o
LOAD Drivers/BSP/Components/LSM6DS3_ACC_GYRO_driver_HL.o
LOAD Drivers/BSP/STM32F4xx-Nucleo/stm32f4xx_nucleo.o
LOAD Drivers/BSP/X_NUCLEO_IKS01A1/x_nucleo_iks01a1.o
LOAD Drivers/BSP/X_NUCLEO_IKS01A1/x_nucleo_iks01a1_accelero.o
LOAD Drivers/BSP/X_NUCLEO_IKS01A1/x_nucleo_iks01a1_gyro.o
LOAD Drivers/BSP/X_NUCLEO_IKS01A1/x_nucleo_iks01a1_humidity.o
LOAD Drivers/BSP/X_NUCLEO_IKS01A1/x_nucleo_iks01a1_magneto.o
LOAD Drivers/BSP/X_NUCLEO_IKS01A1/x_nucleo_iks01a1_pressure.o
LOAD Drivers/BSP/X_NUCLEO_IKS01A1/x_nucleo_iks01a1_temperature.o
LOAD Drivers/CMSIS/system_stm32f4xx.o
LOAD Drivers/STM32F4xx_HAL_Driver/stm32f4xx_hal.o
LOAD Drivers/STM32F4xx_HAL_Driver/stm32f4xx_hal_cortex.o
LOAD Drivers/STM32F4xx_HAL_Driver/stm32f4xx_hal_dma.o
LOAD Drivers/STM32F4xx_HAL_Driver/stm32f4xx_hal_dma_ex.o
LOAD Drivers/STM32F4xx_HAL_Driver/stm32f4xx_hal_flash.o
LOAD Drivers/STM32F4xx_HAL_Driver/stm32f4xx_hal_flash_ex.o
LOAD Drivers/STM32F4xx_HAL_Driver/stm32f4xx_hal_gpio.o
LOAD Drivers/STM32F4xx_HAL_Driver/stm32f4xx_hal_i2c.o
LOAD Drivers/STM32F4xx_HAL_Driver/stm32f4xx_hal_i2c_ex.o
LOAD Drivers/STM32F4xx_HAL_Driver/stm32f4xx_hal_rcc.o
LOAD Drivers/STM32F4xx_HAL_Driver/stm32f4xx_hal_rcc_ex.o
LOAD Drivers/STM32F4xx_HAL_Driver/stm32f4xx_hal_rtc.o
LOAD Drivers/STM32F4xx_HAL_Driver/stm32f4xx_hal_rtc_ex.o
LOAD Drivers/STM32F4xx_HAL_Driver/stm32f4xx_hal_tim.o
LOAD Drivers/STM32F4xx_HAL_Driver/stm32f4xx_hal_tim_ex.o
LOAD Drivers/STM32F4xx_HAL_Driver/stm32f4xx_hal_uart.o
LOAD Example/SW4STM32/startup_stm32f401xe.o
LOAD Example/User/Src/PrintUtility.o
LOAD Example/User/Src/SensorApplicationMain.o
LOAD Example/User/Src/SensorFusionMain.o
LOAD Example/User/Src/SensorReaderMain.o
LOAD Example/User/Src/UartInterface.o
LOAD Example/User/Src/com.o
LOAD Example/User/Src/cube_hal_f4.o
LOAD Example/User/Src/freertos.o
LOAD Example/User/Src/main.o
LOAD Example/User/Src/stm32f4xx_hal_msp.o
LOAD Example/User/Src/stm32f4xx_hal_timebase_TIM.o
LOAD Example/User/Src/stm32f4xx_it.o
LOAD Middlewares/Third_Party/FreeRTOS/Source/CMSIS_RTOS/cmsis_os.o
LOAD Middlewares/Third_Party/FreeRTOS/Source/croutine.o
LOAD Middlewares/Third_Party/FreeRTOS/Source/event_groups.o
LOAD Middlewares/Third_Party/FreeRTOS/Source/list.o
LOAD Middlewares/Third_Party/FreeRTOS/Source/queue.o
LOAD Middlewares/Third_Party/FreeRTOS/Source/tasks.o
LOAD Middlewares/Third_Party/FreeRTOS/Source/timers.o
LOAD Middlewares/Third_Party/FreeRTOS/Source/portable/GCC/ARM_CM4F/port.o
LOAD Middlewares/Third_Party/FreeRTOS/Source/portable/MemMang/heap_4.o
LOAD c:/ac6/systemworkbench/plugins/fr.ac6.mcu.externaltools.arm-none.win32_1.7.0.201602121829/tools/compiler/bin/../lib/gcc/arm-none-eabi/5.2.1/../../../../arm-none-eabi/lib/armv7e-m/fpu\libm.a
LOAD c:/ac6/systemworkbench/plugins/fr.ac6.mcu.externaltools.arm-none.win32_1.7.0.201602121829/tools/compiler/bin/../lib/gcc/arm-none-eabi/5.2.1/../../../../arm-none-eabi/lib/armv7e-m/fpu\libc_nano.a
START GROUP
LOAD c:/ac6/systemworkbench/plugins/fr.ac6.mcu.externaltools.arm-none.win32_1.7.0.201602121829/tools/compiler/bin/../lib/gcc/arm-none-eabi/5.2.1/armv7e-m/fpu\libgcc.a
LOAD c:/ac6/systemworkbench/plugins/fr.ac6.mcu.externaltools.arm-none.win32_1.7.0.201602121829/tools/compiler/bin/../lib/gcc/arm-none-eabi/5.2.1/../../../../arm-none-eabi/lib/armv7e-m/fpu\libc_nano.a
END GROUP
START GROUP
LOAD c:/ac6/systemworkbench/plugins/fr.ac6.mcu.externaltools.arm-none.win32_1.7.0.201602121829/tools/compiler/bin/../lib/gcc/arm-none-eabi/5.2.1/armv7e-m/fpu\libgcc.a
LOAD c:/ac6/systemworkbench/plugins/fr.ac6.mcu.externaltools.arm-none.win32_1.7.0.201602121829/tools/compiler/bin/../lib/gcc/arm-none-eabi/5.2.1/../../../../arm-none-eabi/lib/armv7e-m/fpu\libc_nano.a
LOAD c:/ac6/systemworkbench/plugins/fr.ac6.mcu.externaltools.arm-none.win32_1.7.0.201602121829/tools/compiler/bin/../lib/gcc/arm-none-eabi/5.2.1/../../../../arm-none-eabi/lib/armv7e-m/fpu\libnosys.a
END GROUP
START GROUP
LOAD c:/ac6/systemworkbench/plugins/fr.ac6.mcu.externaltools.arm-none.win32_1.7.0.201602121829/tools/compiler/bin/../lib/gcc/arm-none-eabi/5.2.1/armv7e-m/fpu\libgcc.a
LOAD c:/ac6/systemworkbench/plugins/fr.ac6.mcu.externaltools.arm-none.win32_1.7.0.201602121829/tools/compiler/bin/../lib/gcc/arm-none-eabi/5.2.1/../../../../arm-none-eabi/lib/armv7e-m/fpu\libc_nano.a
LOAD c:/ac6/systemworkbench/plugins/fr.ac6.mcu.externaltools.arm-none.win32_1.7.0.201602121829/tools/compiler/bin/../lib/gcc/arm-none-eabi/5.2.1/../../../../arm-none-eabi/lib/armv7e-m/fpu\libnosys.a
END GROUP
LOAD c:/ac6/systemworkbench/plugins/fr.ac6.mcu.externaltools.arm-none.win32_1.7.0.201602121829/tools/compiler/bin/../lib/gcc/arm-none-eabi/5.2.1/armv7e-m/fpu/crtend.o
LOAD c:/ac6/systemworkbench/plugins/fr.ac6.mcu.externaltools.arm-none.win32_1.7.0.201602121829/tools/compiler/bin/../lib/gcc/arm-none-eabi/5.2.1/armv7e-m/fpu/crtn.o
                0x20018000                _estack = 0x20018000
                0x00000200                _Min_Heap_Size = 0x200
                0x00000400                _Min_Stack_Size = 0x400

.isr_vector     0x08000000      0x194
                0x08000000                . = ALIGN (0x4)
 *(.isr_vector)
 .isr_vector    0x08000000      0x194 Example/SW4STM32/startup_stm32f401xe.o
                0x08000000                g_pfnVectors
                0x08000194                . = ALIGN (0x4)

.text           0x080001a0     0xefa4
                0x080001a0                . = ALIGN (0x4)
 *(.text)
 .text          0x080001a0       0xa4 c:/ac6/systemworkbench/plugins/fr.ac6.mcu.externaltools.arm-none.win32_1.7.0.201602121829/tools/compiler/bin/../lib/gcc/arm-none-eabi/5.2.1/armv7e-m/fpu/crtbegin.o
 .text          0x08000244       0x10 c:/ac6/systemworkbench/plugins/fr.ac6.mcu.externaltools.arm-none.win32_1.7.0.201602121829/tools/compiler/bin/../lib/gcc/arm-none-eabi/5.2.1/../../../../arm-none-eabi/lib/armv7e-m/fpu\libc_nano.a(lib_a-strlen.o)
                0x08000244                strlen
 *fill*         0x08000254        0xc 
 .text          0x08000260       0xa0 c:/ac6/systemworkbench/plugins/fr.ac6.mcu.externaltools.arm-none.win32_1.7.0.201602121829/tools/compiler/bin/../lib/gcc/arm-none-eabi/5.2.1/../../../../arm-none-eabi/lib/armv7e-m/fpu\libc_nano.a(lib_a-memchr.o)
                0x08000260                memchr
 .text          0x08000300      0x370 c:/ac6/systemworkbench/plugins/fr.ac6.mcu.externaltools.arm-none.win32_1.7.0.201602121829/tools/compiler/bin/../lib/gcc/arm-none-eabi/5.2.1/armv7e-m/fpu\libgcc.a(_arm_addsubdf3.o)
                0x08000300                __aeabi_drsub
                0x08000308                __aeabi_dsub
                0x08000308                __subdf3
                0x0800030c                __aeabi_dadd
                0x0800030c                __adddf3
                0x08000584                __floatunsidf
                0x08000584                __aeabi_ui2d
                0x080005a4                __floatsidf
                0x080005a4                __aeabi_i2d
                0x080005c8                __aeabi_f2d
                0x080005c8                __extendsfdf2
                0x08000604                __floatundidf
                0x08000604                __aeabi_ul2d
                0x08000614                __floatdidf
                0x08000614                __aeabi_l2d
 .text          0x08000670      0x424 c:/ac6/systemworkbench/plugins/fr.ac6.mcu.externaltools.arm-none.win32_1.7.0.201602121829/tools/compiler/bin/../lib/gcc/arm-none-eabi/5.2.1/armv7e-m/fpu\libgcc.a(_arm_muldivdf3.o)
                0x08000670                __aeabi_dmul
                0x08000670                __muldf3
                0x080008c4                __divdf3
                0x080008c4                __aeabi_ddiv
 .text          0x08000a94      0x110 c:/ac6/systemworkbench/plugins/fr.ac6.mcu.externaltools.arm-none.win32_1.7.0.201602121829/tools/compiler/bin/../lib/gcc/arm-none-eabi/5.2.1/armv7e-m/fpu\libgcc.a(_arm_cmpdf2.o)
                0x08000a94                __gtdf2
                0x08000a94                __gedf2
                0x08000a9c                __ltdf2
                0x08000a9c                __ledf2
                0x08000aa4                __nedf2
                0x08000aa4                __eqdf2
                0x08000aa4                __cmpdf2
                0x08000b20                __aeabi_cdrcmple
                0x08000b30                __aeabi_cdcmpeq
                0x08000b30                __aeabi_cdcmple
                0x08000b40                __aeabi_dcmpeq
                0x08000b54                __aeabi_dcmplt
                0x08000b68                __aeabi_dcmple
                0x08000b7c                __aeabi_dcmpge
                0x08000b90                __aeabi_dcmpgt
 .text          0x08000ba4       0x50 c:/ac6/systemworkbench/plugins/fr.ac6.mcu.externaltools.arm-none.win32_1.7.0.201602121829/tools/compiler/bin/../lib/gcc/arm-none-eabi/5.2.1/armv7e-m/fpu\libgcc.a(_arm_fixdfsi.o)
                0x08000ba4                __aeabi_d2iz
                0x08000ba4                __fixdfsi
 *(.text*)
 .text.LIS3MDL_MAG_ReadReg
                0x08000bf4       0x30 Drivers/BSP/Components/LIS3MDL_MAG_driver.o
 .text.LIS3MDL_MAG_WriteReg
                0x08000c24       0x30 Drivers/BSP/Components/LIS3MDL_MAG_driver.o
 .text.LIS3MDL_MAG_R_WHO_AM_I_
                0x08000c54       0x38 Drivers/BSP/Components/LIS3MDL_MAG_driver.o
                0x08000c54                LIS3MDL_MAG_R_WHO_AM_I_
 .text.LIS3MDL_MAG_W_OutputDataRate
                0x08000c8c       0x58 Drivers/BSP/Components/LIS3MDL_MAG_driver.o
                0x08000c8c                LIS3MDL_MAG_W_OutputDataRate
 .text.LIS3MDL_MAG_R_OutputDataRate
                0x08000ce4       0x38 Drivers/BSP/Components/LIS3MDL_MAG_driver.o
                0x08000ce4                LIS3MDL_MAG_R_OutputDataRate
 .text.LIS3MDL_MAG_W_OperatingModeXY
                0x08000d1c       0x58 Drivers/BSP/Components/LIS3MDL_MAG_driver.o
                0x08000d1c                LIS3MDL_MAG_W_OperatingModeXY
 .text.LIS3MDL_MAG_W_TemperatureSensor
                0x08000d74       0x58 Drivers/BSP/Components/LIS3MDL_MAG_driver.o
                0x08000d74                LIS3MDL_MAG_W_TemperatureSensor
 .text.LIS3MDL_MAG_W_FullScale
                0x08000dcc       0x58 Drivers/BSP/Components/LIS3MDL_MAG_driver.o
                0x08000dcc                LIS3MDL_MAG_W_FullScale
 .text.LIS3MDL_MAG_R_FullScale
                0x08000e24       0x38 Drivers/BSP/Components/LIS3MDL_MAG_driver.o
                0x08000e24                LIS3MDL_MAG_R_FullScale
 .text.LIS3MDL_MAG_W_SystemOperatingMode
                0x08000e5c       0x58 Drivers/BSP/Components/LIS3MDL_MAG_driver.o
                0x08000e5c                LIS3MDL_MAG_W_SystemOperatingMode
 .text.LIS3MDL_MAG_W_BlockDataUpdate
                0x08000eb4       0x58 Drivers/BSP/Components/LIS3MDL_MAG_driver.o
                0x08000eb4                LIS3MDL_MAG_W_BlockDataUpdate
 .text.LIS3MDL_MAG_Get_Magnatic
                0x08000f0c       0x68 Drivers/BSP/Components/LIS3MDL_MAG_driver.o
                0x08000f0c                LIS3MDL_MAG_Get_Magnatic
 .text.LIS3MDL_Init
                0x08000f74       0x94 Drivers/BSP/Components/LIS3MDL_MAG_driver_HL.o
 .text.LIS3MDL_DeInit
                0x08001008       0x38 Drivers/BSP/Components/LIS3MDL_MAG_driver_HL.o
 .text.LIS3MDL_Sensor_Enable
                0x08001040       0x38 Drivers/BSP/Components/LIS3MDL_MAG_driver_HL.o
 .text.LIS3MDL_Sensor_Disable
                0x08001078       0x38 Drivers/BSP/Components/LIS3MDL_MAG_driver_HL.o
 .text.LIS3MDL_Get_WhoAmI
                0x080010b0       0x28 Drivers/BSP/Components/LIS3MDL_MAG_driver_HL.o
 .text.LIS3MDL_Check_WhoAmI
                0x080010d8       0x3c Drivers/BSP/Components/LIS3MDL_MAG_driver_HL.o
 .text.LIS3MDL_Get_Axes
                0x08001114       0xa8 Drivers/BSP/Components/LIS3MDL_MAG_driver_HL.o
 .text.LIS3MDL_Get_AxesRaw
                0x080011bc       0x3c Drivers/BSP/Components/LIS3MDL_MAG_driver_HL.o
 .text.LIS3MDL_Get_Sensitivity
                0x080011f8       0x80 Drivers/BSP/Components/LIS3MDL_MAG_driver_HL.o
 .text.LIS3MDL_Get_ODR
                0x08001278      0x118 Drivers/BSP/Components/LIS3MDL_MAG_driver_HL.o
 .text.LIS3MDL_Set_ODR
                0x08001390       0x6c Drivers/BSP/Components/LIS3MDL_MAG_driver_HL.o
 .text.LIS3MDL_Set_ODR_Value
                0x080013fc       0xcc Drivers/BSP/Components/LIS3MDL_MAG_driver_HL.o
 .text.LIS3MDL_Get_FS
                0x080014c8       0x7c Drivers/BSP/Components/LIS3MDL_MAG_driver_HL.o
 .text.LIS3MDL_Set_FS
                0x08001544       0x50 Drivers/BSP/Components/LIS3MDL_MAG_driver_HL.o
 .text.LIS3MDL_Set_FS_Value
                0x08001594       0x70 Drivers/BSP/Components/LIS3MDL_MAG_driver_HL.o
 .text.LIS3MDL_Get_Axes_Raw
                0x08001604       0x7c Drivers/BSP/Components/LIS3MDL_MAG_driver_HL.o
 .text.LSM6DS0_ACC_GYRO_ReadReg
                0x08001680       0x30 Drivers/BSP/Components/LSM6DS0_ACC_GYRO_driver.o
 .text.LSM6DS0_ACC_GYRO_WriteReg
                0x080016b0       0x30 Drivers/BSP/Components/LSM6DS0_ACC_GYRO_driver.o
 .text.LSM6DS0_ACC_GYRO_R_WHO_AM_I_
                0x080016e0       0x38 Drivers/BSP/Components/LSM6DS0_ACC_GYRO_driver.o
                0x080016e0                LSM6DS0_ACC_GYRO_R_WHO_AM_I_
 .text.LSM6DS0_ACC_GYRO_W_GyroFullScale
                0x08001718       0x8c Drivers/BSP/Components/LSM6DS0_ACC_GYRO_driver.o
                0x08001718                LSM6DS0_ACC_GYRO_W_GyroFullScale
 .text.LSM6DS0_ACC_GYRO_R_GyroFullScale
                0x080017a4       0x38 Drivers/BSP/Components/LSM6DS0_ACC_GYRO_driver.o
                0x080017a4                LSM6DS0_ACC_GYRO_R_GyroFullScale
 .text.LSM6DS0_ACC_GYRO_W_GyroDataRate
                0x080017dc       0x58 Drivers/BSP/Components/LSM6DS0_ACC_GYRO_driver.o
                0x080017dc                LSM6DS0_ACC_GYRO_W_GyroDataRate
 .text.LSM6DS0_ACC_GYRO_R_GyroDataRate
                0x08001834       0x38 Drivers/BSP/Components/LSM6DS0_ACC_GYRO_driver.o
                0x08001834                LSM6DS0_ACC_GYRO_R_GyroDataRate
 .text.LSM6DS0_ACC_GYRO_W_GyroAxisX
                0x0800186c       0x58 Drivers/BSP/Components/LSM6DS0_ACC_GYRO_driver.o
                0x0800186c                LSM6DS0_ACC_GYRO_W_GyroAxisX
 .text.LSM6DS0_ACC_GYRO_R_GyroAxisX
                0x080018c4       0x38 Drivers/BSP/Components/LSM6DS0_ACC_GYRO_driver.o
                0x080018c4                LSM6DS0_ACC_GYRO_R_GyroAxisX
 .text.LSM6DS0_ACC_GYRO_W_GyroAxisY
                0x080018fc       0x58 Drivers/BSP/Components/LSM6DS0_ACC_GYRO_driver.o
                0x080018fc                LSM6DS0_ACC_GYRO_W_GyroAxisY
 .text.LSM6DS0_ACC_GYRO_R_GyroAxisY
                0x08001954       0x38 Drivers/BSP/Components/LSM6DS0_ACC_GYRO_driver.o
                0x08001954                LSM6DS0_ACC_GYRO_R_GyroAxisY
 .text.LSM6DS0_ACC_GYRO_W_GyroAxisZ
                0x0800198c       0x58 Drivers/BSP/Components/LSM6DS0_ACC_GYRO_driver.o
                0x0800198c                LSM6DS0_ACC_GYRO_W_GyroAxisZ
 .text.LSM6DS0_ACC_GYRO_R_GyroAxisZ
                0x080019e4       0x38 Drivers/BSP/Components/LSM6DS0_ACC_GYRO_driver.o
                0x080019e4                LSM6DS0_ACC_GYRO_R_GyroAxisZ
 .text.LSM6DS0_ACC_GYRO_W_AccelerometerAxisX
                0x08001a1c       0x58 Drivers/BSP/Components/LSM6DS0_ACC_GYRO_driver.o
                0x08001a1c                LSM6DS0_ACC_GYRO_W_AccelerometerAxisX
 .text.LSM6DS0_ACC_GYRO_R_AccelerometerAxisX
                0x08001a74       0x38 Drivers/BSP/Components/LSM6DS0_ACC_GYRO_driver.o
                0x08001a74                LSM6DS0_ACC_GYRO_R_AccelerometerAxisX
 .text.LSM6DS0_ACC_GYRO_W_AccelerometerAxisY
                0x08001aac       0x58 Drivers/BSP/Components/LSM6DS0_ACC_GYRO_driver.o
                0x08001aac                LSM6DS0_ACC_GYRO_W_AccelerometerAxisY
 .text.LSM6DS0_ACC_GYRO_R_AccelerometerAxisY
                0x08001b04       0x38 Drivers/BSP/Components/LSM6DS0_ACC_GYRO_driver.o
                0x08001b04                LSM6DS0_ACC_GYRO_R_AccelerometerAxisY
 .text.LSM6DS0_ACC_GYRO_W_AccelerometerAxisZ
                0x08001b3c       0x58 Drivers/BSP/Components/LSM6DS0_ACC_GYRO_driver.o
                0x08001b3c                LSM6DS0_ACC_GYRO_W_AccelerometerAxisZ
 .text.LSM6DS0_ACC_GYRO_R_AccelerometerAxisZ
                0x08001b94       0x38 Drivers/BSP/Components/LSM6DS0_ACC_GYRO_driver.o
                0x08001b94                LSM6DS0_ACC_GYRO_R_AccelerometerAxisZ
 .text.LSM6DS0_ACC_GYRO_W_AccelerometerFullScale
                0x08001bcc       0x58 Drivers/BSP/Components/LSM6DS0_ACC_GYRO_driver.o
                0x08001bcc                LSM6DS0_ACC_GYRO_W_AccelerometerFullScale
 .text.LSM6DS0_ACC_GYRO_R_AccelerometerFullScale
                0x08001c24       0x38 Drivers/BSP/Components/LSM6DS0_ACC_GYRO_driver.o
                0x08001c24                LSM6DS0_ACC_GYRO_R_AccelerometerFullScale
 .text.LSM6DS0_ACC_GYRO_W_AccelerometerDataRate
                0x08001c5c       0x58 Drivers/BSP/Components/LSM6DS0_ACC_GYRO_driver.o
                0x08001c5c                LSM6DS0_ACC_GYRO_W_AccelerometerDataRate
 .text.LSM6DS0_ACC_GYRO_R_AccelerometerDataRate
                0x08001cb4       0x38 Drivers/BSP/Components/LSM6DS0_ACC_GYRO_driver.o
                0x08001cb4                LSM6DS0_ACC_GYRO_R_AccelerometerDataRate
 .text.LSM6DS0_ACC_GYRO_W_BlockDataUpdate
                0x08001cec       0x58 Drivers/BSP/Components/LSM6DS0_ACC_GYRO_driver.o
                0x08001cec                LSM6DS0_ACC_GYRO_W_BlockDataUpdate
 .text.LSM6DS0_ACC_GYRO_Get_AngularRate
                0x08001d44       0x68 Drivers/BSP/Components/LSM6DS0_ACC_GYRO_driver.o
                0x08001d44                LSM6DS0_ACC_GYRO_Get_AngularRate
 .text.LSM6DS0_ACC_GYRO_Get_Acceleration
                0x08001dac       0x68 Drivers/BSP/Components/LSM6DS0_ACC_GYRO_driver.o
                0x08001dac                LSM6DS0_ACC_GYRO_Get_Acceleration
 .text.LSM6DS0_X_Init
                0x08001e14       0x9c Drivers/BSP/Components/LSM6DS0_ACC_GYRO_driver_HL.o
 .text.LSM6DS0_X_DeInit
                0x08001eb0       0x4c Drivers/BSP/Components/LSM6DS0_ACC_GYRO_driver_HL.o
 .text.LSM6DS0_X_Sensor_Enable
                0x08001efc       0x4c Drivers/BSP/Components/LSM6DS0_ACC_GYRO_driver_HL.o
 .text.LSM6DS0_X_Sensor_Disable
                0x08001f48       0x58 Drivers/BSP/Components/LSM6DS0_ACC_GYRO_driver_HL.o
 .text.LSM6DS0_X_Get_WhoAmI
                0x08001fa0       0x1c Drivers/BSP/Components/LSM6DS0_ACC_GYRO_driver_HL.o
 .text.LSM6DS0_X_Check_WhoAmI
                0x08001fbc       0x18 Drivers/BSP/Components/LSM6DS0_ACC_GYRO_driver_HL.o
 .text.LSM6DS0_X_Get_Axes
                0x08001fd4       0xa8 Drivers/BSP/Components/LSM6DS0_ACC_GYRO_driver_HL.o
 .text.LSM6DS0_X_Get_AxesRaw
                0x0800207c       0x3c Drivers/BSP/Components/LSM6DS0_ACC_GYRO_driver_HL.o
 .text.LSM6DS0_X_Get_Sensitivity
                0x080020b8       0x6c Drivers/BSP/Components/LSM6DS0_ACC_GYRO_driver_HL.o
 .text.LSM6DS0_X_Get_ODR
                0x08002124       0xd4 Drivers/BSP/Components/LSM6DS0_ACC_GYRO_driver_HL.o
 .text.LSM6DS0_X_Set_ODR
                0x080021f8       0x48 Drivers/BSP/Components/LSM6DS0_ACC_GYRO_driver_HL.o
 .text.LSM6DS0_X_Set_ODR_Value
                0x08002240       0x48 Drivers/BSP/Components/LSM6DS0_ACC_GYRO_driver_HL.o
 .text.LSM6DS0_X_Get_FS
                0x08002288       0xd0 Drivers/BSP/Components/LSM6DS0_ACC_GYRO_driver_HL.o
 .text.LSM6DS0_X_Set_FS
                0x08002358       0x50 Drivers/BSP/Components/LSM6DS0_ACC_GYRO_driver_HL.o
 .text.LSM6DS0_X_Set_FS_Value
                0x080023a8       0x70 Drivers/BSP/Components/LSM6DS0_ACC_GYRO_driver_HL.o
 .text.LSM6DS0_X_Get_Axes_Status
                0x08002418       0x8c Drivers/BSP/Components/LSM6DS0_ACC_GYRO_driver_HL.o
 .text.LSM6DS0_X_Set_Axes_Status
                0x080024a4       0x78 Drivers/BSP/Components/LSM6DS0_ACC_GYRO_driver_HL.o
 .text.LSM6DS0_G_Init
                0x0800251c       0xa4 Drivers/BSP/Components/LSM6DS0_ACC_GYRO_driver_HL.o
 .text.LSM6DS0_G_DeInit
                0x080025c0       0x4c Drivers/BSP/Components/LSM6DS0_ACC_GYRO_driver_HL.o
 .text.LSM6DS0_G_Sensor_Enable
                0x0800260c       0x54 Drivers/BSP/Components/LSM6DS0_ACC_GYRO_driver_HL.o
 .text.LSM6DS0_G_Sensor_Disable
                0x08002660       0x68 Drivers/BSP/Components/LSM6DS0_ACC_GYRO_driver_HL.o
 .text.LSM6DS0_G_Get_WhoAmI
                0x080026c8       0x1c Drivers/BSP/Components/LSM6DS0_ACC_GYRO_driver_HL.o
 .text.LSM6DS0_G_Check_WhoAmI
                0x080026e4       0x18 Drivers/BSP/Components/LSM6DS0_ACC_GYRO_driver_HL.o
 .text.LSM6DS0_G_Get_Axes
                0x080026fc       0xa8 Drivers/BSP/Components/LSM6DS0_ACC_GYRO_driver_HL.o
 .text.LSM6DS0_G_Get_AxesRaw
                0x080027a4       0x3c Drivers/BSP/Components/LSM6DS0_ACC_GYRO_driver_HL.o
 .text.LSM6DS0_G_Get_Sensitivity
                0x080027e0       0x6c Drivers/BSP/Components/LSM6DS0_ACC_GYRO_driver_HL.o
 .text.LSM6DS0_G_Get_ODR
                0x0800284c       0xb0 Drivers/BSP/Components/LSM6DS0_ACC_GYRO_driver_HL.o
 .text.LSM6DS0_G_Set_ODR
                0x080028fc       0x48 Drivers/BSP/Components/LSM6DS0_ACC_GYRO_driver_HL.o
 .text.LSM6DS0_G_Set_ODR_Value
                0x08002944       0x48 Drivers/BSP/Components/LSM6DS0_ACC_GYRO_driver_HL.o
 .text.LSM6DS0_G_Get_FS
                0x0800298c       0x6c Drivers/BSP/Components/LSM6DS0_ACC_GYRO_driver_HL.o
 .text.LSM6DS0_G_Set_FS
                0x080029f8       0x50 Drivers/BSP/Components/LSM6DS0_ACC_GYRO_driver_HL.o
 .text.LSM6DS0_G_Set_FS_Value
                0x08002a48       0x64 Drivers/BSP/Components/LSM6DS0_ACC_GYRO_driver_HL.o
 .text.LSM6DS0_G_Get_Axes_Status
                0x08002aac       0x8c Drivers/BSP/Components/LSM6DS0_ACC_GYRO_driver_HL.o
 .text.LSM6DS0_G_Set_Axes_Status
                0x08002b38       0x78 Drivers/BSP/Components/LSM6DS0_ACC_GYRO_driver_HL.o
 .text.LSM6DS0_Get_WhoAmI
                0x08002bb0       0x28 Drivers/BSP/Components/LSM6DS0_ACC_GYRO_driver_HL.o
 .text.LSM6DS0_Check_WhoAmI
                0x08002bd8       0x3c Drivers/BSP/Components/LSM6DS0_ACC_GYRO_driver_HL.o
 .text.LSM6DS0_X_Get_Axes_Raw
                0x08002c14       0x7c Drivers/BSP/Components/LSM6DS0_ACC_GYRO_driver_HL.o
 .text.LSM6DS0_X_Set_ODR_When_Enabled
                0x08002c90       0x6c Drivers/BSP/Components/LSM6DS0_ACC_GYRO_driver_HL.o
 .text.LSM6DS0_X_Set_ODR_When_Disabled
                0x08002cfc       0x80 Drivers/BSP/Components/LSM6DS0_ACC_GYRO_driver_HL.o
 .text.LSM6DS0_X_Set_ODR_Value_When_Enabled
                0x08002d7c       0xac Drivers/BSP/Components/LSM6DS0_ACC_GYRO_driver_HL.o
 .text.LSM6DS0_X_Set_ODR_Value_When_Disabled
                0x08002e28       0xc4 Drivers/BSP/Components/LSM6DS0_ACC_GYRO_driver_HL.o
 .text.LSM6DS0_G_Get_Axes_Raw
                0x08002eec       0x7c Drivers/BSP/Components/LSM6DS0_ACC_GYRO_driver_HL.o
 .text.LSM6DS0_G_Set_ODR_When_Enabled
                0x08002f68       0x90 Drivers/BSP/Components/LSM6DS0_ACC_GYRO_driver_HL.o
 .text.LSM6DS0_G_Set_ODR_When_Disabled
                0x08002ff8       0xa8 Drivers/BSP/Components/LSM6DS0_ACC_GYRO_driver_HL.o
 .text.LSM6DS0_G_Set_ODR_Value_When_Enabled
                0x080030a0       0xd0 Drivers/BSP/Components/LSM6DS0_ACC_GYRO_driver_HL.o
 .text.LSM6DS0_G_Set_ODR_Value_When_Disabled
                0x08003170      0x138 Drivers/BSP/Components/LSM6DS0_ACC_GYRO_driver_HL.o
 .text.LSM6DS3_ACC_GYRO_ReadReg
                0x080032a8       0x30 Drivers/BSP/Components/LSM6DS3_ACC_GYRO_driver.o
 .text.LSM6DS3_ACC_GYRO_WriteReg
                0x080032d8       0x30 Drivers/BSP/Components/LSM6DS3_ACC_GYRO_driver.o
 .text.LSM6DS3_ACC_GYRO_W_Open_RAM_Page
                0x08003308       0x58 Drivers/BSP/Components/LSM6DS3_ACC_GYRO_driver.o
                0x08003308                LSM6DS3_ACC_GYRO_W_Open_RAM_Page
 .text.LSM6DS3_ACC_GYRO_W_FIFO_MODE
                0x08003360       0x58 Drivers/BSP/Components/LSM6DS3_ACC_GYRO_driver.o
                0x08003360                LSM6DS3_ACC_GYRO_W_FIFO_MODE
 .text.LSM6DS3_ACC_GYRO_W_PEDO_STEP_on_INT1
                0x080033b8       0x58 Drivers/BSP/Components/LSM6DS3_ACC_GYRO_driver.o
                0x080033b8                LSM6DS3_ACC_GYRO_W_PEDO_STEP_on_INT1
 .text.LSM6DS3_ACC_GYRO_R_WHO_AM_I
                0x08003410       0x38 Drivers/BSP/Components/LSM6DS3_ACC_GYRO_driver.o
                0x08003410                LSM6DS3_ACC_GYRO_R_WHO_AM_I
 .text.LSM6DS3_ACC_GYRO_W_FS_XL
                0x08003448       0x58 Drivers/BSP/Components/LSM6DS3_ACC_GYRO_driver.o
                0x08003448                LSM6DS3_ACC_GYRO_W_FS_XL
 .text.LSM6DS3_ACC_GYRO_R_FS_XL
                0x080034a0       0x38 Drivers/BSP/Components/LSM6DS3_ACC_GYRO_driver.o
                0x080034a0                LSM6DS3_ACC_GYRO_R_FS_XL
 .text.LSM6DS3_ACC_GYRO_W_ODR_XL
                0x080034d8       0x58 Drivers/BSP/Components/LSM6DS3_ACC_GYRO_driver.o
                0x080034d8                LSM6DS3_ACC_GYRO_W_ODR_XL
 .text.LSM6DS3_ACC_GYRO_R_ODR_XL
                0x08003530       0x38 Drivers/BSP/Components/LSM6DS3_ACC_GYRO_driver.o
                0x08003530                LSM6DS3_ACC_GYRO_R_ODR_XL
 .text.LSM6DS3_ACC_GYRO_W_FS_125
                0x08003568       0x58 Drivers/BSP/Components/LSM6DS3_ACC_GYRO_driver.o
                0x08003568                LSM6DS3_ACC_GYRO_W_FS_125
 .text.LSM6DS3_ACC_GYRO_R_FS_125
                0x080035c0       0x38 Drivers/BSP/Components/LSM6DS3_ACC_GYRO_driver.o
                0x080035c0                LSM6DS3_ACC_GYRO_R_FS_125
 .text.LSM6DS3_ACC_GYRO_W_FS_G
                0x080035f8       0x58 Drivers/BSP/Components/LSM6DS3_ACC_GYRO_driver.o
                0x080035f8                LSM6DS3_ACC_GYRO_W_FS_G
 .text.LSM6DS3_ACC_GYRO_R_FS_G
                0x08003650       0x38 Drivers/BSP/Components/LSM6DS3_ACC_GYRO_driver.o
                0x08003650                LSM6DS3_ACC_GYRO_R_FS_G
 .text.LSM6DS3_ACC_GYRO_W_ODR_G
                0x08003688       0x58 Drivers/BSP/Components/LSM6DS3_ACC_GYRO_driver.o
                0x08003688                LSM6DS3_ACC_GYRO_W_ODR_G
 .text.LSM6DS3_ACC_GYRO_R_ODR_G
                0x080036e0       0x38 Drivers/BSP/Components/LSM6DS3_ACC_GYRO_driver.o
                0x080036e0                LSM6DS3_ACC_GYRO_R_ODR_G
 .text.LSM6DS3_ACC_GYRO_W_IF_Addr_Incr
                0x08003718       0x58 Drivers/BSP/Components/LSM6DS3_ACC_GYRO_driver.o
                0x08003718                LSM6DS3_ACC_GYRO_W_IF_Addr_Incr
 .text.LSM6DS3_ACC_GYRO_W_BDU
                0x08003770       0x58 Drivers/BSP/Components/LSM6DS3_ACC_GYRO_driver.o
                0x08003770                LSM6DS3_ACC_GYRO_W_BDU
 .text.LSM6DS3_ACC_GYRO_W_XEN_XL
                0x080037c8       0x58 Drivers/BSP/Components/LSM6DS3_ACC_GYRO_driver.o
                0x080037c8                LSM6DS3_ACC_GYRO_W_XEN_XL
 .text.LSM6DS3_ACC_GYRO_R_XEN_XL
                0x08003820       0x38 Drivers/BSP/Components/LSM6DS3_ACC_GYRO_driver.o
                0x08003820                LSM6DS3_ACC_GYRO_R_XEN_XL
 .text.LSM6DS3_ACC_GYRO_W_YEN_XL
                0x08003858       0x58 Drivers/BSP/Components/LSM6DS3_ACC_GYRO_driver.o
                0x08003858                LSM6DS3_ACC_GYRO_W_YEN_XL
 .text.LSM6DS3_ACC_GYRO_R_YEN_XL
                0x080038b0       0x38 Drivers/BSP/Components/LSM6DS3_ACC_GYRO_driver.o
                0x080038b0                LSM6DS3_ACC_GYRO_R_YEN_XL
 .text.LSM6DS3_ACC_GYRO_W_ZEN_XL
                0x080038e8       0x58 Drivers/BSP/Components/LSM6DS3_ACC_GYRO_driver.o
                0x080038e8                LSM6DS3_ACC_GYRO_W_ZEN_XL
 .text.LSM6DS3_ACC_GYRO_R_ZEN_XL
                0x08003940       0x38 Drivers/BSP/Components/LSM6DS3_ACC_GYRO_driver.o
                0x08003940                LSM6DS3_ACC_GYRO_R_ZEN_XL
 .text.LSM6DS3_ACC_GYRO_W_PedoStepReset
                0x08003978       0x58 Drivers/BSP/Components/LSM6DS3_ACC_GYRO_driver.o
                0x08003978                LSM6DS3_ACC_GYRO_W_PedoStepReset
 .text.LSM6DS3_ACC_GYRO_W_XEN_G
                0x080039d0       0x58 Drivers/BSP/Components/LSM6DS3_ACC_GYRO_driver.o
                0x080039d0                LSM6DS3_ACC_GYRO_W_XEN_G
 .text.LSM6DS3_ACC_GYRO_R_XEN_G
                0x08003a28       0x38 Drivers/BSP/Components/LSM6DS3_ACC_GYRO_driver.o
                0x08003a28                LSM6DS3_ACC_GYRO_R_XEN_G
 .text.LSM6DS3_ACC_GYRO_W_YEN_G
                0x08003a60       0x58 Drivers/BSP/Components/LSM6DS3_ACC_GYRO_driver.o
                0x08003a60                LSM6DS3_ACC_GYRO_W_YEN_G
 .text.LSM6DS3_ACC_GYRO_R_YEN_G
                0x08003ab8       0x38 Drivers/BSP/Components/LSM6DS3_ACC_GYRO_driver.o
                0x08003ab8                LSM6DS3_ACC_GYRO_R_YEN_G
 .text.LSM6DS3_ACC_GYRO_W_ZEN_G
                0x08003af0       0x58 Drivers/BSP/Components/LSM6DS3_ACC_GYRO_driver.o
                0x08003af0                LSM6DS3_ACC_GYRO_W_ZEN_G
 .text.LSM6DS3_ACC_GYRO_R_ZEN_G
                0x08003b48       0x38 Drivers/BSP/Components/LSM6DS3_ACC_GYRO_driver.o
                0x08003b48                LSM6DS3_ACC_GYRO_R_ZEN_G
 .text.LSM6DS3_ACC_GYRO_W_FUNC_EN
                0x08003b80       0x58 Drivers/BSP/Components/LSM6DS3_ACC_GYRO_driver.o
                0x08003b80                LSM6DS3_ACC_GYRO_W_FUNC_EN
 .text.LSM6DS3_ACC_GYRO_R_WU_EV_STATUS
                0x08003bd8       0x38 Drivers/BSP/Components/LSM6DS3_ACC_GYRO_driver.o
                0x08003bd8                LSM6DS3_ACC_GYRO_R_WU_EV_STATUS
 .text.LSM6DS3_ACC_GYRO_R_FF_EV_STATUS
                0x08003c10       0x38 Drivers/BSP/Components/LSM6DS3_ACC_GYRO_driver.o
                0x08003c10                LSM6DS3_ACC_GYRO_R_FF_EV_STATUS
 .text.LSM6DS3_ACC_GYRO_R_DOUBLE_TAP_EV_STATUS
                0x08003c48       0x38 Drivers/BSP/Components/LSM6DS3_ACC_GYRO_driver.o
                0x08003c48                LSM6DS3_ACC_GYRO_R_DOUBLE_TAP_EV_STATUS
 .text.LSM6DS3_ACC_GYRO_R_SINGLE_TAP_EV_STATUS
                0x08003c80       0x38 Drivers/BSP/Components/LSM6DS3_ACC_GYRO_driver.o
                0x08003c80                LSM6DS3_ACC_GYRO_R_SINGLE_TAP_EV_STATUS
 .text.LSM6DS3_ACC_GYRO_R_DSD_XL
                0x08003cb8       0x38 Drivers/BSP/Components/LSM6DS3_ACC_GYRO_driver.o
                0x08003cb8                LSM6DS3_ACC_GYRO_R_DSD_XL
 .text.LSM6DS3_ACC_GYRO_R_DSD_XH
                0x08003cf0       0x38 Drivers/BSP/Components/LSM6DS3_ACC_GYRO_driver.o
                0x08003cf0                LSM6DS3_ACC_GYRO_R_DSD_XH
 .text.LSM6DS3_ACC_GYRO_R_DSD_YL
                0x08003d28       0x38 Drivers/BSP/Components/LSM6DS3_ACC_GYRO_driver.o
                0x08003d28                LSM6DS3_ACC_GYRO_R_DSD_YL
 .text.LSM6DS3_ACC_GYRO_R_DSD_YH
                0x08003d60       0x38 Drivers/BSP/Components/LSM6DS3_ACC_GYRO_driver.o
                0x08003d60                LSM6DS3_ACC_GYRO_R_DSD_YH
 .text.LSM6DS3_ACC_GYRO_R_DSD_ZL
                0x08003d98       0x38 Drivers/BSP/Components/LSM6DS3_ACC_GYRO_driver.o
                0x08003d98                LSM6DS3_ACC_GYRO_R_DSD_ZL
 .text.LSM6DS3_ACC_GYRO_R_DSD_ZH
                0x08003dd0       0x38 Drivers/BSP/Components/LSM6DS3_ACC_GYRO_driver.o
                0x08003dd0                LSM6DS3_ACC_GYRO_R_DSD_ZH
 .text.LSM6DS3_ACC_GYRO_R_D6D_EV_STATUS
                0x08003e08       0x38 Drivers/BSP/Components/LSM6DS3_ACC_GYRO_driver.o
                0x08003e08                LSM6DS3_ACC_GYRO_R_D6D_EV_STATUS
 .text.LSM6DS3_ACC_GYRO_R_PEDO_EV_STATUS
                0x08003e40       0x38 Drivers/BSP/Components/LSM6DS3_ACC_GYRO_driver.o
                0x08003e40                LSM6DS3_ACC_GYRO_R_PEDO_EV_STATUS
 .text.LSM6DS3_ACC_GYRO_R_TILT_EV_STATUS
                0x08003e78       0x38 Drivers/BSP/Components/LSM6DS3_ACC_GYRO_driver.o
                0x08003e78                LSM6DS3_ACC_GYRO_R_TILT_EV_STATUS
 .text.LSM6DS3_ACC_GYRO_W_TAP_Z_EN
                0x08003eb0       0x58 Drivers/BSP/Components/LSM6DS3_ACC_GYRO_driver.o
                0x08003eb0                LSM6DS3_ACC_GYRO_W_TAP_Z_EN
 .text.LSM6DS3_ACC_GYRO_W_TAP_Y_EN
                0x08003f08       0x58 Drivers/BSP/Components/LSM6DS3_ACC_GYRO_driver.o
                0x08003f08                LSM6DS3_ACC_GYRO_W_TAP_Y_EN
 .text.LSM6DS3_ACC_GYRO_W_TAP_X_EN
                0x08003f60       0x58 Drivers/BSP/Components/LSM6DS3_ACC_GYRO_driver.o
                0x08003f60                LSM6DS3_ACC_GYRO_W_TAP_X_EN
 .text.LSM6DS3_ACC_GYRO_W_TILT_EN
                0x08003fb8       0x58 Drivers/BSP/Components/LSM6DS3_ACC_GYRO_driver.o
                0x08003fb8                LSM6DS3_ACC_GYRO_W_TILT_EN
 .text.LSM6DS3_ACC_GYRO_W_PEDO_EN
                0x08004010       0x58 Drivers/BSP/Components/LSM6DS3_ACC_GYRO_driver.o
                0x08004010                LSM6DS3_ACC_GYRO_W_PEDO_EN
 .text.LSM6DS3_ACC_GYRO_W_TAP_THS
                0x08004068       0x60 Drivers/BSP/Components/LSM6DS3_ACC_GYRO_driver.o
                0x08004068                LSM6DS3_ACC_GYRO_W_TAP_THS
 .text.LSM6DS3_ACC_GYRO_W_SIXD_THS
                0x080040c8       0x58 Drivers/BSP/Components/LSM6DS3_ACC_GYRO_driver.o
                0x080040c8                LSM6DS3_ACC_GYRO_W_SIXD_THS
 .text.LSM6DS3_ACC_GYRO_W_SHOCK_Duration
                0x08004120       0x60 Drivers/BSP/Components/LSM6DS3_ACC_GYRO_driver.o
                0x08004120                LSM6DS3_ACC_GYRO_W_SHOCK_Duration
 .text.LSM6DS3_ACC_GYRO_W_QUIET_Duration
                0x08004180       0x68 Drivers/BSP/Components/LSM6DS3_ACC_GYRO_driver.o
                0x08004180                LSM6DS3_ACC_GYRO_W_QUIET_Duration
 .text.LSM6DS3_ACC_GYRO_W_DUR
                0x080041e8       0x68 Drivers/BSP/Components/LSM6DS3_ACC_GYRO_driver.o
                0x080041e8                LSM6DS3_ACC_GYRO_W_DUR
 .text.LSM6DS3_ACC_GYRO_W_WK_THS
                0x08004250       0x60 Drivers/BSP/Components/LSM6DS3_ACC_GYRO_driver.o
                0x08004250                LSM6DS3_ACC_GYRO_W_WK_THS
 .text.LSM6DS3_ACC_GYRO_W_SINGLE_DOUBLE_TAP_EV
                0x080042b0       0x58 Drivers/BSP/Components/LSM6DS3_ACC_GYRO_driver.o
                0x080042b0                LSM6DS3_ACC_GYRO_W_SINGLE_DOUBLE_TAP_EV
 .text.LSM6DS3_ACC_GYRO_W_SLEEP_DUR
                0x08004308       0x60 Drivers/BSP/Components/LSM6DS3_ACC_GYRO_driver.o
                0x08004308                LSM6DS3_ACC_GYRO_W_SLEEP_DUR
 .text.LSM6DS3_ACC_GYRO_W_TIMER_HR
                0x08004368       0x58 Drivers/BSP/Components/LSM6DS3_ACC_GYRO_driver.o
                0x08004368                LSM6DS3_ACC_GYRO_W_TIMER_HR
 .text.LSM6DS3_ACC_GYRO_W_WAKE_DUR
                0x080043c0       0x68 Drivers/BSP/Components/LSM6DS3_ACC_GYRO_driver.o
                0x080043c0                LSM6DS3_ACC_GYRO_W_WAKE_DUR
 .text.LSM6DS3_ACC_GYRO_W_FF_THS
                0x08004428       0x58 Drivers/BSP/Components/LSM6DS3_ACC_GYRO_driver.o
                0x08004428                LSM6DS3_ACC_GYRO_W_FF_THS
 .text.LSM6DS3_ACC_GYRO_W_FF_Duration
                0x08004480       0xcc Drivers/BSP/Components/LSM6DS3_ACC_GYRO_driver.o
                0x08004480                LSM6DS3_ACC_GYRO_W_FF_Duration
 .text.LSM6DS3_ACC_GYRO_W_TiltEvOnInt1
                0x0800454c       0x58 Drivers/BSP/Components/LSM6DS3_ACC_GYRO_driver.o
                0x0800454c                LSM6DS3_ACC_GYRO_W_TiltEvOnInt1
 .text.LSM6DS3_ACC_GYRO_W_6DEvOnInt1
                0x080045a4       0x58 Drivers/BSP/Components/LSM6DS3_ACC_GYRO_driver.o
                0x080045a4                LSM6DS3_ACC_GYRO_W_6DEvOnInt1
 .text.LSM6DS3_ACC_GYRO_W_TapEvOnInt1
                0x080045fc       0x58 Drivers/BSP/Components/LSM6DS3_ACC_GYRO_driver.o
                0x080045fc                LSM6DS3_ACC_GYRO_W_TapEvOnInt1
 .text.LSM6DS3_ACC_GYRO_W_FFEvOnInt1
                0x08004654       0x58 Drivers/BSP/Components/LSM6DS3_ACC_GYRO_driver.o
                0x08004654                LSM6DS3_ACC_GYRO_W_FFEvOnInt1
 .text.LSM6DS3_ACC_GYRO_W_WUEvOnInt1
                0x080046ac       0x58 Drivers/BSP/Components/LSM6DS3_ACC_GYRO_driver.o
                0x080046ac                LSM6DS3_ACC_GYRO_W_WUEvOnInt1
 .text.LSM6DS3_ACC_GYRO_W_SingleTapOnInt1
                0x08004704       0x58 Drivers/BSP/Components/LSM6DS3_ACC_GYRO_driver.o
                0x08004704                LSM6DS3_ACC_GYRO_W_SingleTapOnInt1
 .text.LSM6DS3_ACC_GYRO_GetRawGyroData
                0x0800475c       0x68 Drivers/BSP/Components/LSM6DS3_ACC_GYRO_driver.o
                0x0800475c                LSM6DS3_ACC_GYRO_GetRawGyroData
 .text.LSM6DS3_ACC_GYRO_GetRawAccData
                0x080047c4       0x68 Drivers/BSP/Components/LSM6DS3_ACC_GYRO_driver.o
                0x080047c4                LSM6DS3_ACC_GYRO_GetRawAccData
 .text.LSM6DS3_ACC_GYRO_Get_GetStepCounter
                0x0800482c       0x68 Drivers/BSP/Components/LSM6DS3_ACC_GYRO_driver.o
                0x0800482c                LSM6DS3_ACC_GYRO_Get_GetStepCounter
 .text.LSM6DS3_ACC_GYRO_W_PedoThreshold
                0x08004894       0x60 Drivers/BSP/Components/LSM6DS3_ACC_GYRO_driver.o
                0x08004894                LSM6DS3_ACC_GYRO_W_PedoThreshold
 .text.LSM6DS3_X_Init
                0x080048f4       0xc0 Drivers/BSP/Components/LSM6DS3_ACC_GYRO_driver_HL.o
 .text.LSM6DS3_X_DeInit
                0x080049b4       0xbc Drivers/BSP/Components/LSM6DS3_ACC_GYRO_driver_HL.o
 .text.LSM6DS3_X_Sensor_Enable
                0x08004a70       0x4c Drivers/BSP/Components/LSM6DS3_ACC_GYRO_driver_HL.o
 .text.LSM6DS3_X_Sensor_Disable
                0x08004abc       0x58 Drivers/BSP/Components/LSM6DS3_ACC_GYRO_driver_HL.o
 .text.LSM6DS3_X_Get_WhoAmI
                0x08004b14       0x1c Drivers/BSP/Components/LSM6DS3_ACC_GYRO_driver_HL.o
 .text.LSM6DS3_X_Check_WhoAmI
                0x08004b30       0x18 Drivers/BSP/Components/LSM6DS3_ACC_GYRO_driver_HL.o
 .text.LSM6DS3_X_Get_Axes
                0x08004b48       0xa8 Drivers/BSP/Components/LSM6DS3_ACC_GYRO_driver_HL.o
 .text.LSM6DS3_X_Get_AxesRaw
                0x08004bf0       0x3c Drivers/BSP/Components/LSM6DS3_ACC_GYRO_driver_HL.o
 .text.LSM6DS3_X_Get_Sensitivity
                0x08004c2c       0xa8 Drivers/BSP/Components/LSM6DS3_ACC_GYRO_driver_HL.o
 .text.LSM6DS3_X_Get_ODR
                0x08004cd4      0x10c Drivers/BSP/Components/LSM6DS3_ACC_GYRO_driver_HL.o
 .text.LSM6DS3_X_Set_ODR
                0x08004de0       0x48 Drivers/BSP/Components/LSM6DS3_ACC_GYRO_driver_HL.o
 .text.LSM6DS3_X_Set_ODR_Value
                0x08004e28       0x48 Drivers/BSP/Components/LSM6DS3_ACC_GYRO_driver_HL.o
 .text.LSM6DS3_X_Get_FS
                0x08004e70       0xa0 Drivers/BSP/Components/LSM6DS3_ACC_GYRO_driver_HL.o
 .text.LSM6DS3_X_Set_FS
                0x08004f10       0x50 Drivers/BSP/Components/LSM6DS3_ACC_GYRO_driver_HL.o
 .text.LSM6DS3_X_Set_FS_Value
                0x08004f60       0x70 Drivers/BSP/Components/LSM6DS3_ACC_GYRO_driver_HL.o
 .text.LSM6DS3_X_Get_Axes_Status
                0x08004fd0       0x8c Drivers/BSP/Components/LSM6DS3_ACC_GYRO_driver_HL.o
 .text.LSM6DS3_X_Set_Axes_Status
                0x0800505c       0x78 Drivers/BSP/Components/LSM6DS3_ACC_GYRO_driver_HL.o
 .text.LSM6DS3_G_Init
                0x080050d4       0xc0 Drivers/BSP/Components/LSM6DS3_ACC_GYRO_driver_HL.o
 .text.LSM6DS3_G_DeInit
                0x08005194       0x4c Drivers/BSP/Components/LSM6DS3_ACC_GYRO_driver_HL.o
 .text.LSM6DS3_G_Sensor_Enable
                0x080051e0       0x4c Drivers/BSP/Components/LSM6DS3_ACC_GYRO_driver_HL.o
 .text.LSM6DS3_G_Sensor_Disable
                0x0800522c       0x58 Drivers/BSP/Components/LSM6DS3_ACC_GYRO_driver_HL.o
 .text.LSM6DS3_G_Get_WhoAmI
                0x08005284       0x1c Drivers/BSP/Components/LSM6DS3_ACC_GYRO_driver_HL.o
 .text.LSM6DS3_G_Check_WhoAmI
                0x080052a0       0x18 Drivers/BSP/Components/LSM6DS3_ACC_GYRO_driver_HL.o
 .text.LSM6DS3_G_Get_Axes
                0x080052b8       0xa8 Drivers/BSP/Components/LSM6DS3_ACC_GYRO_driver_HL.o
 .text.LSM6DS3_G_Get_AxesRaw
                0x08005360       0x3c Drivers/BSP/Components/LSM6DS3_ACC_GYRO_driver_HL.o
 .text.LSM6DS3_G_Get_Sensitivity
                0x0800539c       0xd0 Drivers/BSP/Components/LSM6DS3_ACC_GYRO_driver_HL.o
 .text.LSM6DS3_G_Get_ODR
                0x0800546c       0xdc Drivers/BSP/Components/LSM6DS3_ACC_GYRO_driver_HL.o
 .text.LSM6DS3_G_Set_ODR
                0x08005548       0x48 Drivers/BSP/Components/LSM6DS3_ACC_GYRO_driver_HL.o
 .text.LSM6DS3_G_Set_ODR_Value
                0x08005590       0x48 Drivers/BSP/Components/LSM6DS3_ACC_GYRO_driver_HL.o
 .text.LSM6DS3_G_Get_FS
                0x080055d8       0xd0 Drivers/BSP/Components/LSM6DS3_ACC_GYRO_driver_HL.o
 .text.LSM6DS3_G_Set_FS
                0x080056a8       0x50 Drivers/BSP/Components/LSM6DS3_ACC_GYRO_driver_HL.o
 .text.LSM6DS3_G_Set_FS_Value
                0x080056f8       0xb8 Drivers/BSP/Components/LSM6DS3_ACC_GYRO_driver_HL.o
 .text.LSM6DS3_G_Get_Axes_Status
                0x080057b0       0x8c Drivers/BSP/Components/LSM6DS3_ACC_GYRO_driver_HL.o
 .text.LSM6DS3_G_Set_Axes_Status
                0x0800583c       0x78 Drivers/BSP/Components/LSM6DS3_ACC_GYRO_driver_HL.o
 .text.LSM6DS3_Get_WhoAmI
                0x080058b4       0x28 Drivers/BSP/Components/LSM6DS3_ACC_GYRO_driver_HL.o
 .text.LSM6DS3_Check_WhoAmI
                0x080058dc       0x3c Drivers/BSP/Components/LSM6DS3_ACC_GYRO_driver_HL.o
 .text.LSM6DS3_X_Get_Axes_Raw
                0x08005918       0x7c Drivers/BSP/Components/LSM6DS3_ACC_GYRO_driver_HL.o
 .text.LSM6DS3_X_Set_ODR_When_Enabled
                0x08005994       0x6c Drivers/BSP/Components/LSM6DS3_ACC_GYRO_driver_HL.o
 .text.LSM6DS3_X_Set_ODR_When_Disabled
                0x08005a00       0x84 Drivers/BSP/Components/LSM6DS3_ACC_GYRO_driver_HL.o
 .text.LSM6DS3_X_Set_ODR_Value_When_Enabled
                0x08005a84      0x12c Drivers/BSP/Components/LSM6DS3_ACC_GYRO_driver_HL.o
 .text.LSM6DS3_X_Set_ODR_Value_When_Disabled
                0x08005bb0      0x154 Drivers/BSP/Components/LSM6DS3_ACC_GYRO_driver_HL.o
 .text.LSM6DS3_G_Get_Axes_Raw
                0x08005d04       0x7c Drivers/BSP/Components/LSM6DS3_ACC_GYRO_driver_HL.o
 .text.LSM6DS3_G_Set_ODR_When_Enabled
                0x08005d80       0x6c Drivers/BSP/Components/LSM6DS3_ACC_GYRO_driver_HL.o
 .text.LSM6DS3_G_Set_ODR_When_Disabled
                0x08005dec       0x84 Drivers/BSP/Components/LSM6DS3_ACC_GYRO_driver_HL.o
 .text.LSM6DS3_G_Set_ODR_Value_When_Enabled
                0x08005e70       0xdc Drivers/BSP/Components/LSM6DS3_ACC_GYRO_driver_HL.o
 .text.LSM6DS3_G_Set_ODR_Value_When_Disabled
                0x08005f4c       0xfc Drivers/BSP/Components/LSM6DS3_ACC_GYRO_driver_HL.o
 .text.LSM6DS3_X_Enable_Free_Fall_Detection
                0x08006048       0xa8 Drivers/BSP/Components/LSM6DS3_ACC_GYRO_driver_HL.o
 .text.LSM6DS3_X_Disable_Free_Fall_Detection
                0x080060f0       0x48 Drivers/BSP/Components/LSM6DS3_ACC_GYRO_driver_HL.o
 .text.LSM6DS3_X_Get_Free_Fall_Detection_Status
                0x08006138       0x48 Drivers/BSP/Components/LSM6DS3_ACC_GYRO_driver_HL.o
 .text.LSM6DS3_X_Set_Free_Fall_Threshold
                0x08006180       0x2c Drivers/BSP/Components/LSM6DS3_ACC_GYRO_driver_HL.o
 .text.LSM6DS3_X_Enable_Pedometer
                0x080061ac       0x80 Drivers/BSP/Components/LSM6DS3_ACC_GYRO_driver_HL.o
 .text.LSM6DS3_X_Disable_Pedometer
                0x0800622c       0x5c Drivers/BSP/Components/LSM6DS3_ACC_GYRO_driver_HL.o
 .text.LSM6DS3_X_Get_Pedometer_Status
                0x08006288       0x48 Drivers/BSP/Components/LSM6DS3_ACC_GYRO_driver_HL.o
 .text.LSM6DS3_X_Get_Step_Count
                0x080062d0       0x28 Drivers/BSP/Components/LSM6DS3_ACC_GYRO_driver_HL.o
 .text.LSM6DS3_X_Enable_Step_Counter_Reset
                0x080062f8       0x24 Drivers/BSP/Components/LSM6DS3_ACC_GYRO_driver_HL.o
 .text.LSM6DS3_X_Disable_Step_Counter_Reset
                0x0800631c       0x24 Drivers/BSP/Components/LSM6DS3_ACC_GYRO_driver_HL.o
 .text.LSM6DS3_X_Set_Pedometer_Threshold
                0x08006340       0x2c Drivers/BSP/Components/LSM6DS3_ACC_GYRO_driver_HL.o
 .text.LSM6DS3_X_Enable_Tilt_Detection
                0x0800636c       0x70 Drivers/BSP/Components/LSM6DS3_ACC_GYRO_driver_HL.o
 .text.LSM6DS3_X_Disable_Tilt_Detection
                0x080063dc       0x48 Drivers/BSP/Components/LSM6DS3_ACC_GYRO_driver_HL.o
 .text.LSM6DS3_X_Get_Tilt_Detection_Status
                0x08006424       0x48 Drivers/BSP/Components/LSM6DS3_ACC_GYRO_driver_HL.o
 .text.LSM6DS3_X_Enable_Wake_Up_Detection
                0x0800646c       0x74 Drivers/BSP/Components/LSM6DS3_ACC_GYRO_driver_HL.o
 .text.LSM6DS3_X_Disable_Wake_Up_Detection
                0x080064e0       0x48 Drivers/BSP/Components/LSM6DS3_ACC_GYRO_driver_HL.o
 .text.LSM6DS3_X_Get_Wake_Up_Detection_Status
                0x08006528       0x48 Drivers/BSP/Components/LSM6DS3_ACC_GYRO_driver_HL.o
 .text.LSM6DS3_X_Set_Wake_Up_Threshold
                0x08006570       0x2c Drivers/BSP/Components/LSM6DS3_ACC_GYRO_driver_HL.o
 .text.LSM6DS3_X_Enable_Single_Tap_Detection
                0x0800659c       0xbc Drivers/BSP/Components/LSM6DS3_ACC_GYRO_driver_HL.o
 .text.LSM6DS3_X_Disable_Single_Tap_Detection
                0x08006658       0x90 Drivers/BSP/Components/LSM6DS3_ACC_GYRO_driver_HL.o
 .text.LSM6DS3_X_Get_Single_Tap_Detection_Status
                0x080066e8       0x48 Drivers/BSP/Components/LSM6DS3_ACC_GYRO_driver_HL.o
 .text.LSM6DS3_X_Enable_Double_Tap_Detection
                0x08006730       0xe0 Drivers/BSP/Components/LSM6DS3_ACC_GYRO_driver_HL.o
 .text.LSM6DS3_X_Disable_Double_Tap_Detection
                0x08006810       0xb4 Drivers/BSP/Components/LSM6DS3_ACC_GYRO_driver_HL.o
 .text.LSM6DS3_X_Get_Double_Tap_Detection_Status
                0x080068c4       0x48 Drivers/BSP/Components/LSM6DS3_ACC_GYRO_driver_HL.o
 .text.LSM6DS3_X_Set_Tap_Threshold
                0x0800690c       0x2c Drivers/BSP/Components/LSM6DS3_ACC_GYRO_driver_HL.o
 .text.LSM6DS3_X_Set_Tap_Shock_Time
                0x08006938       0x2c Drivers/BSP/Components/LSM6DS3_ACC_GYRO_driver_HL.o
 .text.LSM6DS3_X_Set_Tap_Quiet_Time
                0x08006964       0x2c Drivers/BSP/Components/LSM6DS3_ACC_GYRO_driver_HL.o
 .text.LSM6DS3_X_Set_Tap_Duration_Time
                0x08006990       0x2c Drivers/BSP/Components/LSM6DS3_ACC_GYRO_driver_HL.o
 .text.LSM6DS3_X_Enable_6D_Orientation
                0x080069bc       0x60 Drivers/BSP/Components/LSM6DS3_ACC_GYRO_driver_HL.o
 .text.LSM6DS3_X_Disable_6D_Orientation
                0x08006a1c       0x38 Drivers/BSP/Components/LSM6DS3_ACC_GYRO_driver_HL.o
 .text.LSM6DS3_X_Get_6D_Orientation_Status
                0x08006a54       0x48 Drivers/BSP/Components/LSM6DS3_ACC_GYRO_driver_HL.o
 .text.LSM6DS3_X_Get_6D_Orientation_XL
                0x08006a9c       0x48 Drivers/BSP/Components/LSM6DS3_ACC_GYRO_driver_HL.o
 .text.LSM6DS3_X_Get_6D_Orientation_XH
                0x08006ae4       0x48 Drivers/BSP/Components/LSM6DS3_ACC_GYRO_driver_HL.o
 .text.LSM6DS3_X_Get_6D_Orientation_YL
                0x08006b2c       0x48 Drivers/BSP/Components/LSM6DS3_ACC_GYRO_driver_HL.o
 .text.LSM6DS3_X_Get_6D_Orientation_YH
                0x08006b74       0x48 Drivers/BSP/Components/LSM6DS3_ACC_GYRO_driver_HL.o
 .text.LSM6DS3_X_Get_6D_Orientation_ZL
                0x08006bbc       0x48 Drivers/BSP/Components/LSM6DS3_ACC_GYRO_driver_HL.o
 .text.LSM6DS3_X_Get_6D_Orientation_ZH
                0x08006c04       0x48 Drivers/BSP/Components/LSM6DS3_ACC_GYRO_driver_HL.o
 .text.Sensor_IO_Init
                0x08006c4c       0x18 Drivers/BSP/X_NUCLEO_IKS01A1/x_nucleo_iks01a1.o
                0x08006c4c                Sensor_IO_Init
 .text.LSM6DS0_Sensor_IO_ITConfig
                0x08006c64       0x10 Drivers/BSP/X_NUCLEO_IKS01A1/x_nucleo_iks01a1.o
                0x08006c64                LSM6DS0_Sensor_IO_ITConfig
 .text.LSM6DS3_Sensor_IO_ITConfig
                0x08006c74       0xb0 Drivers/BSP/X_NUCLEO_IKS01A1/x_nucleo_iks01a1.o
                0x08006c74                LSM6DS3_Sensor_IO_ITConfig
 .text.Sensor_IO_Write
                0x08006d24       0x3c Drivers/BSP/X_NUCLEO_IKS01A1/x_nucleo_iks01a1.o
                0x08006d24                Sensor_IO_Write
 .text.Sensor_IO_Read
                0x08006d60       0x3c Drivers/BSP/X_NUCLEO_IKS01A1/x_nucleo_iks01a1.o
                0x08006d60                Sensor_IO_Read
 .text.I2C_EXPBD_Init
                0x08006d9c       0x5c Drivers/BSP/X_NUCLEO_IKS01A1/x_nucleo_iks01a1.o
 .text.I2C_EXPBD_WriteData
                0x08006df8       0x60 Drivers/BSP/X_NUCLEO_IKS01A1/x_nucleo_iks01a1.o
 .text.I2C_EXPBD_ReadData
                0x08006e58       0x60 Drivers/BSP/X_NUCLEO_IKS01A1/x_nucleo_iks01a1.o
 .text.I2C_EXPBD_Error
                0x08006eb8       0x20 Drivers/BSP/X_NUCLEO_IKS01A1/x_nucleo_iks01a1.o
 .text.I2C_EXPBD_MspInit
                0x08006ed8       0xa8 Drivers/BSP/X_NUCLEO_IKS01A1/x_nucleo_iks01a1.o
 .text.BSP_ACCELERO_Init
                0x08006f80       0x70 Drivers/BSP/X_NUCLEO_IKS01A1/x_nucleo_iks01a1_accelero.o
                0x08006f80                BSP_ACCELERO_Init
 .text.BSP_LSM6DS0_ACCELERO_Init
                0x08006ff0       0xe8 Drivers/BSP/X_NUCLEO_IKS01A1/x_nucleo_iks01a1_accelero.o
 .text.BSP_LSM6DS3_ACCELERO_Init
                0x080070d8       0xec Drivers/BSP/X_NUCLEO_IKS01A1/x_nucleo_iks01a1_accelero.o
 .text.BSP_ACCELERO_Sensor_Enable
                0x080071c4       0x48 Drivers/BSP/X_NUCLEO_IKS01A1/x_nucleo_iks01a1_accelero.o
                0x080071c4                BSP_ACCELERO_Sensor_Enable
 .text.BSP_ACCELERO_IsInitialized
                0x0800720c       0x38 Drivers/BSP/X_NUCLEO_IKS01A1/x_nucleo_iks01a1_accelero.o
                0x0800720c                BSP_ACCELERO_IsInitialized
 .text.BSP_ACCELERO_Get_Instance
                0x08007244       0x38 Drivers/BSP/X_NUCLEO_IKS01A1/x_nucleo_iks01a1_accelero.o
                0x08007244                BSP_ACCELERO_Get_Instance
 .text.BSP_ACCELERO_Get_Axes
                0x0800727c       0x58 Drivers/BSP/X_NUCLEO_IKS01A1/x_nucleo_iks01a1_accelero.o
                0x0800727c                BSP_ACCELERO_Get_Axes
 .text.BSP_GYRO_Init
                0x080072d4       0x70 Drivers/BSP/X_NUCLEO_IKS01A1/x_nucleo_iks01a1_gyro.o
                0x080072d4                BSP_GYRO_Init
 .text.BSP_LSM6DS0_GYRO_Init
                0x08007344       0xe4 Drivers/BSP/X_NUCLEO_IKS01A1/x_nucleo_iks01a1_gyro.o
 .text.BSP_LSM6DS3_GYRO_Init
                0x08007428       0xe4 Drivers/BSP/X_NUCLEO_IKS01A1/x_nucleo_iks01a1_gyro.o
 .text.BSP_GYRO_Sensor_Enable
                0x0800750c       0x48 Drivers/BSP/X_NUCLEO_IKS01A1/x_nucleo_iks01a1_gyro.o
                0x0800750c                BSP_GYRO_Sensor_Enable
 .text.BSP_GYRO_IsInitialized
                0x08007554       0x38 Drivers/BSP/X_NUCLEO_IKS01A1/x_nucleo_iks01a1_gyro.o
                0x08007554                BSP_GYRO_IsInitialized
 .text.BSP_GYRO_Get_Instance
                0x0800758c       0x38 Drivers/BSP/X_NUCLEO_IKS01A1/x_nucleo_iks01a1_gyro.o
                0x0800758c                BSP_GYRO_Get_Instance
 .text.BSP_GYRO_Get_Axes
                0x080075c4       0x58 Drivers/BSP/X_NUCLEO_IKS01A1/x_nucleo_iks01a1_gyro.o
                0x080075c4                BSP_GYRO_Get_Axes
 .text.BSP_MAGNETO_Init
                0x0800761c       0x4c Drivers/BSP/X_NUCLEO_IKS01A1/x_nucleo_iks01a1_magneto.o
                0x0800761c                BSP_MAGNETO_Init
 .text.BSP_LIS3MDL_MAGNETO_Init
                0x08007668       0xdc Drivers/BSP/X_NUCLEO_IKS01A1/x_nucleo_iks01a1_magneto.o
 .text.BSP_MAGNETO_Sensor_Enable
                0x08007744       0x48 Drivers/BSP/X_NUCLEO_IKS01A1/x_nucleo_iks01a1_magneto.o
                0x08007744                BSP_MAGNETO_Sensor_Enable
 .text.BSP_MAGNETO_IsInitialized
                0x0800778c       0x38 Drivers/BSP/X_NUCLEO_IKS01A1/x_nucleo_iks01a1_magneto.o
                0x0800778c                BSP_MAGNETO_IsInitialized
 .text.BSP_MAGNETO_Get_Instance
                0x080077c4       0x38 Drivers/BSP/X_NUCLEO_IKS01A1/x_nucleo_iks01a1_magneto.o
                0x080077c4                BSP_MAGNETO_Get_Instance
 .text.BSP_MAGNETO_Get_Axes
                0x080077fc       0x58 Drivers/BSP/X_NUCLEO_IKS01A1/x_nucleo_iks01a1_magneto.o
                0x080077fc                BSP_MAGNETO_Get_Axes
 .text.SystemInit
                0x08007854       0x6c Drivers/CMSIS/system_stm32f4xx.o
                0x08007854                SystemInit
 .text.HAL_Init
                0x080078c0       0x44 Drivers/STM32F4xx_HAL_Driver/stm32f4xx_hal.o
                0x080078c0                HAL_Init
 .text.HAL_IncTick
                0x08007904       0x1c Drivers/STM32F4xx_HAL_Driver/stm32f4xx_hal.o
                0x08007904                HAL_IncTick
 .text.HAL_GetTick
                0x08007920       0x18 Drivers/STM32F4xx_HAL_Driver/stm32f4xx_hal.o
                0x08007920                HAL_GetTick
 .text.NVIC_SetPriorityGrouping
                0x08007938       0x48 Drivers/STM32F4xx_HAL_Driver/stm32f4xx_hal_cortex.o
 .text.NVIC_GetPriorityGrouping
                0x08007980       0x1c Drivers/STM32F4xx_HAL_Driver/stm32f4xx_hal_cortex.o
 .text.NVIC_EnableIRQ
                0x0800799c       0x34 Drivers/STM32F4xx_HAL_Driver/stm32f4xx_hal_cortex.o
 .text.NVIC_SetPriority
                0x080079d0       0x54 Drivers/STM32F4xx_HAL_Driver/stm32f4xx_hal_cortex.o
 .text.NVIC_EncodePriority
                0x08007a24       0x64 Drivers/STM32F4xx_HAL_Driver/stm32f4xx_hal_cortex.o
 .text.HAL_NVIC_SetPriorityGrouping
                0x08007a88       0x18 Drivers/STM32F4xx_HAL_Driver/stm32f4xx_hal_cortex.o
                0x08007a88                HAL_NVIC_SetPriorityGrouping
 .text.HAL_NVIC_SetPriority
                0x08007aa0       0x38 Drivers/STM32F4xx_HAL_Driver/stm32f4xx_hal_cortex.o
                0x08007aa0                HAL_NVIC_SetPriority
 .text.HAL_NVIC_EnableIRQ
                0x08007ad8       0x1c Drivers/STM32F4xx_HAL_Driver/stm32f4xx_hal_cortex.o
                0x08007ad8                HAL_NVIC_EnableIRQ
 .text.HAL_GPIO_Init
                0x08007af4      0x304 Drivers/STM32F4xx_HAL_Driver/stm32f4xx_hal_gpio.o
                0x08007af4                HAL_GPIO_Init
 .text.HAL_GPIO_EXTI_IRQHandler
                0x08007df8       0x30 Drivers/STM32F4xx_HAL_Driver/stm32f4xx_hal_gpio.o
                0x08007df8                HAL_GPIO_EXTI_IRQHandler
 .text.HAL_I2C_Init
                0x08007e28      0x1c0 Drivers/STM32F4xx_HAL_Driver/stm32f4xx_hal_i2c.o
                0x08007e28                HAL_I2C_Init
 .text.HAL_I2C_DeInit
                0x08007fe8       0x60 Drivers/STM32F4xx_HAL_Driver/stm32f4xx_hal_i2c.o
                0x08007fe8                HAL_I2C_DeInit
 .text.HAL_I2C_MspInit
                0x08008048       0x14 Drivers/STM32F4xx_HAL_Driver/stm32f4xx_hal_i2c.o
                0x08008048                HAL_I2C_MspInit
 .text.HAL_I2C_MspDeInit
                0x0800805c       0x14 Drivers/STM32F4xx_HAL_Driver/stm32f4xx_hal_i2c.o
                0x0800805c                HAL_I2C_MspDeInit
 .text.HAL_I2C_Mem_Write
                0x08008070      0x198 Drivers/STM32F4xx_HAL_Driver/stm32f4xx_hal_i2c.o
                0x08008070                HAL_I2C_Mem_Write
 .text.HAL_I2C_Mem_Read
                0x08008208      0x33c Drivers/STM32F4xx_HAL_Driver/stm32f4xx_hal_i2c.o
                0x08008208                HAL_I2C_Mem_Read
 .text.HAL_I2C_GetState
                0x08008544       0x1c Drivers/STM32F4xx_HAL_Driver/stm32f4xx_hal_i2c.o
                0x08008544                HAL_I2C_GetState
 .text.I2C_RequestMemoryWrite
                0x08008560      0x11c Drivers/STM32F4xx_HAL_Driver/stm32f4xx_hal_i2c.o
 .text.I2C_RequestMemoryRead
                0x0800867c      0x1b0 Drivers/STM32F4xx_HAL_Driver/stm32f4xx_hal_i2c.o
 .text.I2C_WaitOnFlagUntilTimeout
                0x0800882c      0x120 Drivers/STM32F4xx_HAL_Driver/stm32f4xx_hal_i2c.o
 .text.I2C_WaitOnMasterAddressFlagUntilTimeout
                0x0800894c       0xe4 Drivers/STM32F4xx_HAL_Driver/stm32f4xx_hal_i2c.o
 .text.I2C_WaitOnTXEFlagUntilTimeout
                0x08008a30       0x80 Drivers/STM32F4xx_HAL_Driver/stm32f4xx_hal_i2c.o
 .text.I2C_WaitOnRXNEFlagUntilTimeout
                0x08008ab0       0x9c Drivers/STM32F4xx_HAL_Driver/stm32f4xx_hal_i2c.o
 .text.I2C_IsAcknowledgeFailed
                0x08008b4c       0x50 Drivers/STM32F4xx_HAL_Driver/stm32f4xx_hal_i2c.o
 .text.HAL_RCC_OscConfig
                0x08008b9c      0x424 Drivers/STM32F4xx_HAL_Driver/stm32f4xx_hal_rcc.o
                0x08008b9c                HAL_RCC_OscConfig
 .text.HAL_RCC_ClockConfig
                0x08008fc0      0x1e4 Drivers/STM32F4xx_HAL_Driver/stm32f4xx_hal_rcc.o
                0x08008fc0                HAL_RCC_ClockConfig
 .text.HAL_RCC_GetSysClockFreq
                0x080091a4       0xfc Drivers/STM32F4xx_HAL_Driver/stm32f4xx_hal_rcc.o
                0x080091a4                HAL_RCC_GetSysClockFreq
 .text.HAL_RCC_GetHCLKFreq
                0x080092a0       0x50 Drivers/STM32F4xx_HAL_Driver/stm32f4xx_hal_rcc.o
                0x080092a0                HAL_RCC_GetHCLKFreq
 .text.HAL_RCC_GetPCLK1Freq
                0x080092f0       0x44 Drivers/STM32F4xx_HAL_Driver/stm32f4xx_hal_rcc.o
                0x080092f0                HAL_RCC_GetPCLK1Freq
 .text.HAL_RCC_GetPCLK2Freq
                0x08009334       0x44 Drivers/STM32F4xx_HAL_Driver/stm32f4xx_hal_rcc.o
                0x08009334                HAL_RCC_GetPCLK2Freq
 .text.HAL_RCC_GetClockConfig
                0x08009378       0x64 Drivers/STM32F4xx_HAL_Driver/stm32f4xx_hal_rcc.o
                0x08009378                HAL_RCC_GetClockConfig
 .text.HAL_RCCEx_PeriphCLKConfig
                0x080093dc      0x1d0 Drivers/STM32F4xx_HAL_Driver/stm32f4xx_hal_rcc_ex.o
                0x080093dc                HAL_RCCEx_PeriphCLKConfig
 .text.HAL_RTC_Init
                0x080095ac       0xf8 Drivers/STM32F4xx_HAL_Driver/stm32f4xx_hal_rtc.o
                0x080095ac                HAL_RTC_Init
 .text.HAL_RTC_SetTime
                0x080096a4      0x18c Drivers/STM32F4xx_HAL_Driver/stm32f4xx_hal_rtc.o
                0x080096a4                HAL_RTC_SetTime
 .text.HAL_RTC_SetDate
                0x08009830      0x16c Drivers/STM32F4xx_HAL_Driver/stm32f4xx_hal_rtc.o
                0x08009830                HAL_RTC_SetDate
 .text.HAL_RTC_WaitForSynchro
                0x0800999c       0x50 Drivers/STM32F4xx_HAL_Driver/stm32f4xx_hal_rtc.o
                0x0800999c                HAL_RTC_WaitForSynchro
 .text.RTC_EnterInitMode
                0x080099ec       0x58 Drivers/STM32F4xx_HAL_Driver/stm32f4xx_hal_rtc.o
                0x080099ec                RTC_EnterInitMode
 .text.RTC_ByteToBcd2
                0x08009a44       0x3c Drivers/STM32F4xx_HAL_Driver/stm32f4xx_hal_rtc.o
                0x08009a44                RTC_ByteToBcd2
 .text.RTC_Bcd2ToByte
                0x08009a80       0x3c Drivers/STM32F4xx_HAL_Driver/stm32f4xx_hal_rtc.o
                0x08009a80                RTC_Bcd2ToByte
 .text.HAL_TIM_Base_Init
                0x08009abc       0x58 Drivers/STM32F4xx_HAL_Driver/stm32f4xx_hal_tim.o
                0x08009abc                HAL_TIM_Base_Init
 .text.HAL_TIM_Base_MspInit
                0x08009b14       0x14 Drivers/STM32F4xx_HAL_Driver/stm32f4xx_hal_tim.o
                0x08009b14                HAL_TIM_Base_MspInit
 .text.HAL_TIM_Base_Start_IT
                0x08009b28       0x38 Drivers/STM32F4xx_HAL_Driver/stm32f4xx_hal_tim.o
                0x08009b28                HAL_TIM_Base_Start_IT
 .text.HAL_TIM_IRQHandler
                0x08009b60      0x210 Drivers/STM32F4xx_HAL_Driver/stm32f4xx_hal_tim.o
                0x08009b60                HAL_TIM_IRQHandler
 .text.HAL_TIM_OC_DelayElapsedCallback
                0x08009d70       0x14 Drivers/STM32F4xx_HAL_Driver/stm32f4xx_hal_tim.o
                0x08009d70                HAL_TIM_OC_DelayElapsedCallback
 .text.HAL_TIM_IC_CaptureCallback
                0x08009d84       0x14 Drivers/STM32F4xx_HAL_Driver/stm32f4xx_hal_tim.o
                0x08009d84                HAL_TIM_IC_CaptureCallback
 .text.HAL_TIM_PWM_PulseFinishedCallback
                0x08009d98       0x14 Drivers/STM32F4xx_HAL_Driver/stm32f4xx_hal_tim.o
                0x08009d98                HAL_TIM_PWM_PulseFinishedCallback
 .text.HAL_TIM_TriggerCallback
                0x08009dac       0x14 Drivers/STM32F4xx_HAL_Driver/stm32f4xx_hal_tim.o
                0x08009dac                HAL_TIM_TriggerCallback
 .text.TIM_Base_SetConfig
                0x08009dc0      0x108 Drivers/STM32F4xx_HAL_Driver/stm32f4xx_hal_tim.o
                0x08009dc0                TIM_Base_SetConfig
 .text.HAL_TIMEx_CommutationCallback
                0x08009ec8       0x14 Drivers/STM32F4xx_HAL_Driver/stm32f4xx_hal_tim_ex.o
                0x08009ec8                HAL_TIMEx_CommutationCallback
 .text.HAL_TIMEx_BreakCallback
                0x08009edc       0x14 Drivers/STM32F4xx_HAL_Driver/stm32f4xx_hal_tim_ex.o
                0x08009edc                HAL_TIMEx_BreakCallback
 .text.HAL_UART_Init
                0x08009ef0       0x9c Drivers/STM32F4xx_HAL_Driver/stm32f4xx_hal_uart.o
                0x08009ef0                HAL_UART_Init
 .text.HAL_UART_MspInit
                0x08009f8c       0x14 Drivers/STM32F4xx_HAL_Driver/stm32f4xx_hal_uart.o
                0x08009f8c                HAL_UART_MspInit
 .text.HAL_UART_Transmit
                0x08009fa0      0x114 Drivers/STM32F4xx_HAL_Driver/stm32f4xx_hal_uart.o
                0x08009fa0                HAL_UART_Transmit
 .text.UART_WaitOnFlagUntilTimeout
                0x0800a0b4      0x144 Drivers/STM32F4xx_HAL_Driver/stm32f4xx_hal_uart.o
 .text.UART_SetConfig
                0x0800a1f8      0x438 Drivers/STM32F4xx_HAL_Driver/stm32f4xx_hal_uart.o
 .text.Reset_Handler
                0x0800a630       0x50 Example/SW4STM32/startup_stm32f401xe.o
                0x0800a630                Reset_Handler
 .text.Default_Handler
                0x0800a680        0x2 Example/SW4STM32/startup_stm32f401xe.o
                0x0800a680                RTC_Alarm_IRQHandler
                0x0800a680                EXTI2_IRQHandler
                0x0800a680                SPI4_IRQHandler
                0x0800a680                TIM1_CC_IRQHandler
                0x0800a680                DMA2_Stream5_IRQHandler
                0x0800a680                DMA1_Stream5_IRQHandler
                0x0800a680                PVD_IRQHandler
                0x0800a680                SDIO_IRQHandler
                0x0800a680                TAMP_STAMP_IRQHandler
                0x0800a680                EXTI3_IRQHandler
                0x0800a680                I2C3_ER_IRQHandler
                0x0800a680                EXTI0_IRQHandler
                0x0800a680                I2C2_EV_IRQHandler
                0x0800a680                DMA1_Stream2_IRQHandler
                0x0800a680                FPU_IRQHandler
                0x0800a680                UsageFault_Handler
                0x0800a680                DMA2_Stream2_IRQHandler
                0x0800a680                SPI1_IRQHandler
                0x0800a680                TIM1_BRK_TIM9_IRQHandler
                0x0800a680                DMA2_Stream3_IRQHandler
                0x0800a680                USART6_IRQHandler
                0x0800a680                DMA2_Stream0_IRQHandler
                0x0800a680                TIM4_IRQHandler
                0x0800a680                I2C1_EV_IRQHandler
                0x0800a680                DMA1_Stream6_IRQHandler
                0x0800a680                DMA1_Stream1_IRQHandler
                0x0800a680                TIM3_IRQHandler
                0x0800a680                RCC_IRQHandler
                0x0800a680                Default_Handler
                0x0800a680                ADC_IRQHandler
                0x0800a680                DMA1_Stream7_IRQHandler
                0x0800a680                TIM5_IRQHandler
                0x0800a680                DMA2_Stream7_IRQHandler
                0x0800a680                I2C3_EV_IRQHandler
                0x0800a680                EXTI9_5_IRQHandler
                0x0800a680                RTC_WKUP_IRQHandler
                0x0800a680                SPI2_IRQHandler
                0x0800a680                MemManage_Handler
                0x0800a680                DMA1_Stream0_IRQHandler
                0x0800a680                EXTI4_IRQHandler
                0x0800a680                WWDG_IRQHandler
                0x0800a680                TIM2_IRQHandler
                0x0800a680                OTG_FS_WKUP_IRQHandler
                0x0800a680                TIM1_TRG_COM_TIM11_IRQHandler
                0x0800a680                EXTI1_IRQHandler
                0x0800a680                USART2_IRQHandler
                0x0800a680                I2C2_ER_IRQHandler
                0x0800a680                DMA2_Stream1_IRQHandler
                0x0800a680                FLASH_IRQHandler
                0x0800a680                DMA2_Stream4_IRQHandler
                0x0800a680                BusFault_Handler
                0x0800a680                USART1_IRQHandler
                0x0800a680                OTG_FS_IRQHandler
                0x0800a680                SPI3_IRQHandler
                0x0800a680                DMA1_Stream4_IRQHandler
                0x0800a680                I2C1_ER_IRQHandler
                0x0800a680                DMA2_Stream6_IRQHandler
                0x0800a680                DMA1_Stream3_IRQHandler
 *fill*         0x0800a682        0x2 
 .text.Printf   0x0800a684       0x48 Example/User/Src/PrintUtility.o
                0x0800a684                Printf
 .text.SensorApplicationPowerUp
                0x0800a6cc       0x38 Example/User/Src/SensorApplicationMain.o
                0x0800a6cc                SensorApplicationPowerUp
 .text.SensorApplicationInit
                0x0800a704       0x10 Example/User/Src/SensorApplicationMain.o
                0x0800a704                SensorApplicationInit
 .text.MainSensorApp
                0x0800a714       0x1c Example/User/Src/SensorApplicationMain.o
 .text.SensorFusionPowerUp
                0x0800a730       0x5c Example/User/Src/SensorFusionMain.o
                0x0800a730                SensorFusionPowerUp
 .text.SensorFusionInit
                0x0800a78c       0x18 Example/User/Src/SensorFusionMain.o
                0x0800a78c                SensorFusionInit
 .text.SensorFusionGetQuaternionData
                0x0800a7a4       0x40 Example/User/Src/SensorFusionMain.o
                0x0800a7a4                SensorFusionGetQuaternionData
 .text.SensorFusionAddGyroData
                0x0800a7e4       0x1c Example/User/Src/SensorFusionMain.o
                0x0800a7e4                SensorFusionAddGyroData
 .text.SensorFusionAddAccelData
                0x0800a800       0x1c Example/User/Src/SensorFusionMain.o
                0x0800a800                SensorFusionAddAccelData
 .text.SensorFusionAddCompassData
                0x0800a81c       0x1c Example/User/Src/SensorFusionMain.o
                0x0800a81c                SensorFusionAddCompassData
 .text.AddData  0x0800a838       0x54 Example/User/Src/SensorFusionMain.o
 .text.MainSensorFusion
                0x0800a88c       0x10 Example/User/Src/SensorFusionMain.o
 .text.ProcessDataQueue
                0x0800a89c       0x94 Example/User/Src/SensorFusionMain.o
 .text.SensorReaderPowerUp
                0x0800a930       0x3c Example/User/Src/SensorReaderMain.o
                0x0800a930                SensorReaderPowerUp
 .text.SensorReaderInit
                0x0800a96c        0xc Example/User/Src/SensorReaderMain.o
                0x0800a96c                SensorReaderInit
 .text.MainSensorReader
                0x0800a978       0x6c Example/User/Src/SensorReaderMain.o
 .text.initializeAllSensors
                0x0800a9e4       0x2c Example/User/Src/SensorReaderMain.o
 .text.enableAllSensors
                0x0800aa10       0x34 Example/User/Src/SensorReaderMain.o
 .text.Accelero_Sensor_Handler
                0x0800aa44       0x9c Example/User/Src/SensorReaderMain.o
 .text.Gyro_Sensor_Handler
                0x0800aae0       0x9c Example/User/Src/SensorReaderMain.o
 .text.Magneto_Sensor_Handler
                0x0800ab7c       0x80 Example/User/Src/SensorReaderMain.o
 .text.UartPowerUp
                0x0800abfc       0x10 Example/User/Src/UartInterface.o
                0x0800abfc                UartPowerUp
 .text.UartInit
                0x0800ac0c       0x10 Example/User/Src/UartInterface.o
                0x0800ac0c                UartInit
 .text.UartWriteData
                0x0800ac1c       0x34 Example/User/Src/UartInterface.o
                0x0800ac1c                UartWriteData
 .text.USARTConfig
                0x0800ac50       0xf8 Example/User/Src/com.o
                0x0800ac50                USARTConfig
 .text.SystemClock_Config
                0x0800ad48       0xa4 Example/User/Src/cube_hal_f4.o
                0x0800ad48                SystemClock_Config
 .text.main     0x0800adec       0x40 Example/User/Src/main.o
                0x0800adec                main
 .text.RTC_Config
                0x0800ae2c       0x4c Example/User/Src/main.o
 .text.RTC_TimeStampConfig
                0x0800ae78       0x68 Example/User/Src/main.o
 .text.HAL_GPIO_EXTI_Callback
                0x0800aee0       0x18 Example/User/Src/main.o
                0x0800aee0                HAL_GPIO_EXTI_Callback
 .text.Error_Handler
                0x0800aef8        0x8 Example/User/Src/main.o
                0x0800aef8                Error_Handler
 .text.HAL_MspInit
                0x0800af00       0x4c Example/User/Src/stm32f4xx_hal_msp.o
                0x0800af00                HAL_MspInit
 .text.HAL_RTC_MspInit
                0x0800af4c       0x6c Example/User/Src/stm32f4xx_hal_msp.o
                0x0800af4c                HAL_RTC_MspInit
 .text.HAL_InitTick
                0x0800afb8       0xb0 Example/User/Src/stm32f4xx_hal_timebase_TIM.o
                0x0800afb8                HAL_InitTick
 .text.HAL_TIM_PeriodElapsedCallback
                0x0800b068       0x14 Example/User/Src/stm32f4xx_hal_timebase_TIM.o
                0x0800b068                HAL_TIM_PeriodElapsedCallback
 .text.NMI_Handler
                0x0800b07c       0x10 Example/User/Src/stm32f4xx_it.o
                0x0800b07c                NMI_Handler
 .text.HardFault_Handler
                0x0800b08c        0x8 Example/User/Src/stm32f4xx_it.o
                0x0800b08c                HardFault_Handler
 .text.DebugMon_Handler
                0x0800b094       0x10 Example/User/Src/stm32f4xx_it.o
                0x0800b094                DebugMon_Handler
 .text.SysTick_Handler
                0x0800b0a4       0x10 Example/User/Src/stm32f4xx_it.o
                0x0800b0a4                SysTick_Handler
 .text.EXTI15_10_IRQHandler
                0x0800b0b4       0x10 Example/User/Src/stm32f4xx_it.o
                0x0800b0b4                EXTI15_10_IRQHandler
 .text.TIM1_UP_TIM10_IRQHandler
                0x0800b0c4       0x14 Example/User/Src/stm32f4xx_it.o
                0x0800b0c4                TIM1_UP_TIM10_IRQHandler
 .text.osKernelStart
                0x0800b0d8       0x10 Middlewares/Third_Party/FreeRTOS/Source/CMSIS_RTOS/cmsis_os.o
                0x0800b0d8                osKernelStart
 .text.osDelay  0x0800b0e8       0x28 Middlewares/Third_Party/FreeRTOS/Source/CMSIS_RTOS/cmsis_os.o
                0x0800b0e8                osDelay
 .text.osSystickHandler
                0x0800b110       0x18 Middlewares/Third_Party/FreeRTOS/Source/CMSIS_RTOS/cmsis_os.o
                0x0800b110                osSystickHandler
 .text.vListInitialise
                0x0800b128       0x40 Middlewares/Third_Party/FreeRTOS/Source/list.o
                0x0800b128                vListInitialise
 .text.vListInitialiseItem
                0x0800b168       0x1c Middlewares/Third_Party/FreeRTOS/Source/list.o
                0x0800b168                vListInitialiseItem
 .text.vListInsertEnd
                0x0800b184       0x48 Middlewares/Third_Party/FreeRTOS/Source/list.o
                0x0800b184                vListInsertEnd
 .text.vListInsert
                0x0800b1cc       0x74 Middlewares/Third_Party/FreeRTOS/Source/list.o
                0x0800b1cc                vListInsert
 .text.uxListRemove
                0x0800b240       0x54 Middlewares/Third_Party/FreeRTOS/Source/list.o
                0x0800b240                uxListRemove
 .text.xQueueGenericReset
                0x0800b294       0xd0 Middlewares/Third_Party/FreeRTOS/Source/queue.o
                0x0800b294                xQueueGenericReset
 .text.xQueueGenericCreate
                0x0800b364       0xb8 Middlewares/Third_Party/FreeRTOS/Source/queue.o
                0x0800b364                xQueueGenericCreate
 .text.xQueueCreateMutex
                0x0800b41c       0xa0 Middlewares/Third_Party/FreeRTOS/Source/queue.o
                0x0800b41c                xQueueCreateMutex
 .text.xQueueGenericSend
                0x0800b4bc      0x1e8 Middlewares/Third_Party/FreeRTOS/Source/queue.o
                0x0800b4bc                xQueueGenericSend
 .text.xQueueGenericReceive
                0x0800b6a4      0x208 Middlewares/Third_Party/FreeRTOS/Source/queue.o
                0x0800b6a4                xQueueGenericReceive
 .text.prvCopyDataToQueue
                0x0800b8ac       0xd8 Middlewares/Third_Party/FreeRTOS/Source/queue.o
 .text.prvCopyDataFromQueue
                0x0800b984       0x4c Middlewares/Third_Party/FreeRTOS/Source/queue.o
 .text.prvUnlockQueue
                0x0800b9d0       0x98 Middlewares/Third_Party/FreeRTOS/Source/queue.o
 .text.prvIsQueueEmpty
                0x0800ba68       0x2c Middlewares/Third_Party/FreeRTOS/Source/queue.o
 .text.prvIsQueueFull
                0x0800ba94       0x30 Middlewares/Third_Party/FreeRTOS/Source/queue.o
 .text.xTaskGenericCreate
                0x0800bac4      0x1a0 Middlewares/Third_Party/FreeRTOS/Source/tasks.o
                0x0800bac4                xTaskGenericCreate
 .text.vTaskDelay
                0x0800bc64       0xa4 Middlewares/Third_Party/FreeRTOS/Source/tasks.o
                0x0800bc64                vTaskDelay
 .text.vTaskStartScheduler
                0x0800bd08       0x80 Middlewares/Third_Party/FreeRTOS/Source/tasks.o
                0x0800bd08                vTaskStartScheduler
 .text.vTaskSuspendAll
                0x0800bd88       0x1c Middlewares/Third_Party/FreeRTOS/Source/tasks.o
                0x0800bd88                vTaskSuspendAll
 .text.xTaskResumeAll
                0x0800bda4      0x128 Middlewares/Third_Party/FreeRTOS/Source/tasks.o
                0x0800bda4                xTaskResumeAll
 .text.xTaskGetTickCount
                0x0800becc       0x20 Middlewares/Third_Party/FreeRTOS/Source/tasks.o
                0x0800becc                xTaskGetTickCount
 .text.xTaskIncrementTick
                0x0800beec      0x17c Middlewares/Third_Party/FreeRTOS/Source/tasks.o
                0x0800beec                xTaskIncrementTick
 .text.vTaskSwitchContext
                0x0800c068       0xb4 Middlewares/Third_Party/FreeRTOS/Source/tasks.o
                0x0800c068                vTaskSwitchContext
 .text.vTaskPlaceOnEventList
                0x0800c11c       0x9c Middlewares/Third_Party/FreeRTOS/Source/tasks.o
                0x0800c11c                vTaskPlaceOnEventList
 .text.xTaskRemoveFromEventList
                0x0800c1b8       0xc4 Middlewares/Third_Party/FreeRTOS/Source/tasks.o
                0x0800c1b8                xTaskRemoveFromEventList
 .text.vTaskSetTimeOutState
                0x0800c27c       0x48 Middlewares/Third_Party/FreeRTOS/Source/tasks.o
                0x0800c27c                vTaskSetTimeOutState
 .text.xTaskCheckForTimeOut
                0x0800c2c4       0xbc Middlewares/Third_Party/FreeRTOS/Source/tasks.o
                0x0800c2c4                xTaskCheckForTimeOut
 .text.vTaskMissedYield
                0x0800c380       0x18 Middlewares/Third_Party/FreeRTOS/Source/tasks.o
                0x0800c380                vTaskMissedYield
 .text.prvIdleTask
                0x0800c398       0x30 Middlewares/Third_Party/FreeRTOS/Source/tasks.o
 .text.prvInitialiseTCBVariables
                0x0800c3c8       0xa8 Middlewares/Third_Party/FreeRTOS/Source/tasks.o
 .text.prvInitialiseTaskLists
                0x0800c470       0x80 Middlewares/Third_Party/FreeRTOS/Source/tasks.o
 .text.prvCheckTasksWaitingTermination
                0x0800c4f0       0x78 Middlewares/Third_Party/FreeRTOS/Source/tasks.o
 .text.prvAddCurrentTaskToDelayedList
                0x0800c568       0x6c Middlewares/Third_Party/FreeRTOS/Source/tasks.o
 .text.prvAllocateTCBAndStack
                0x0800c5d4       0x6c Middlewares/Third_Party/FreeRTOS/Source/tasks.o
 .text.prvDeleteTCB
                0x0800c640       0x20 Middlewares/Third_Party/FreeRTOS/Source/tasks.o
 .text.prvResetNextTaskUnblockTime
                0x0800c660       0x4c Middlewares/Third_Party/FreeRTOS/Source/tasks.o
 .text.xTaskGetSchedulerState
                0x0800c6ac       0x3c Middlewares/Third_Party/FreeRTOS/Source/tasks.o
                0x0800c6ac                xTaskGetSchedulerState
 .text.vTaskPriorityInherit
                0x0800c6e8       0xec Middlewares/Third_Party/FreeRTOS/Source/tasks.o
                0x0800c6e8                vTaskPriorityInherit
 .text.xTaskPriorityDisinherit
                0x0800c7d4      0x108 Middlewares/Third_Party/FreeRTOS/Source/tasks.o
                0x0800c7d4                xTaskPriorityDisinherit
 .text.pvTaskIncrementMutexHeldCount
                0x0800c8dc       0x28 Middlewares/Third_Party/FreeRTOS/Source/tasks.o
                0x0800c8dc                pvTaskIncrementMutexHeldCount
 .text.pxPortInitialiseStack
                0x0800c904       0x64 Middlewares/Third_Party/FreeRTOS/Source/portable/GCC/ARM_CM4F/port.o
                0x0800c904                pxPortInitialiseStack
 .text.prvTaskExitError
                0x0800c968       0x3c Middlewares/Third_Party/FreeRTOS/Source/portable/GCC/ARM_CM4F/port.o
 .text.SVC_Handler
                0x0800c9a4       0x24 Middlewares/Third_Party/FreeRTOS/Source/portable/GCC/ARM_CM4F/port.o
                0x0800c9a4                SVC_Handler
 .text.prvPortStartFirstTask
                0x0800c9c8       0x20 Middlewares/Third_Party/FreeRTOS/Source/portable/GCC/ARM_CM4F/port.o
 .text.xPortStartScheduler
                0x0800c9e8      0x118 Middlewares/Third_Party/FreeRTOS/Source/portable/GCC/ARM_CM4F/port.o
                0x0800c9e8                xPortStartScheduler
 .text.vPortEnterCritical
                0x0800cb00       0x5c Middlewares/Third_Party/FreeRTOS/Source/portable/GCC/ARM_CM4F/port.o
                0x0800cb00                vPortEnterCritical
 .text.vPortExitCritical
                0x0800cb5c       0x50 Middlewares/Third_Party/FreeRTOS/Source/portable/GCC/ARM_CM4F/port.o
                0x0800cb5c                vPortExitCritical
 .text.PendSV_Handler
                0x0800cbac       0x64 Middlewares/Third_Party/FreeRTOS/Source/portable/GCC/ARM_CM4F/port.o
                0x0800cbac                PendSV_Handler
 .text.xPortSysTickHandler
                0x0800cc10       0x48 Middlewares/Third_Party/FreeRTOS/Source/portable/GCC/ARM_CM4F/port.o
                0x0800cc10                xPortSysTickHandler
 .text.vPortSetupTimerInterrupt
                0x0800cc58       0x38 Middlewares/Third_Party/FreeRTOS/Source/portable/GCC/ARM_CM4F/port.o
                0x0800cc58                vPortSetupTimerInterrupt
 .text.vPortEnableVFP
                0x0800cc90       0x14 Middlewares/Third_Party/FreeRTOS/Source/portable/GCC/ARM_CM4F/port.o
 .text.pvPortMalloc
                0x0800cca4      0x184 Middlewares/Third_Party/FreeRTOS/Source/portable/MemMang/heap_4.o
                0x0800cca4                pvPortMalloc
 .text.vPortFree
                0x0800ce28       0xb0 Middlewares/Third_Party/FreeRTOS/Source/portable/MemMang/heap_4.o
                0x0800ce28                vPortFree
 .text.prvHeapInit
                0x0800ced8       0xc4 Middlewares/Third_Party/FreeRTOS/Source/portable/MemMang/heap_4.o
 .text.prvInsertBlockIntoFreeList
                0x0800cf9c       0xb4 Middlewares/Third_Party/FreeRTOS/Source/portable/MemMang/heap_4.o
 .text.__fpclassifyd
                0x0800d050       0x5c c:/ac6/systemworkbench/plugins/fr.ac6.mcu.externaltools.arm-none.win32_1.7.0.201602121829/tools/compiler/bin/../lib/gcc/arm-none-eabi/5.2.1/../../../../arm-none-eabi/lib/armv7e-m/fpu\libm.a(lib_a-s_fpclassify.o)
                0x0800d050                __fpclassifyd
 .text.__libc_init_array
                0x0800d0ac       0x4c c:/ac6/systemworkbench/plugins/fr.ac6.mcu.externaltools.arm-none.win32_1.7.0.201602121829/tools/compiler/bin/../lib/gcc/arm-none-eabi/5.2.1/../../../../arm-none-eabi/lib/armv7e-m/fpu\libc_nano.a(lib_a-init.o)
                0x0800d0ac                __libc_init_array
 .text.memcpy   0x0800d0f8       0x16 c:/ac6/systemworkbench/plugins/fr.ac6.mcu.externaltools.arm-none.win32_1.7.0.201602121829/tools/compiler/bin/../lib/gcc/arm-none-eabi/5.2.1/../../../../arm-none-eabi/lib/armv7e-m/fpu\libc_nano.a(lib_a-memcpy-stub.o)
                0x0800d0f8                memcpy
 .text.memset   0x0800d10e       0x10 c:/ac6/systemworkbench/plugins/fr.ac6.mcu.externaltools.arm-none.win32_1.7.0.201602121829/tools/compiler/bin/../lib/gcc/arm-none-eabi/5.2.1/../../../../arm-none-eabi/lib/armv7e-m/fpu\libc_nano.a(lib_a-memset.o)
                0x0800d10e                memset
 .text.__cvt    0x0800d11e       0xc8 c:/ac6/systemworkbench/plugins/fr.ac6.mcu.externaltools.arm-none.win32_1.7.0.201602121829/tools/compiler/bin/../lib/gcc/arm-none-eabi/5.2.1/../../../../arm-none-eabi/lib/armv7e-m/fpu\libc_nano.a(lib_a-nano-vfprintf_float.o)
                0x0800d11e                __cvt
 .text.__exponent
                0x0800d1e6       0x60 c:/ac6/systemworkbench/plugins/fr.ac6.mcu.externaltools.arm-none.win32_1.7.0.201602121829/tools/compiler/bin/../lib/gcc/arm-none-eabi/5.2.1/../../../../arm-none-eabi/lib/armv7e-m/fpu\libc_nano.a(lib_a-nano-vfprintf_float.o)
                0x0800d1e6                __exponent
 *fill*         0x0800d246        0x2 
 .text._printf_float
                0x0800d248      0x454 c:/ac6/systemworkbench/plugins/fr.ac6.mcu.externaltools.arm-none.win32_1.7.0.201602121829/tools/compiler/bin/../lib/gcc/arm-none-eabi/5.2.1/../../../../arm-none-eabi/lib/armv7e-m/fpu\libc_nano.a(lib_a-nano-vfprintf_float.o)
                0x0800d248                _printf_float
 .text._printf_common
                0x0800d69c       0xec c:/ac6/systemworkbench/plugins/fr.ac6.mcu.externaltools.arm-none.win32_1.7.0.201602121829/tools/compiler/bin/../lib/gcc/arm-none-eabi/5.2.1/../../../../arm-none-eabi/lib/armv7e-m/fpu\libc_nano.a(lib_a-nano-vfprintf_i.o)
                0x0800d69c                _printf_common
 .text._printf_i
                0x0800d788      0x24c c:/ac6/systemworkbench/plugins/fr.ac6.mcu.externaltools.arm-none.win32_1.7.0.201602121829/tools/compiler/bin/../lib/gcc/arm-none-eabi/5.2.1/../../../../arm-none-eabi/lib/armv7e-m/fpu\libc_nano.a(lib_a-nano-vfprintf_i.o)
                0x0800d788                _printf_i
 .text._vsnprintf_r
                0x0800d9d4       0x56 c:/ac6/systemworkbench/plugins/fr.ac6.mcu.externaltools.arm-none.win32_1.7.0.201602121829/tools/compiler/bin/../lib/gcc/arm-none-eabi/5.2.1/../../../../arm-none-eabi/lib/armv7e-m/fpu\libc_nano.a(lib_a-vsnprintf.o)
                0x0800d9d4                _vsniprintf_r
                0x0800d9d4                _vsnprintf_r
 *fill*         0x0800da2a        0x2 
 .text.vsnprintf
                0x0800da2c       0x1c c:/ac6/systemworkbench/plugins/fr.ac6.mcu.externaltools.arm-none.win32_1.7.0.201602121829/tools/compiler/bin/../lib/gcc/arm-none-eabi/5.2.1/../../../../arm-none-eabi/lib/armv7e-m/fpu\libc_nano.a(lib_a-vsnprintf.o)
                0x0800da2c                vsniprintf
                0x0800da2c                vsnprintf
 .text.quorem   0x0800da48      0x11e c:/ac6/systemworkbench/plugins/fr.ac6.mcu.externaltools.arm-none.win32_1.7.0.201602121829/tools/compiler/bin/../lib/gcc/arm-none-eabi/5.2.1/../../../../arm-none-eabi/lib/armv7e-m/fpu\libc_nano.a(lib_a-dtoa.o)
 *fill*         0x0800db66        0x2 
 .text._dtoa_r  0x0800db68      0xb40 c:/ac6/systemworkbench/plugins/fr.ac6.mcu.externaltools.arm-none.win32_1.7.0.201602121829/tools/compiler/bin/../lib/gcc/arm-none-eabi/5.2.1/../../../../arm-none-eabi/lib/armv7e-m/fpu\libc_nano.a(lib_a-dtoa.o)
                0x0800db68                _dtoa_r
 .text._localeconv_r
                0x0800e6a8        0x8 c:/ac6/systemworkbench/plugins/fr.ac6.mcu.externaltools.arm-none.win32_1.7.0.201602121829/tools/compiler/bin/../lib/gcc/arm-none-eabi/5.2.1/../../../../arm-none-eabi/lib/armv7e-m/fpu\libc_nano.a(lib_a-locale.o)
                0x0800e6a8                _localeconv_r
 .text.malloc   0x0800e6b0       0x10 c:/ac6/systemworkbench/plugins/fr.ac6.mcu.externaltools.arm-none.win32_1.7.0.201602121829/tools/compiler/bin/../lib/gcc/arm-none-eabi/5.2.1/../../../../arm-none-eabi/lib/armv7e-m/fpu\libc_nano.a(lib_a-malloc.o)
                0x0800e6b0                malloc
 .text._Balloc  0x0800e6c0       0x6a c:/ac6/systemworkbench/plugins/fr.ac6.mcu.externaltools.arm-none.win32_1.7.0.201602121829/tools/compiler/bin/../lib/gcc/arm-none-eabi/5.2.1/../../../../arm-none-eabi/lib/armv7e-m/fpu\libc_nano.a(lib_a-mprec.o)
                0x0800e6c0                _Balloc
 .text._Bfree   0x0800e72a       0x2e c:/ac6/systemworkbench/plugins/fr.ac6.mcu.externaltools.arm-none.win32_1.7.0.201602121829/tools/compiler/bin/../lib/gcc/arm-none-eabi/5.2.1/../../../../arm-none-eabi/lib/armv7e-m/fpu\libc_nano.a(lib_a-mprec.o)
                0x0800e72a                _Bfree
 .text.__multadd
                0x0800e758       0x76 c:/ac6/systemworkbench/plugins/fr.ac6.mcu.externaltools.arm-none.win32_1.7.0.201602121829/tools/compiler/bin/../lib/gcc/arm-none-eabi/5.2.1/../../../../arm-none-eabi/lib/armv7e-m/fpu\libc_nano.a(lib_a-mprec.o)
                0x0800e758                __multadd
 .text.__hi0bits
                0x0800e7ce       0x40 c:/ac6/systemworkbench/plugins/fr.ac6.mcu.externaltools.arm-none.win32_1.7.0.201602121829/tools/compiler/bin/../lib/gcc/arm-none-eabi/5.2.1/../../../../arm-none-eabi/lib/armv7e-m/fpu\libc_nano.a(lib_a-mprec.o)
                0x0800e7ce                __hi0bits
 .text.__lo0bits
                0x0800e80e       0x5a c:/ac6/systemworkbench/plugins/fr.ac6.mcu.externaltools.arm-none.win32_1.7.0.201602121829/tools/compiler/bin/../lib/gcc/arm-none-eabi/5.2.1/../../../../arm-none-eabi/lib/armv7e-m/fpu\libc_nano.a(lib_a-mprec.o)
                0x0800e80e                __lo0bits
 .text.__i2b    0x0800e868       0x12 c:/ac6/systemworkbench/plugins/fr.ac6.mcu.externaltools.arm-none.win32_1.7.0.201602121829/tools/compiler/bin/../lib/gcc/arm-none-eabi/5.2.1/../../../../arm-none-eabi/lib/armv7e-m/fpu\libc_nano.a(lib_a-mprec.o)
                0x0800e868                __i2b
 .text.__multiply
                0x0800e87a      0x122 c:/ac6/systemworkbench/plugins/fr.ac6.mcu.externaltools.arm-none.win32_1.7.0.201602121829/tools/compiler/bin/../lib/gcc/arm-none-eabi/5.2.1/../../../../arm-none-eabi/lib/armv7e-m/fpu\libc_nano.a(lib_a-mprec.o)
                0x0800e87a                __multiply
 .text.__pow5mult
                0x0800e99c       0x9c c:/ac6/systemworkbench/plugins/fr.ac6.mcu.externaltools.arm-none.win32_1.7.0.201602121829/tools/compiler/bin/../lib/gcc/arm-none-eabi/5.2.1/../../../../arm-none-eabi/lib/armv7e-m/fpu\libc_nano.a(lib_a-mprec.o)
                0x0800e99c                __pow5mult
 .text.__lshift
                0x0800ea38       0xa2 c:/ac6/systemworkbench/plugins/fr.ac6.mcu.externaltools.arm-none.win32_1.7.0.201602121829/tools/compiler/bin/../lib/gcc/arm-none-eabi/5.2.1/../../../../arm-none-eabi/lib/armv7e-m/fpu\libc_nano.a(lib_a-mprec.o)
                0x0800ea38                __lshift
 .text.__mcmp   0x0800eada       0x38 c:/ac6/systemworkbench/plugins/fr.ac6.mcu.externaltools.arm-none.win32_1.7.0.201602121829/tools/compiler/bin/../lib/gcc/arm-none-eabi/5.2.1/../../../../arm-none-eabi/lib/armv7e-m/fpu\libc_nano.a(lib_a-mprec.o)
                0x0800eada                __mcmp
 .text.__mdiff  0x0800eb12       0xbe c:/ac6/systemworkbench/plugins/fr.ac6.mcu.externaltools.arm-none.win32_1.7.0.201602121829/tools/compiler/bin/../lib/gcc/arm-none-eabi/5.2.1/../../../../arm-none-eabi/lib/armv7e-m/fpu\libc_nano.a(lib_a-mprec.o)
                0x0800eb12                __mdiff
 .text.__d2b    0x0800ebd0       0x9c c:/ac6/systemworkbench/plugins/fr.ac6.mcu.externaltools.arm-none.win32_1.7.0.201602121829/tools/compiler/bin/../lib/gcc/arm-none-eabi/5.2.1/../../../../arm-none-eabi/lib/armv7e-m/fpu\libc_nano.a(lib_a-mprec.o)
                0x0800ebd0                __d2b
 .text._calloc_r
                0x0800ec6c       0x1c c:/ac6/systemworkbench/plugins/fr.ac6.mcu.externaltools.arm-none.win32_1.7.0.201602121829/tools/compiler/bin/../lib/gcc/arm-none-eabi/5.2.1/../../../../arm-none-eabi/lib/armv7e-m/fpu\libc_nano.a(lib_a-nano-callocr.o)
                0x0800ec6c                _calloc_r
 .text._free_r  0x0800ec88       0x8c c:/ac6/systemworkbench/plugins/fr.ac6.mcu.externaltools.arm-none.win32_1.7.0.201602121829/tools/compiler/bin/../lib/gcc/arm-none-eabi/5.2.1/../../../../arm-none-eabi/lib/armv7e-m/fpu\libc_nano.a(lib_a-nano-freer.o)
                0x0800ec88                _free_r
 .text._malloc_r
                0x0800ed14       0xa8 c:/ac6/systemworkbench/plugins/fr.ac6.mcu.externaltools.arm-none.win32_1.7.0.201602121829/tools/compiler/bin/../lib/gcc/arm-none-eabi/5.2.1/../../../../arm-none-eabi/lib/armv7e-m/fpu\libc_nano.a(lib_a-nano-mallocr.o)
                0x0800ed14                _malloc_r
 .text.__ssputs_r
                0x0800edbc       0xb2 c:/ac6/systemworkbench/plugins/fr.ac6.mcu.externaltools.arm-none.win32_1.7.0.201602121829/tools/compiler/bin/../lib/gcc/arm-none-eabi/5.2.1/../../../../arm-none-eabi/lib/armv7e-m/fpu\libc_nano.a(lib_a-nano-svfprintf.o)
                0x0800edbc                __ssputs_r
 *fill*         0x0800ee6e        0x2 
 .text._svfprintf_r
                0x0800ee70      0x1e8 c:/ac6/systemworkbench/plugins/fr.ac6.mcu.externaltools.arm-none.win32_1.7.0.201602121829/tools/compiler/bin/../lib/gcc/arm-none-eabi/5.2.1/../../../../arm-none-eabi/lib/armv7e-m/fpu\libc_nano.a(lib_a-nano-svfprintf.o)
                0x0800ee70                _svfiprintf_r
                0x0800ee70                _svfprintf_r
 .text._sbrk_r  0x0800f058       0x20 c:/ac6/systemworkbench/plugins/fr.ac6.mcu.externaltools.arm-none.win32_1.7.0.201602121829/tools/compiler/bin/../lib/gcc/arm-none-eabi/5.2.1/../../../../arm-none-eabi/lib/armv7e-m/fpu\libc_nano.a(lib_a-sbrkr.o)
                0x0800f058                _sbrk_r
 .text.memmove  0x0800f078       0x36 c:/ac6/systemworkbench/plugins/fr.ac6.mcu.externaltools.arm-none.win32_1.7.0.201602121829/tools/compiler/bin/../lib/gcc/arm-none-eabi/5.2.1/../../../../arm-none-eabi/lib/armv7e-m/fpu\libc_nano.a(lib_a-memmove.o)
                0x0800f078                memmove
 .text._realloc_r
                0x0800f0ae       0x4c c:/ac6/systemworkbench/plugins/fr.ac6.mcu.externaltools.arm-none.win32_1.7.0.201602121829/tools/compiler/bin/../lib/gcc/arm-none-eabi/5.2.1/../../../../arm-none-eabi/lib/armv7e-m/fpu\libc_nano.a(lib_a-nano-reallocr.o)
                0x0800f0ae                _realloc_r
 .text._malloc_usable_size_r
                0x0800f0fa       0x14 c:/ac6/systemworkbench/plugins/fr.ac6.mcu.externaltools.arm-none.win32_1.7.0.201602121829/tools/compiler/bin/../lib/gcc/arm-none-eabi/5.2.1/../../../../arm-none-eabi/lib/armv7e-m/fpu\libc_nano.a(lib_a-nano-msizer.o)
                0x0800f0fa                _malloc_usable_size_r
 *fill*         0x0800f10e        0x2 
 .text._sbrk    0x0800f110       0x1c c:/ac6/systemworkbench/plugins/fr.ac6.mcu.externaltools.arm-none.win32_1.7.0.201602121829/tools/compiler/bin/../lib/gcc/arm-none-eabi/5.2.1/../../../../arm-none-eabi/lib/armv7e-m/fpu\libnosys.a(sbrk.o)
                0x0800f110                _sbrk
 *(.glue_7)
 .glue_7        0x0800f12c        0x0 linker stubs
 *(.glue_7t)
 .glue_7t       0x0800f12c        0x0 linker stubs
 *(.eh_frame)
 .eh_frame      0x0800f12c        0x0 c:/ac6/systemworkbench/plugins/fr.ac6.mcu.externaltools.arm-none.win32_1.7.0.201602121829/tools/compiler/bin/../lib/gcc/arm-none-eabi/5.2.1/armv7e-m/fpu/crtbegin.o
 *(.init)